 test_project

 Timestamp is 6733d0e3 (Wed Nov 13 00:04:19 2024)

 Preferred load address is 0000000180000000

 Start         Length     Name                   Class
 0001:00000000 0000f410H .text$mn                CODE
 0001:0000f410 00001040H .text$mn$00             CODE
 0001:00010450 00001363H .text$x                 CODE
 0002:00000000 00000110H .CRT$XCA                DATA
 0002:00000110 00000110H .CRT$XCZ                DATA
 0002:00000220 00000110H .CRT$XIA                DATA
 0002:00000330 00000110H .CRT$XIZ                DATA
 0002:00000440 00000110H .CRT$XPA                DATA
 0002:00000550 00000110H .CRT$XPZ                DATA
 0002:00000660 00000110H .CRT$XTA                DATA
 0002:00000770 00000110H .CRT$XTZ                DATA
 0002:00000880 00001780H .rdata                  DATA
 0002:00002000 00000200H .rdata$CastGuardVftablesA DATA
 0002:00002200 000001a0H .rdata$CastGuardVftablesC DATA
 0002:000023a0 00000914H .rdata$r                DATA
 0002:00002cb4 0000017cH .rdata$zzzdbg           DATA
 0002:00002e30 00000110H .rtc$IAA                DATA
 0002:00002f40 00000110H .rtc$IZZ                DATA
 0002:00003050 00000110H .rtc$TAA                DATA
 0002:00003160 00000110H .rtc$TZZ                DATA
 0002:00003270 00001318H .xdata                  DATA
 0002:00004588 000002e8H .xdata$x                DATA
 0002:00004870 000004b0H .edata                  DATA
 0003:00000000 000001d8H .data                   DATA
 0003:000001d8 00000230H .data$r                 DATA
 0003:00000408 000002d8H .data$rs                DATA
 0003:000006e0 00000761H .bss                    DATA
 0004:00000000 0000135cH .pdata                  DATA
 0005:00000000 00000670H .idata$5                DATA
 0005:00000670 00000078H .idata$2                DATA
 0005:000006e8 00000018H .idata$3                DATA
 0005:00000700 00000670H .idata$4                DATA
 0005:00000d70 0000122bH .idata$6                DATA
 0006:00000000 00000175H .00cfg                  DATA

  Address         Publics by Value              Rva+Base               Lib:Object

 0000:00000000       __AbsoluteZero             0000000000000000     <absolute>
 0000:00000000       ___safe_se_handler_count   0000000000000000     <absolute>
 0000:00000000       ___safe_se_handler_table   0000000000000000     <absolute>
 0000:00000000       __arm64x_extra_rfe_table   0000000000000000     <absolute>
 0000:00000000       __arm64x_extra_rfe_table_size 0000000000000000     <absolute>
 0000:00000000       __arm64x_native_entrypoint 0000000000000000     <absolute>
 0000:00000000       __arm64x_redirection_metadata 0000000000000000     <absolute>
 0000:00000000       __arm64x_redirection_metadata_count 0000000000000000     <absolute>
 0000:00000000       __dynamic_value_reloc_table 0000000000000000     <absolute>
 0000:00000000       __enclave_config           0000000000000000     <absolute>
 0000:00000000       __guard_check_icall_a64n_fptr 0000000000000000     <absolute>
 0000:00000000       __guard_eh_cont_count      0000000000000000     <absolute>
 0000:00000000       __guard_eh_cont_table      0000000000000000     <absolute>
 0000:00000000       __guard_fids_count         0000000000000000     <absolute>
 0000:00000000       __guard_fids_table         0000000000000000     <absolute>
 0000:00000000       __guard_iat_count          0000000000000000     <absolute>
 0000:00000000       __guard_iat_table          0000000000000000     <absolute>
 0000:00000000       __guard_longjmp_count      0000000000000000     <absolute>
 0000:00000000       __guard_longjmp_table      0000000000000000     <absolute>
 0000:00000000       __hybrid_auxiliary_delayload_iat 0000000000000000     <absolute>
 0000:00000000       __hybrid_auxiliary_delayload_iat_copy 0000000000000000     <absolute>
 0000:00000000       __hybrid_auxiliary_iat     0000000000000000     <absolute>
 0000:00000000       __hybrid_auxiliary_iat_copy 0000000000000000     <absolute>
 0000:00000000       __hybrid_code_map          0000000000000000     <absolute>
 0000:00000000       __hybrid_code_map_count    0000000000000000     <absolute>
 0000:00000000       __hybrid_image_info_bitfield 0000000000000000     <absolute>
 0000:00000000       __volatile_metadata        0000000000000000     <absolute>
 0000:00000000       __x64_code_ranges_to_entry_points 0000000000000000     <absolute>
 0000:00000000       __x64_code_ranges_to_entry_points_count 0000000000000000     <absolute>
 0000:00000100       __guard_flags              0000000000000100     <absolute>
 0000:00000000       __ImageBase                0000000180000000     <linker-defined>
 0001:00001100       ??0ManagerEntity@@QEAA@V?$basic_string@DU?$char_traits@D@std@@V?$allocator@D@2@@std@@@Z 0000000180002100 f   manager_entity.obj
 0001:00001170       ??1ManagerEntity@@UEAA@XZ  0000000180002170 f   manager_entity.obj
 0001:000011a0       ?Start@ManagerEntity@@UEAAXXZ 00000001800021a0 f   manager_entity.obj
 0001:000011b0       ?Update@ManagerEntity@@UEAAXM@Z 00000001800021b0 f   manager_entity.obj
 0001:000011f0       ??$?0D@?$allocator@U_Container_proxy@std@@@std@@QEAA@AEBV?$allocator@D@1@@Z 00000001800021f0 f i manager_entity.obj
 0001:00001210       ??$?0V?$allocator@D@std@@$$V@?$_Compressed_pair@V?$allocator@D@std@@V?$_String_val@U?$_Simple_types@D@std@@@2@$00@std@@QEAA@U_One_then_variadic_args_t@1@$$QEAV?$allocator@D@1@@Z 0000000180002210 f i manager_entity.obj
 0001:00001260       ??$_Allocate@$0BA@U_Default_allocate_traits@std@@@std@@YAPEAX_K@Z 0000000180002260 f i manager_entity.obj
 0001:000012b0       ??$_Allocate_at_least_helper@V?$allocator@D@std@@@std@@YAPEADAEAV?$allocator@D@0@AEA_K@Z 00000001800022b0 f i manager_entity.obj
 0001:000012e0       ??$_Allocate_for_capacity@$0A@@?$basic_string@DU?$char_traits@D@std@@V?$allocator@D@2@@std@@CAPEADAEAV?$allocator@D@1@AEA_K@Z 00000001800022e0 f i manager_entity.obj
 0001:00001350       ??$_Allocate_manually_vector_aligned@U_Default_allocate_traits@std@@@std@@YAPEAX_K@Z 0000000180002350 f i manager_entity.obj
 0001:000014a0       ??$_Construct@$01PEBD@?$basic_string@DU?$char_traits@D@std@@V?$allocator@D@2@@std@@AEAAXQEBD_K@Z 00000001800024a0 f i manager_entity.obj
 0001:000016b0       ??$_Construct_in_place@PEADAEBQEAD@std@@YAXAEAPEADAEBQEAD@Z 00000001800026b0 f i manager_entity.obj
 0001:00001710       ??$_Construct_in_place@U_Container_proxy@std@@PEAU_Container_base12@2@@std@@YAXAEAU_Container_proxy@0@$$QEAPEAU_Container_base12@0@@Z 0000000180002710 f i manager_entity.obj
 0001:00001780       ??$_Deallocate@$0BA@@std@@YAXPEAX_K@Z 0000000180002780 f i manager_entity.obj
 0001:000017d0       ??$_Deallocate_plain@V?$allocator@U_Container_proxy@std@@@std@@@std@@YAXAEAV?$allocator@U_Container_proxy@std@@@0@QEAU_Container_proxy@0@@Z 00000001800027d0 f i manager_entity.obj
 0001:00001810       ??$_Delete_plain_internal@V?$allocator@U_Container_proxy@std@@@std@@@std@@YAXAEAV?$allocator@U_Container_proxy@std@@@0@QEAU_Container_proxy@0@@Z 0000000180002810 f i manager_entity.obj
 0001:00001840       ??$_Destroy_in_place@PEAD@std@@YAXAEAPEAD@Z 0000000180002840 f i manager_entity.obj
 0001:00001850       ??$_Get_size_of_n@$00@std@@YA_K_K@Z 0000000180002850 f i manager_entity.obj
 0001:00001870       ??$_Get_size_of_n@$0BA@@std@@YA_K_K@Z 0000000180002870 f i manager_entity.obj
 0001:000018c0       ??$_Getvals@_W@?$time_get@DV?$istreambuf_iterator@DU?$char_traits@D@std@@@std@@@std@@IEAAX_WAEBV_Locinfo@1@@Z 00000001800028c0 f i manager_entity.obj
 0001:00001a90       ??$_Getvals@_W@?$time_get@_WV?$istreambuf_iterator@_WU?$char_traits@_W@std@@@std@@@std@@IEAAX_WAEBV_Locinfo@1@@Z 0000000180002a90 f i manager_entity.obj
 0001:00001c60       ??$_Maklocstr@D@std@@YAPEADPEBDPEADAEBU_Cvtvec@@@Z 0000000180002c60 f i manager_entity.obj
 0001:00001d40       ??$_Maklocstr@_W@std@@YAPEA_WPEBDPEA_WAEBU_Cvtvec@@@Z 0000000180002d40 f i manager_entity.obj
 0001:00001fa0       ??$_Unfancy@D@std@@YAPEADPEAD@Z 0000000180002fa0 f i manager_entity.obj
 0001:00001fb0       ??$_Unfancy@U_Container_proxy@std@@@std@@YAPEAU_Container_proxy@0@PEAU10@@Z 0000000180002fb0 f i manager_entity.obj
 0001:00001fc0       ??$addressof@PEAD@std@@YAPEAPEADAEAPEAD@Z 0000000180002fc0 f i manager_entity.obj
 0001:00001fd0       ??$addressof@U_Container_base12@std@@@std@@YAPEAU_Container_base12@0@AEAU10@@Z 0000000180002fd0 f i manager_entity.obj
 0001:00001fe0       ??$addressof@U_Container_proxy@std@@@std@@YAPEAU_Container_proxy@0@AEAU10@@Z 0000000180002fe0 f i manager_entity.obj
 0001:00001ff0       ??$exchange@PEAU_Iterator_base12@std@@$$T@std@@YAPEAU_Iterator_base12@0@AEAPEAU10@$$QEA$$T@Z 0000000180002ff0 f i manager_entity.obj
 0001:00002030       ??$forward@AEBQEAD@std@@YAAEBQEADAEBQEAD@Z 0000000180003030 f i manager_entity.obj
 0001:00002040       ??$forward@PEAU_Container_base12@std@@@std@@YA$$QEAPEAU_Container_base12@0@AEAPEAU10@@Z 0000000180003040 f i manager_entity.obj
 0001:00002050       ??$forward@V?$allocator@D@std@@@std@@YA$$QEAV?$allocator@D@0@AEAV10@@Z 0000000180003050 f i manager_entity.obj
 0001:00002060       ??$max@_K@std@@YAAEB_KAEB_K0@Z 0000000180003060 f i manager_entity.obj
 0001:000020c0       ??$min@_K@std@@YAAEB_KAEB_K0@Z 00000001800030c0 f i manager_entity.obj
 0001:00002120       ??0?$_Container_proxy_ptr12@V?$allocator@U_Container_proxy@std@@@std@@@std@@QEAA@AEAV?$allocator@U_Container_proxy@std@@@1@AEAU_Container_base12@1@@Z 0000000180003120 f i manager_entity.obj
 0001:000021d0       ??0?$_String_val@U?$_Simple_types@D@std@@@std@@QEAA@XZ 00000001800031d0 f i manager_entity.obj
 0001:00002230       ??0?$basic_string@DU?$char_traits@D@std@@V?$allocator@D@2@@std@@QEAA@AEBV01@@Z 0000000180003230 f i manager_entity.obj
 0001:000022f0       ??0ManagerEntity@@QEAA@AEBV0@@Z 00000001800032f0 f i manager_entity.obj
 0001:00002340       ??0_Basic_container_proxy_ptr12@std@@IEAA@XZ 0000000180003340 f i manager_entity.obj
 0001:00002360       ??0_Bxty@?$_String_val@U?$_Simple_types@D@std@@@std@@QEAA@XZ 0000000180003360 f i manager_entity.obj
 0001:00002390       ??0_Container_base12@std@@QEAA@XZ 0000000180003390 f i manager_entity.obj
 0001:000023b0       ??0_Container_proxy@std@@QEAA@PEAU_Container_base12@1@@Z 00000001800033b0 f i manager_entity.obj
 0001:000023f0       ??0bad_alloc@std@@AEAA@QEBD@Z 00000001800033f0 f i manager_entity.obj
 0001:00002440       ??0bad_alloc@std@@QEAA@AEBV01@@Z 0000000180003440 f i manager_entity.obj
 0001:00002490       ??0bad_array_new_length@std@@QEAA@AEBV01@@Z 0000000180003490 f i manager_entity.obj
 0001:000024e0       ??0bad_array_new_length@std@@QEAA@XZ 00000001800034e0 f i manager_entity.obj
 0001:00002520       ??0exception@std@@QEAA@AEBV01@@Z 0000000180003520 f i manager_entity.obj
 0001:00002590       ??0exception@std@@QEAA@QEBDH@Z 0000000180003590 f i manager_entity.obj
 0001:000025f0       ??1?$_Compressed_pair@V?$allocator@D@std@@V?$_String_val@U?$_Simple_types@D@std@@@2@$00@std@@QEAA@XZ 00000001800035f0 f i manager_entity.obj
 0001:00002620       ??1?$_Container_proxy_ptr12@V?$allocator@U_Container_proxy@std@@@std@@@std@@QEAA@XZ 0000000180003620 f i manager_entity.obj
 0001:00002660       ??1?$_String_val@U?$_Simple_types@D@std@@@std@@QEAA@XZ 0000000180003660 f i manager_entity.obj
 0001:00002690       ??1?$basic_string@DU?$char_traits@D@std@@V?$allocator@D@2@@std@@QEAA@XZ 0000000180003690 f i manager_entity.obj
 0001:00002720       ??1_Bxty@?$_String_val@U?$_Simple_types@D@std@@@std@@QEAA@XZ 0000000180003720 f i manager_entity.obj
 0001:00002730       ??1bad_alloc@std@@UEAA@XZ  0000000180003730 f i manager_entity.obj
 0001:00002750       ??1bad_array_new_length@std@@UEAA@XZ 0000000180003750 f i manager_entity.obj
 0001:00002770       ??1exception@std@@UEAA@XZ  0000000180003770 f i manager_entity.obj
 0001:000027b0       ??2@YAPEAX_KPEAX@Z         00000001800037b0 f i manager_entity.obj
 0001:000027d0       ??4ManagerEntity@@QEAAAEAV0@AEBV0@@Z 00000001800037d0 f i manager_entity.obj
 0001:00002810       ??_EManagerEntity@@UEAAPEAXI@Z 0000000180003810 f i manager_entity.obj
 0001:000028e0       ??_GManagerEntity@@UEAAPEAXI@Z 00000001800038e0 f i manager_entity.obj
 0001:00002930       ??_Ebad_alloc@std@@UEAAPEAXI@Z 0000000180003930 f i manager_entity.obj
 0001:00002930       ??_Gbad_alloc@std@@UEAAPEAXI@Z 0000000180003930 f i manager_entity.obj
 0001:00002980       ??_Ebad_array_new_length@std@@UEAAPEAXI@Z 0000000180003980 f i manager_entity.obj
 0001:00002980       ??_Gbad_array_new_length@std@@UEAAPEAXI@Z 0000000180003980 f i manager_entity.obj
 0001:000029d0       ??_Eexception@std@@UEAAPEAXI@Z 00000001800039d0 f i manager_entity.obj
 0001:000029d0       ??_Gexception@std@@UEAAPEAXI@Z 00000001800039d0 f i manager_entity.obj
 0001:00002a20       ?_Adjust_manually_vector_aligned@std@@YAXAEAPEAXAEA_K@Z 0000000180003a20 f i manager_entity.obj
 0001:00002c20       ?_Allocate@_Default_allocate_traits@std@@SAPEAX_K@Z 0000000180003c20 f i manager_entity.obj
 0001:00002c40       ?_Calculate_growth@?$basic_string@DU?$char_traits@D@std@@V?$allocator@D@2@@std@@CA_K_K00@Z 0000000180003c40 f i manager_entity.obj
 0001:00002d00       ?_Deallocate_for_capacity@?$basic_string@DU?$char_traits@D@std@@V?$allocator@D@2@@std@@CAXAEAV?$allocator@D@2@QEAD_K@Z 0000000180003d00 f i manager_entity.obj
 0001:00002d40       ?_Get_first@?$_Compressed_pair@V?$allocator@D@std@@V?$_String_val@U?$_Simple_types@D@std@@@2@$00@std@@QEAAAEAV?$allocator@D@2@XZ 0000000180003d40 f i manager_entity.obj
 0001:00002d50       ?_Get_first@?$_Compressed_pair@V?$allocator@D@std@@V?$_String_val@U?$_Simple_types@D@std@@@2@$00@std@@QEBAAEBV?$allocator@D@2@XZ 0000000180003d50 f i manager_entity.obj
 0001:00002d60       ?_Getal@?$basic_string@DU?$char_traits@D@std@@V?$allocator@D@2@@std@@AEAAAEAV?$allocator@D@2@XZ 0000000180003d60 f i manager_entity.obj
 0001:00002d90       ?_Getal@?$basic_string@DU?$char_traits@D@std@@V?$allocator@D@2@@std@@AEBAAEBV?$allocator@D@2@XZ 0000000180003d90 f i manager_entity.obj
 0001:00002dc0       ?_Large_mode_engaged@?$_String_val@U?$_Simple_types@D@std@@@std@@QEBA_NXZ 0000000180003dc0 f i manager_entity.obj
 0001:00002e00       ?_Maklocwcs@std@@YAPEA_WPEB_W@Z 0000000180003e00 f i manager_entity.obj
 0001:00002e90       ?_Myptr@?$_String_val@U?$_Simple_types@D@std@@@std@@QEBAPEBDXZ 0000000180003e90 f i manager_entity.obj
 0001:00002ef0       ?_Orphan_all@_Container_base12@std@@QEAAXXZ 0000000180003ef0 f i manager_entity.obj
 0001:00002f10       ?_Orphan_all_locked_v3@_Container_base12@std@@AEAAXXZ 0000000180003f10 f i manager_entity.obj
 0001:00002f60       ?_Orphan_all_unlocked_v3@_Container_base12@std@@AEAAXXZ 0000000180003f60 f i manager_entity.obj
 0001:00002ff0       ?_Release@_Basic_container_proxy_ptr12@std@@QEAAXXZ 0000000180003ff0 f i manager_entity.obj
 0001:00003010       ?_Switch_to_buf@_Bxty@?$_String_val@U?$_Simple_types@D@std@@@std@@QEAAXXZ 0000000180004010 f i manager_entity.obj
 0001:00003040       ?_Throw_bad_array_new_length@std@@YAXXZ 0000000180004040 f i manager_entity.obj
 0001:00003070       ?_Tidy_deallocate@?$basic_string@DU?$char_traits@D@std@@V?$allocator@D@2@@std@@AEAAXXZ 0000000180004070 f i manager_entity.obj
 0001:00003150       ?_Xlen_string@std@@YAXXZ   0000000180004150 f i manager_entity.obj
 0001:00003170       ?__empty_global_delete@@YAXPEAX@Z 0000000180004170 f i manager_entity.obj
 0001:00003180       ?__empty_global_delete@@YAXPEAXW4align_val_t@std@@@Z 0000000180004180 f i manager_entity.obj
 0001:00003190       ?__empty_global_delete@@YAXPEAX_K@Z 0000000180004190 f i manager_entity.obj
 0001:000031a0       ?__empty_global_delete@@YAXPEAX_KW4align_val_t@std@@@Z 00000001800041a0 f i manager_entity.obj
 0001:000031c0       ?allocate@?$allocator@D@std@@QEAAPEAD_K@Z 00000001800041c0 f i manager_entity.obj
 0001:000031f0       ?allocate@?$allocator@U_Container_proxy@std@@@std@@QEAAPEAU_Container_proxy@2@_K@Z 00000001800041f0 f i manager_entity.obj
 0001:00003220       ?assign@?$_Narrow_char_traits@DH@std@@SAXAEADAEBD@Z 0000000180004220 f i manager_entity.obj
 0001:00003240       ?copy@?$_Char_traits@DH@std@@SAPEADQEADQEBD_K@Z 0000000180004240 f i manager_entity.obj
 0001:00003280       ?deallocate@?$_Default_allocator_traits@V?$allocator@U_Container_proxy@std@@@std@@@std@@SAXAEAV?$allocator@U_Container_proxy@std@@@2@QEAU_Container_proxy@2@_K@Z 0000000180004280 f i manager_entity.obj
 0001:000032c0       ?deallocate@?$allocator@D@std@@QEAAXQEAD_K@Z 00000001800042c0 f i manager_entity.obj
 0001:000033a0       ?max@?$numeric_limits@_J@std@@SA_JXZ 00000001800043a0 f i manager_entity.obj
 0001:000033b0       ?max_size@?$_Default_allocator_traits@V?$allocator@D@std@@@std@@SA_KAEBV?$allocator@D@2@@Z 00000001800043b0 f i manager_entity.obj
 0001:000033c0       ?max_size@?$basic_string@DU?$char_traits@D@std@@V?$allocator@D@2@@std@@QEBA_KXZ 00000001800043c0 f i manager_entity.obj
 0001:00003450       ?select_on_container_copy_construction@?$_Default_allocator_traits@V?$allocator@D@std@@@std@@SA?AV?$allocator@D@2@AEBV32@@Z 0000000180004450 f i manager_entity.obj
 0001:00003470       ?what@exception@std@@UEBAPEBDXZ 0000000180004470 f i manager_entity.obj
 0001:000034c0       wmemcpy                    00000001800044c0 f i manager_entity.obj
 0001:00003500       ??0PlayerEntity@@QEAA@V?$basic_string@DU?$char_traits@D@std@@V?$allocator@D@2@@std@@@Z 0000000180004500 f   player_entity.obj
 0001:000035f0       ??1PlayerEntity@@UEAA@XZ   00000001800045f0 f   player_entity.obj
 0001:00003620       ?Start@PlayerEntity@@UEAAXXZ 0000000180004620 f   player_entity.obj
 0001:00003630       ?Update@PlayerEntity@@UEAAXM@Z 0000000180004630 f   player_entity.obj
 0001:00003740       ??$?0$$BY07D$0A@@path@filesystem@std@@QEAA@AEAY07$$CBDW4format@012@@Z 0000000180004740 f i player_entity.obj
 0001:000037a0       ??$?0$$V@?$_Compressed_pair@V?$allocator@D@std@@V?$_String_val@U?$_Simple_types@D@std@@@2@$00@std@@QEAA@U_Zero_then_variadic_args_t@1@@Z 00000001800047a0 f i player_entity.obj
 0001:000037e0       ??$?0$$V@?$_Compressed_pair@V?$allocator@_W@std@@V?$_String_val@U?$_Simple_types@_W@std@@@2@$00@std@@QEAA@U_Zero_then_variadic_args_t@1@@Z 00000001800047e0 f i player_entity.obj
 0001:00003820       ??$?0PEAVComponent@VE@@@?$_List_node_emplace_op2@V?$allocator@U?$_List_node@PEAVComponent@VE@@PEAX@std@@@std@@@std@@QEAA@AEAV?$allocator@U?$_List_node@PEAVComponent@VE@@PEAX@std@@@1@$$QEAPEAVComponent@VE@@@Z 0000000180004820 f i player_entity.obj
 0001:000038d0       ??$?0V?$allocator@_W@std@@$$V@?$_Compressed_pair@V?$allocator@_W@std@@V?$_String_val@U?$_Simple_types@_W@std@@@2@$00@std@@QEAA@U_One_then_variadic_args_t@1@$$QEAV?$allocator@_W@1@@Z 00000001800048d0 f i player_entity.obj
 0001:00003920       ??$?0_W@?$allocator@U_Container_proxy@std@@@std@@QEAA@AEBV?$allocator@_W@1@@Z 0000000180004920 f i player_entity.obj
 0001:00003940       ??$AddComponent@VSpriteComponent@VE@@@Entity@VE@@QEAAPEAVSpriteComponent@1@XZ 0000000180004940 f i player_entity.obj
 0001:00003a00       ??$_Alloc_proxy@V?$allocator@U_Container_proxy@std@@@std@@@_Container_base12@std@@QEAAX$$QEAV?$allocator@U_Container_proxy@std@@@1@@Z 0000000180004a00 f i player_entity.obj
 0001:00003a80       ??$_Allocate_at_least_helper@V?$allocator@_W@std@@@std@@YAPEA_WAEAV?$allocator@_W@0@AEA_K@Z 0000000180004a80 f i player_entity.obj
 0001:00003ab0       ??$_Allocate_for_capacity@$0A@@?$basic_string@_WU?$char_traits@_W@std@@V?$allocator@_W@2@@std@@CAPEA_WAEAV?$allocator@_W@1@AEA_K@Z 0000000180004ab0 f i player_entity.obj
 0001:00003b20       ??$_Bit_cast@_KT_Addr_storage@error_category@std@@$0A@@std@@YA_KAEBT_Addr_storage@error_category@0@@Z 0000000180004b20 f i player_entity.obj
 0001:00003b50       ??$_Construct@$00PEBD@?$basic_string@DU?$char_traits@D@std@@V?$allocator@D@2@@std@@AEAAXQEBD_K@Z 0000000180004b50 f i player_entity.obj
 0001:00003d90       ??$_Construct_in_place@PEAU?$_List_node@PEAVComponent@VE@@PEAX@std@@AEBQEAU12@@std@@YAXAEAPEAU?$_List_node@PEAVComponent@VE@@PEAX@0@AEBQEAU10@@Z 0000000180004d90 f i player_entity.obj
 0001:00003df0       ??$_Construct_in_place@PEA_WAEAPEA_W@std@@YAXAEAPEA_W0@Z 0000000180004df0 f i player_entity.obj
 0001:00003e50       ??$_Construct_in_place@PEA_WAEBQEA_W@std@@YAXAEAPEA_WAEBQEA_W@Z 0000000180004e50 f i player_entity.obj
 0001:00003eb0       ??$_Convert_Source_to_wide@$$BY07DU_Normal_conversion@filesystem@std@@@filesystem@std@@YA?AV?$basic_string@_WU?$char_traits@_W@std@@V?$allocator@_W@2@@1@AEAY07$$CBDU_Normal_conversion@01@@Z 0000000180004eb0 f i player_entity.obj
 0001:00003f40       ??$_Convert_size@_K_K@std@@YA_K_K@Z 0000000180004f40 f i player_entity.obj
 0001:00003f50       ??$_Convert_stringoid_to_wide@U_Normal_conversion@filesystem@std@@@filesystem@std@@YA?AV?$basic_string@_WU?$char_traits@_W@std@@V?$allocator@_W@2@@1@V?$basic_string_view@DU?$char_traits@D@std@@@1@U_Normal_conversion@01@@Z 0000000180004f50 f i player_entity.obj
 0001:00003ff0       ??$_Destroy_in_place@PEA_W@std@@YAXAEAPEA_W@Z 0000000180004ff0 f i player_entity.obj
 0001:00004000       ??$_Emplace@PEAVComponent@VE@@@?$list@PEAVComponent@VE@@V?$allocator@PEAVComponent@VE@@@std@@@std@@QEAAPEAU?$_List_node@PEAVComponent@VE@@PEAX@1@QEAU21@$$QEAPEAVComponent@VE@@@Z 0000000180005000 f i player_entity.obj
 0001:000040e0       ??$_Get_size_of_n@$01@std@@YA_K_K@Z 00000001800050e0 f i player_entity.obj
 0001:00004140       ??$_Get_size_of_n@$0BI@@std@@YA_K_K@Z 0000000180005140 f i player_entity.obj
 0001:00004190       ??$_Immortalize_memcpy_image@V_Generic_error_category@std@@@std@@YAAEBV_Generic_error_category@0@XZ 0000000180005190 f i player_entity.obj
 0001:000041a0       ??$_Immortalize_memcpy_image@V_System_error_category@std@@@std@@YAAEBV_System_error_category@0@XZ 00000001800051a0 f i player_entity.obj
 0001:000041b0       ??$_Reallocate_grow_by@V<lambda_a3050a43f3157934f354774ab3dd2e02>@@_K_W@?$basic_string@_WU?$char_traits@_W@std@@V?$allocator@_W@2@@std@@AEAAAEAV01@_KV<lambda_a3050a43f3157934f354774ab3dd2e02>@@_K_W@Z 00000001800051b0 f i player_entity.obj
 0001:000043f0       ??$_Stringoid_from_Source@D$07@filesystem@std@@YA?AV?$basic_string_view@DU?$char_traits@D@std@@@1@AEAY07$$CBD@Z 00000001800053f0 f i player_entity.obj
 0001:00004510       ??$_Unfancy@_W@std@@YAPEA_WPEA_W@Z 0000000180005510 f i player_entity.obj
 0001:00004520       ??$addressof@PEAU?$_List_node@PEAVComponent@VE@@PEAX@std@@@std@@YAPEAPEAU?$_List_node@PEAVComponent@VE@@PEAX@0@AEAPEAU10@@Z 0000000180005520 f i player_entity.obj
 0001:00004530       ??$addressof@PEAVComponent@VE@@@std@@YAPEAPEAVComponent@VE@@AEAPEAV12@@Z 0000000180005530 f i player_entity.obj
 0001:00004540       ??$addressof@PEA_W@std@@YAPEAPEA_WAEAPEA_W@Z 0000000180005540 f i player_entity.obj
 0001:00004550       ??$addressof@V?$_String_val@U?$_Simple_types@_W@std@@@std@@@std@@YAPEAV?$_String_val@U?$_Simple_types@_W@std@@@0@AEAV10@@Z 0000000180005550 f i player_entity.obj
 0001:00004560       ??$construct@PEAVComponent@VE@@PEAV12@@?$_Default_allocator_traits@V?$allocator@U?$_List_node@PEAVComponent@VE@@PEAX@std@@@std@@@std@@SAXAEAV?$allocator@U?$_List_node@PEAVComponent@VE@@PEAX@std@@@1@QEAPEAVComponent@VE@@$$QEAPEAV34@@Z 0000000180005560 f i player_entity.obj
 0001:000045c0       ??$destroy@PEAVComponent@VE@@@?$_Default_allocator_traits@V?$allocator@U?$_List_node@PEAVComponent@VE@@PEAX@std@@@std@@@std@@SAXAEAV?$allocator@U?$_List_node@PEAVComponent@VE@@PEAX@std@@@1@QEAPEAVComponent@VE@@@Z 00000001800055c0 f i player_entity.obj
 0001:000045d0       ??$forward@AEAPEA_W@std@@YAAEAPEA_WAEAPEA_W@Z 00000001800055d0 f i player_entity.obj
 0001:000045e0       ??$forward@AEBQEAU?$_List_node@PEAVComponent@VE@@PEAX@std@@@std@@YAAEBQEAU?$_List_node@PEAVComponent@VE@@PEAX@0@AEBQEAU10@@Z 00000001800055e0 f i player_entity.obj
 0001:000045f0       ??$forward@AEBQEA_W@std@@YAAEBQEA_WAEBQEA_W@Z 00000001800055f0 f i player_entity.obj
 0001:00004600       ??$forward@PEAVComponent@VE@@@std@@YA$$QEAPEAVComponent@VE@@AEAPEAV12@@Z 0000000180005600 f i player_entity.obj
 0001:00004610       ??$forward@V?$allocator@_W@std@@@std@@YA$$QEAV?$allocator@_W@0@AEAV10@@Z 0000000180005610 f i player_entity.obj
 0001:00004620       ??$move@AEAPEAVComponent@VE@@@std@@YA$$QEAPEAVComponent@VE@@AEAPEAV12@@Z 0000000180005620 f i player_entity.obj
 0001:00004630       ??$move@AEAV?$allocator@_W@std@@@std@@YA$$QEAV?$allocator@_W@0@AEAV10@@Z 0000000180005630 f i player_entity.obj
 0001:00004640       ??0?$_Alloc_construct_ptr@V?$allocator@U?$_List_node@PEAVComponent@VE@@PEAX@std@@@std@@@std@@QEAA@AEAV?$allocator@U?$_List_node@PEAVComponent@VE@@PEAX@std@@@1@@Z 0000000180005640 f i player_entity.obj
 0001:00004680       ??0?$_String_val@U?$_Simple_types@_W@std@@@std@@QEAA@XZ 0000000180005680 f i player_entity.obj
 0001:000046e0       ??0?$allocator@D@std@@QEAA@XZ 00000001800056e0 f i player_entity.obj
 0001:000046f0       ??0?$allocator@_W@std@@QEAA@XZ 00000001800056f0 f i player_entity.obj
 0001:00004700       ??0?$basic_string@DU?$char_traits@D@std@@V?$allocator@D@2@@std@@QEAA@QEBD@Z 0000000180005700 f i player_entity.obj
 0001:00004770       ??0?$basic_string@DU?$char_traits@D@std@@V?$allocator@D@2@@std@@QEAA@QEBD_K@Z 0000000180005770 f i player_entity.obj
 0001:000047d0       ??0?$basic_string@_WU?$char_traits@_W@std@@V?$allocator@_W@2@@std@@QEAA@$$QEAV01@@Z 00000001800057d0 f i player_entity.obj
 0001:00004890       ??0?$basic_string@_WU?$char_traits@_W@std@@V?$allocator@_W@2@@std@@QEAA@XZ 0000000180005890 f i player_entity.obj
 0001:000048e0       ??0?$basic_string_view@DU?$char_traits@D@std@@@std@@QEAA@QEBD_K@Z 00000001800058e0 f i player_entity.obj
 0001:000049d0       ??0PlayerEntity@@QEAA@AEBV0@@Z 00000001800059d0 f i player_entity.obj
 0001:00004a20       ??0_Bxty@?$_String_val@U?$_Simple_types@_W@std@@@std@@QEAA@XZ 0000000180005a20 f i player_entity.obj
 0001:00004a50       ??0_System_error@std@@IEAA@Verror_code@1@@Z 0000000180005a50 f i player_entity.obj
 0001:00004b20       ??0_System_error@std@@QEAA@AEBV01@@Z 0000000180005b20 f i player_entity.obj
 0001:00004b90       ??0_System_error_message@std@@QEAA@K@Z 0000000180005b90 f i player_entity.obj
 0001:00004be0       ??0error_code@std@@QEAA@HAEBVerror_category@1@@Z 0000000180005be0 f i player_entity.obj
 0001:00004c20       ??0error_condition@std@@QEAA@HAEBVerror_category@1@@Z 0000000180005c20 f i player_entity.obj
 0001:00004c60       ??0exception@std@@QEAA@QEBD@Z 0000000180005c60 f i player_entity.obj
 0001:00004ce0       ??0runtime_error@std@@QEAA@AEBV01@@Z 0000000180005ce0 f i player_entity.obj
 0001:00004d30       ??0runtime_error@std@@QEAA@AEBV?$basic_string@DU?$char_traits@D@std@@V?$allocator@D@2@@1@@Z 0000000180005d30 f i player_entity.obj
 0001:00004d80       ??0system_error@std@@QEAA@AEBV01@@Z 0000000180005d80 f i player_entity.obj
 0001:00004dd0       ??0system_error@std@@QEAA@Verror_code@1@@Z 0000000180005dd0 f i player_entity.obj
 0001:00004e40       ??1?$_Alloc_construct_ptr@V?$allocator@U?$_List_node@PEAVComponent@VE@@PEAX@std@@@std@@@std@@QEAA@XZ 0000000180005e40 f i player_entity.obj
 0001:00004ea0       ??1?$_Compressed_pair@V?$allocator@_W@std@@V?$_String_val@U?$_Simple_types@_W@std@@@2@$00@std@@QEAA@XZ 0000000180005ea0 f i player_entity.obj
 0001:00004ed0       ??1?$_List_node_emplace_op2@V?$allocator@U?$_List_node@PEAVComponent@VE@@PEAX@std@@@std@@@std@@QEAA@XZ 0000000180005ed0 f i player_entity.obj
 0001:00004f50       ??1?$_String_val@U?$_Simple_types@_W@std@@@std@@QEAA@XZ 0000000180005f50 f i player_entity.obj
 0001:00004f80       ??1?$basic_string@_WU?$char_traits@_W@std@@V?$allocator@_W@2@@std@@QEAA@XZ 0000000180005f80 f i player_entity.obj
 0001:00005010       ??1_Bxty@?$_String_val@U?$_Simple_types@_W@std@@@std@@QEAA@XZ 0000000180006010 f i player_entity.obj
 0001:00005020       ??1_Generic_error_category@std@@UEAA@XZ 0000000180006020 f i player_entity.obj
 0001:00005040       ??1_System_error@std@@UEAA@XZ 0000000180006040 f i player_entity.obj
 0001:00005060       ??1_System_error_category@std@@UEAA@XZ 0000000180006060 f i player_entity.obj
 0001:00005080       ??1_System_error_message@std@@QEAA@XZ 0000000180006080 f i player_entity.obj
 0001:000050b0       ??1error_category@std@@UEAA@XZ 00000001800060b0 f i player_entity.obj
 0001:000050c0       ??1runtime_error@std@@UEAA@XZ 00000001800060c0 f i player_entity.obj
 0001:000050e0       ??1system_error@std@@UEAA@XZ 00000001800060e0 f i player_entity.obj
 0001:00005100       ??4PlayerEntity@@QEAAAEAV0@AEBV0@@Z 0000000180006100 f i player_entity.obj
 0001:00005140       ??8error_category@std@@QEBA_NAEBV01@@Z 0000000180006140 f i player_entity.obj
 0001:000051b0       ??8std@@YA_NAEBVerror_condition@0@0@Z 00000001800061b0 f i player_entity.obj
 0001:00005250       ??R<lambda_a3050a43f3157934f354774ab3dd2e02>@@QEBA@QEA_WQEB_W_K2_W@Z 0000000180006250 f i player_entity.obj
 0001:00005300       ??_EPlayerEntity@@UEAAPEAXI@Z 0000000180006300 f i player_entity.obj
 0001:000053d0       ??_GPlayerEntity@@UEAAPEAXI@Z 00000001800063d0 f i player_entity.obj
 0001:00005420       ??_ESpriteComponent@VE@@UEAAPEAXI@Z 0000000180006420 f i player_entity.obj
 0001:00005420       ??_GSpriteComponent@VE@@UEAAPEAXI@Z 0000000180006420 f i player_entity.obj
 0001:00005470       ??_E_Generic_error_category@std@@UEAAPEAXI@Z 0000000180006470 f i player_entity.obj
 0001:00005470       ??_G_Generic_error_category@std@@UEAAPEAXI@Z 0000000180006470 f i player_entity.obj
 0001:000054c0       ??_E_System_error@std@@UEAAPEAXI@Z 00000001800064c0 f i player_entity.obj
 0001:000054c0       ??_G_System_error@std@@UEAAPEAXI@Z 00000001800064c0 f i player_entity.obj
 0001:00005510       ??_E_System_error_category@std@@UEAAPEAXI@Z 0000000180006510 f i player_entity.obj
 0001:00005510       ??_G_System_error_category@std@@UEAAPEAXI@Z 0000000180006510 f i player_entity.obj
 0001:00005560       ??_Eruntime_error@std@@UEAAPEAXI@Z 0000000180006560 f i player_entity.obj
 0001:00005560       ??_Gruntime_error@std@@UEAAPEAXI@Z 0000000180006560 f i player_entity.obj
 0001:000055b0       ??_Esystem_error@std@@UEAAPEAXI@Z 00000001800065b0 f i player_entity.obj
 0001:000055b0       ??_Gsystem_error@std@@UEAAPEAXI@Z 00000001800065b0 f i player_entity.obj
 0001:00005600       ?_Activate_SSO_buffer@?$_String_val@U?$_Simple_types@_W@std@@@std@@QEAAXXZ 0000000180006600 f i player_entity.obj
 0001:00005610       ?_Allocate@?$_Alloc_construct_ptr@V?$allocator@U?$_List_node@PEAVComponent@VE@@PEAX@std@@@std@@@std@@QEAAXXZ 0000000180006610 f i player_entity.obj
 0001:00005660       ?_Calculate_growth@?$basic_string@_WU?$char_traits@_W@std@@V?$allocator@_W@2@@std@@AEBA_K_K@Z 0000000180006660 f i player_entity.obj
 0001:000056c0       ?_Calculate_growth@?$basic_string@_WU?$char_traits@_W@std@@V?$allocator@_W@2@@std@@CA_K_K00@Z 00000001800066c0 f i player_entity.obj
 0001:00005780       ?_Check_convert_result@std@@YAHU__std_fs_convert_result@@@Z 0000000180006780 f i player_entity.obj
 0001:000057b0       ?_Construct_empty@?$basic_string@_WU?$char_traits@_W@std@@V?$allocator@_W@2@@std@@AEAAXXZ 00000001800067b0 f i player_entity.obj
 0001:00005860       ?_Convert_narrow_to_wide@filesystem@std@@YA?AV?$basic_string@_WU?$char_traits@_W@std@@V?$allocator@_W@2@@2@W4__std_code_page@@V?$basic_string_view@DU?$char_traits@D@std@@@2@@Z 0000000180006860 f i player_entity.obj
 0001:00005a50       ?_Deallocate_for_capacity@?$basic_string@_WU?$char_traits@_W@std@@V?$allocator@_W@2@@std@@CAXAEAV?$allocator@_W@2@QEA_W_K@Z 0000000180006a50 f i player_entity.obj
 0001:00005a90       ?_Eos@?$basic_string@_WU?$char_traits@_W@std@@V?$allocator@_W@2@@std@@AEAAX_K@Z 0000000180006a90 f i player_entity.obj
 0001:00005af0       ?_Get_first@?$_Compressed_pair@V?$allocator@U?$_List_node@PEAVComponent@VE@@PEAX@std@@@std@@V?$_List_val@U?$_List_simple_types@PEAVComponent@VE@@@std@@@2@$00@std@@QEAAAEAV?$allocator@U?$_List_node@PEAVComponent@VE@@PEAX@std@@@2@XZ 0000000180006af0 f i player_entity.obj
 0001:00005b00       ?_Get_first@?$_Compressed_pair@V?$allocator@U?$_List_node@PEAVComponent@VE@@PEAX@std@@@std@@V?$_List_val@U?$_List_simple_types@PEAVComponent@VE@@@std@@@2@$00@std@@QEBAAEBV?$allocator@U?$_List_node@PEAVComponent@VE@@PEAX@std@@@2@XZ 0000000180006b00 f i player_entity.obj
 0001:00005b10       ?_Get_first@?$_Compressed_pair@V?$allocator@_W@std@@V?$_String_val@U?$_Simple_types@_W@std@@@2@$00@std@@QEAAAEAV?$allocator@_W@2@XZ 0000000180006b10 f i player_entity.obj
 0001:00005b20       ?_Get_first@?$_Compressed_pair@V?$allocator@_W@std@@V?$_String_val@U?$_Simple_types@_W@std@@@2@$00@std@@QEBAAEBV?$allocator@_W@2@XZ 0000000180006b20 f i player_entity.obj
 0001:00005b30       ?_Getal@?$basic_string@_WU?$char_traits@_W@std@@V?$allocator@_W@2@@std@@AEAAAEAV?$allocator@_W@2@XZ 0000000180006b30 f i player_entity.obj
 0001:00005b60       ?_Getal@?$basic_string@_WU?$char_traits@_W@std@@V?$allocator@_W@2@@std@@AEBAAEBV?$allocator@_W@2@XZ 0000000180006b60 f i player_entity.obj
 0001:00005b90       ?_Getal@?$list@PEAVComponent@VE@@V?$allocator@PEAVComponent@VE@@@std@@@std@@AEAAAEAV?$allocator@U?$_List_node@PEAVComponent@VE@@PEAX@std@@@2@XZ 0000000180006b90 f i player_entity.obj
 0001:00005bc0       ?_Getal@?$list@PEAVComponent@VE@@V?$allocator@PEAVComponent@VE@@@std@@@std@@AEBAAEBV?$allocator@U?$_List_node@PEAVComponent@VE@@PEAX@std@@@2@XZ 0000000180006bc0 f i player_entity.obj
 0001:00005bf0       ?_Large_mode_engaged@?$_String_val@U?$_Simple_types@_W@std@@@std@@QEBA_NXZ 0000000180006bf0 f i player_entity.obj
 0001:00005c30       ?_Make_ec@std@@YA?AVerror_code@1@W4__std_win_error@@@Z 0000000180006c30 f i player_entity.obj
 0001:00005c70       ?_Myptr@?$_String_val@U?$_Simple_types@_W@std@@@std@@QEAAPEA_WXZ 0000000180006c70 f i player_entity.obj
 0001:00005cd0       ?_Swap_proxy_and_iterators@?$basic_string@_WU?$char_traits@_W@std@@V?$allocator@_W@2@@std@@AEAAXAEAV12@@Z 0000000180006cd0 f i player_entity.obj
 0001:00005d10       ?_Swap_proxy_and_iterators@_Container_base12@std@@QEAAXAEAU12@@Z 0000000180006d10 f i player_entity.obj
 0001:00005d40       ?_Swap_proxy_and_iterators_locked@_Container_base12@std@@AEAAXAEAU12@@Z 0000000180006d40 f i player_entity.obj
 0001:00005d90       ?_Swap_proxy_and_iterators_unlocked@_Container_base12@std@@AEAAXAEAU12@@Z 0000000180006d90 f i player_entity.obj
 0001:00005e20       ?_Switch_to_buf@_Bxty@?$_String_val@U?$_Simple_types@_W@std@@@std@@QEAAXXZ 0000000180006e20 f i player_entity.obj
 0001:00005e50       ?_Take_contents@?$basic_string@_WU?$char_traits@_W@std@@V?$allocator@_W@2@@std@@AEAAXAEAV12@@Z 0000000180006e50 f i player_entity.obj
 0001:000060b0       ?_Throw_system_error@std@@YAXW4errc@1@@Z 00000001800070b0 f i player_entity.obj
 0001:00006120       ?_Throw_system_error_from_std_win_error@std@@YAXW4__std_win_error@@@Z 0000000180007120 f i player_entity.obj
 0001:00006190       ?_Tidy_deallocate@?$basic_string@_WU?$char_traits@_W@std@@V?$allocator@_W@2@@std@@AEAAXXZ 0000000180007190 f i player_entity.obj
 0001:00006270       ?_Transfer_before@?$_List_node_emplace_op2@V?$allocator@U?$_List_node@PEAVComponent@VE@@PEAX@std@@@std@@@std@@QEAAPEAU?$_List_node@PEAVComponent@VE@@PEAX@2@QEAU32@@Z 0000000180007270 f i player_entity.obj
 0001:00006320       ?allocate@?$allocator@U?$_List_node@PEAVComponent@VE@@PEAX@std@@@std@@QEAAPEAU?$_List_node@PEAVComponent@VE@@PEAX@2@_K@Z 0000000180007320 f i player_entity.obj
 0001:00006350       ?allocate@?$allocator@_W@std@@QEAAPEA_W_K@Z 0000000180007350 f i player_entity.obj
 0001:00006380       ?append@?$basic_string@_WU?$char_traits@_W@std@@V?$allocator@_W@2@@std@@QEAAAEAV12@_K_W@Z 0000000180007380 f i player_entity.obj
 0001:000064c0       ?assign@?$_WChar_traits@_W@std@@SAPEA_WQEA_W_K_W@Z 00000001800074c0 f i player_entity.obj
 0001:00006500       ?assign@?$_WChar_traits@_W@std@@SAXAEA_WAEB_W@Z 0000000180007500 f i player_entity.obj
 0001:00006530       ?c_str@?$basic_string@DU?$char_traits@D@std@@V?$allocator@D@2@@std@@QEBAPEBDXZ 0000000180007530 f i player_entity.obj
 0001:00006560       ?category@error_code@std@@QEBAAEBVerror_category@2@XZ 0000000180007560 f i player_entity.obj
 0001:00006580       ?category@error_condition@std@@QEBAAEBVerror_category@2@XZ 0000000180007580 f i player_entity.obj
 0001:000065a0       ?copy@?$_Char_traits@_WG@std@@SAPEA_WQEA_WQEB_W_K@Z 00000001800075a0 f i player_entity.obj
 0001:000065f0       ?data@?$basic_string@_WU?$char_traits@_W@std@@V?$allocator@_W@2@@std@@QEAAPEA_WXZ 00000001800075f0 f i player_entity.obj
 0001:00006620       ?data@?$basic_string_view@DU?$char_traits@D@std@@@std@@QEBAPEBDXZ 0000000180007620 f i player_entity.obj
 0001:00006640       ?deallocate@?$allocator@U?$_List_node@PEAVComponent@VE@@PEAX@std@@@std@@QEAAXQEAU?$_List_node@PEAVComponent@VE@@PEAX@2@_K@Z 0000000180007640 f i player_entity.obj
 0001:00006730       ?deallocate@?$allocator@_W@std@@QEAAXQEA_W_K@Z 0000000180007730 f i player_entity.obj
 0001:00006820       ?default_error_condition@_System_error_category@std@@UEBA?AVerror_condition@2@H@Z 0000000180007820 f i player_entity.obj
 0001:000068d0       ?default_error_condition@error_category@std@@UEBA?AVerror_condition@2@H@Z 00000001800078d0 f i player_entity.obj
 0001:00006910       ?empty@?$basic_string_view@DU?$char_traits@D@std@@@std@@QEBA_NXZ 0000000180007910 f i player_entity.obj
 0001:00006950       ?equivalent@error_category@std@@UEBA_NAEBVerror_code@2@H@Z 0000000180007950 f i player_entity.obj
 0001:000069d0       ?equivalent@error_category@std@@UEBA_NHAEBVerror_condition@2@@Z 00000001800079d0 f i player_entity.obj
 0001:00006a30       ?generic_category@std@@YAAEBVerror_category@1@XZ 0000000180007a30 f i player_entity.obj
 0001:00006a50       ?length@?$_Narrow_char_traits@DH@std@@SA_KQEBD@Z 0000000180007a50 f i player_entity.obj
 0001:00006aa0       ?make_error_code@std@@YA?AVerror_code@1@W4errc@1@@Z 0000000180007aa0 f i player_entity.obj
 0001:00006ae0       ?max_size@?$_Default_allocator_traits@V?$allocator@U?$_List_node@PEAVComponent@VE@@PEAX@std@@@std@@@std@@SA_KAEBV?$allocator@U?$_List_node@PEAVComponent@VE@@PEAX@std@@@2@@Z 0000000180007ae0 f i player_entity.obj
 0001:00006b00       ?max_size@?$_Default_allocator_traits@V?$allocator@_W@std@@@std@@SA_KAEBV?$allocator@_W@2@@Z 0000000180007b00 f i player_entity.obj
 0001:00006b20       ?max_size@?$basic_string@_WU?$char_traits@_W@std@@V?$allocator@_W@2@@std@@QEBA_KXZ 0000000180007b20 f i player_entity.obj
 0001:00006bb0       ?max_size@?$list@PEAVComponent@VE@@V?$allocator@PEAVComponent@VE@@@std@@@std@@QEBA_KXZ 0000000180007bb0 f i player_entity.obj
 0001:00006c10       ?message@_Generic_error_category@std@@UEBA?AV?$basic_string@DU?$char_traits@D@std@@V?$allocator@D@2@@2@H@Z 0000000180007c10 f i player_entity.obj
 0001:00006c70       ?message@_System_error_category@std@@UEBA?AV?$basic_string@DU?$char_traits@D@std@@V?$allocator@D@2@@2@H@Z 0000000180007c70 f i player_entity.obj
 0001:00006d50       ?message@error_code@std@@QEBA?AV?$basic_string@DU?$char_traits@D@std@@V?$allocator@D@2@@2@XZ 0000000180007d50 f i player_entity.obj
 0001:00006de0       ?name@_Generic_error_category@std@@UEBAPEBDXZ 0000000180007de0 f i player_entity.obj
 0001:00006df0       ?name@_System_error_category@std@@UEBAPEBDXZ 0000000180007df0 f i player_entity.obj
 0001:00006e00       ?push_back@?$list@PEAVComponent@VE@@V?$allocator@PEAVComponent@VE@@@std@@@std@@QEAAX$$QEAPEAVComponent@VE@@@Z 0000000180007e00 f i player_entity.obj
 0001:00006e60       ?resize@?$basic_string@_WU?$char_traits@_W@std@@V?$allocator@_W@2@@std@@QEAAX_K_W@Z 0000000180007e60 f i player_entity.obj
 0001:00006ef0       ?size@?$basic_string@_WU?$char_traits@_W@std@@V?$allocator@_W@2@@std@@QEBA_KXZ 0000000180007ef0 f i player_entity.obj
 0001:00006f10       ?size@?$basic_string_view@DU?$char_traits@D@std@@@std@@QEBA_KXZ 0000000180007f10 f i player_entity.obj
 0001:00006f30       ?system_category@std@@YAAEBVerror_category@1@XZ 0000000180007f30 f i player_entity.obj
 0001:00006f50       ?value@error_code@std@@QEBAHXZ 0000000180007f50 f i player_entity.obj
 0001:00006f60       ?value@error_condition@std@@QEBAHXZ 0000000180007f60 f i player_entity.obj
 0001:00006f70       wmemset                    0000000180007f70 f i player_entity.obj
 0001:00006fe0       CreateProjectEntity        0000000180007fe0 f   register_entities.obj
 0001:00007190       OnSharedLibraryEntry       0000000180008190 f   register_entities.obj
 0001:000072b0       ??$?8DU?$char_traits@D@std@@V?$allocator@D@1@@std@@YA_NQEBDAEBV?$basic_string@DU?$char_traits@D@std@@V?$allocator@D@2@@0@@Z 00000001800082b0 f i register_entities.obj
 0001:000072e0       ??$_Traits_equal@U?$char_traits@D@std@@@std@@YA_NQEBD_K01@Z 00000001800082e0 f i register_entities.obj
 0001:00007350       ?_Equal@?$basic_string@DU?$char_traits@D@std@@V?$allocator@D@2@@std@@QEBA_NQEBD@Z 0000000180008350 f i register_entities.obj
 0001:000073d0       ?compare@?$_Narrow_char_traits@DH@std@@SAHQEBD0_K@Z 00000001800083d0 f i register_entities.obj
 0001:00007407       ??0Entity@VE@@QEAA@V?$basic_string@DU?$char_traits@D@std@@V?$allocator@D@2@@std@@@Z 0000000180008407 f   VEngine:VEngine.dll
 0001:0000740d       ??1Entity@VE@@UEAA@XZ      000000018000840d f   VEngine:VEngine.dll
 0001:00007413       ??0Entity@VE@@QEAA@AEBV01@@Z 0000000180008413 f   VEngine:VEngine.dll
 0001:00007419       ??4Entity@VE@@QEAAAEAV01@AEBV01@@Z 0000000180008419 f   VEngine:VEngine.dll
 0001:0000741f       ?Render@Entity@VE@@UEAAXXZ 000000018000841f f   VEngine:VEngine.dll
 0001:00007425       ?Serialize@Entity@VE@@UEAAXAEAV?$basic_json@Vmap@std@@Vvector@2@V?$basic_string@DU?$char_traits@D@std@@V?$allocator@D@2@@2@_N_J_KNVallocator@2@Uadl_serializer@json_abi_v3_11_3@nlohmann@@V?$vector@EV?$allocator@E@std@@@2@X@json_abi_v3_11_3@nlohmann@@@Z 0000000180008425 f   VEngine:VEngine.dll
 0001:0000742b       ?Deserialize@Entity@VE@@UEAAXAEAV?$basic_json@Vmap@std@@Vvector@2@V?$basic_string@DU?$char_traits@D@std@@V?$allocator@D@2@@2@_N_J_KNVallocator@2@Uadl_serializer@json_abi_v3_11_3@nlohmann@@V?$vector@EV?$allocator@E@std@@@2@X@json_abi_v3_11_3@nlohmann@@@Z 000000018000842b f   VEngine:VEngine.dll
 0001:00007431       ?DrawEditorUI@Entity@VE@@UEAAXXZ 0000000180008431 f   VEngine:VEngine.dll
 0001:00007437       ??0SpriteComponent@VE@@QEAA@PEAVEntity@1@@Z 0000000180008437 f   VEngine:VEngine.dll
 0001:0000743d       ??1SpriteComponent@VE@@UEAA@XZ 000000018000843d f   VEngine:VEngine.dll
 0001:00007443       ?GetSingleton@AssetsManager@VE@@SAPEAV12@XZ 0000000180008443 f   VEngine:VEngine.dll
 0001:00007449       ?LoadTexture@AssetsManager@VE@@QEAAPEAUTexture@@Vpath@filesystem@std@@@Z 0000000180008449 f   VEngine:VEngine.dll
 0001:0000744f       ?IsKeyDown@Input@VE@@YA_NH@Z 000000018000844f f   VEngine:VEngine.dll
 0001:00007455       ?Start@SpriteComponent@VE@@UEAAXXZ 0000000180008455 f   VEngine:VEngine.dll
 0001:0000745b       ?Update@SpriteComponent@VE@@UEAAXM@Z 000000018000845b f   VEngine:VEngine.dll
 0001:00007461       ?Render@SpriteComponent@VE@@UEAAXXZ 0000000180008461 f   VEngine:VEngine.dll
 0001:00007467       ?Serialize@SpriteComponent@VE@@UEAAXAEAV?$basic_json@Vmap@std@@Vvector@2@V?$basic_string@DU?$char_traits@D@std@@V?$allocator@D@2@@2@_N_J_KNVallocator@2@Uadl_serializer@json_abi_v3_11_3@nlohmann@@V?$vector@EV?$allocator@E@std@@@2@X@json_abi_v3_11_3@nlohmann@@@Z 0000000180008467 f   VEngine:VEngine.dll
 0001:0000746d       ?Deserialize@SpriteComponent@VE@@UEAAXAEAV?$basic_json@Vmap@std@@Vvector@2@V?$basic_string@DU?$char_traits@D@std@@V?$allocator@D@2@@2@_N_J_KNVallocator@2@Uadl_serializer@json_abi_v3_11_3@nlohmann@@V?$vector@EV?$allocator@E@std@@@2@X@json_abi_v3_11_3@nlohmann@@@Z 000000018000846d f   VEngine:VEngine.dll
 0001:00007473       ?DrawEditorUI@SpriteComponent@VE@@UEAAXXZ 0000000180008473 f   VEngine:VEngine.dll
 0001:00007479       ?GetSingleton@Engine@VE@@SAPEAV12@XZ 0000000180008479 f   VEngine:VEngine.dll
 0001:0000747f       ?RegisterEntity@Engine@VE@@QEAAXV?$basic_string@DU?$char_traits@D@std@@V?$allocator@D@2@@std@@@Z 000000018000847f f   VEngine:VEngine.dll
 0001:00007485       ??0_Lockit@std@@QEAA@H@Z   0000000180008485 f   msvcprtd:MSVCP140D.dll
 0001:0000748b       ??1_Lockit@std@@QEAA@XZ    000000018000848b f   msvcprtd:MSVCP140D.dll
 0001:00007491       ?_Xbad_alloc@std@@YAXXZ    0000000180008491 f   msvcprtd:MSVCP140D.dll
 0001:00007497       ?_Xlength_error@std@@YAXPEBD@Z 0000000180008497 f   msvcprtd:MSVCP140D.dll
 0001:0000749d       _Mbrtowc                   000000018000849d f   msvcprtd:MSVCP140D.dll
 0001:000074a3       ?_Getcvt@_Locinfo@std@@QEBA?AU_Cvtvec@@XZ 00000001800084a3 f   msvcprtd:MSVCP140D.dll
 0001:000074a9       ?_Getdays@_Locinfo@std@@QEBAPEBDXZ 00000001800084a9 f   msvcprtd:MSVCP140D.dll
 0001:000074af       ?_Getmonths@_Locinfo@std@@QEBAPEBDXZ 00000001800084af f   msvcprtd:MSVCP140D.dll
 0001:000074b5       ?_W_Getdays@_Locinfo@std@@QEBAPEBGXZ 00000001800084b5 f   msvcprtd:MSVCP140D.dll
 0001:000074bb       ?_W_Getmonths@_Locinfo@std@@QEBAPEBGXZ 00000001800084bb f   msvcprtd:MSVCP140D.dll
 0001:000074f0       __std_get_string_size_without_trailing_whitespace 00000001800084f0 f   msvcprtd:syserror_import_lib.obj
 0001:00007560       __std_system_error_allocate_message 0000000180008560 f   msvcprtd:syserror_import_lib.obj
 0001:00007610       __std_system_error_deallocate_message 0000000180008610 f   msvcprtd:syserror_import_lib.obj
 0001:00007630       ?_Syserror_map@std@@YAPEBDH@Z 0000000180008630 f   msvcprtd:MSVCP140D.dll
 0001:00007636       ?_Winerror_map@std@@YAHH@Z 0000000180008636 f   msvcprtd:MSVCP140D.dll
 0001:00007640       ??$?R_W@__crt_internal_free_policy@@QEBAXQEB_W@Z 0000000180008640 f i msvcprtd:filesystem.obj
 0001:00007670       ??$_Bitmask_includes_any@W4__std_fs_file_attr@@@std@@YA_NW4__std_fs_file_attr@@0@Z 0000000180008670 f i msvcprtd:filesystem.obj
 0001:000076c0       ??$_Bitmask_includes_any@W4__std_fs_stats_flags@@@std@@YA_NW4__std_fs_stats_flags@@0@Z 00000001800086c0 f i msvcprtd:filesystem.obj
 0001:00007710       ??0?$__crt_unique_heap_ptr@_WU__crt_internal_free_policy@@@@QEAA@QEA_W@Z 0000000180008710 f i msvcprtd:filesystem.obj
 0001:00007740       ??0_Fs_file@std@@QEAA@QEAX@Z 0000000180008740 f i msvcprtd:filesystem.obj
 0001:00007770       ??0_Fs_file@std@@QEAA@QEB_WW4__std_access_rights@@W4__std_fs_file_flags@@QEAW4__std_win_error@@@Z 0000000180008770 f i msvcprtd:filesystem.obj
 0001:000077d0       ??1?$__crt_unique_heap_ptr@_WU__crt_internal_free_policy@@@@QEAA@XZ 00000001800087d0 f i msvcprtd:filesystem.obj
 0001:000077f0       ??1_Fs_file@std@@QEAA@XZ   00000001800087f0 f i msvcprtd:filesystem.obj
 0001:00007820       ??4?$__crt_unique_heap_ptr@_WU__crt_internal_free_policy@@@@QEAAAEAV0@$$QEAV0@@Z 0000000180008820 f i msvcprtd:filesystem.obj
 0001:00007870       ??B?$__crt_unique_heap_ptr@_WU__crt_internal_free_policy@@@@QEBA_NXZ 0000000180008870 f i msvcprtd:filesystem.obj
 0001:00007890       ??I@YA?AW4__std_fs_copy_options@@W40@0@Z 0000000180008890 f i msvcprtd:filesystem.obj
 0001:000078b0       ??I@YA?AW4__std_fs_file_attr@@W40@0@Z 00000001800088b0 f i msvcprtd:filesystem.obj
 0001:000078d0       ??I@YA?AW4__std_fs_stats_flags@@W40@0@Z 00000001800088d0 f i msvcprtd:filesystem.obj
 0001:000078f0       ??S@YA?AW4__std_fs_stats_flags@@W40@@Z 00000001800088f0 f i msvcprtd:filesystem.obj
 0001:00007900       ??U@YA?AW4__std_access_rights@@W40@0@Z 0000000180008900 f i msvcprtd:filesystem.obj
 0001:00007920       ??U@YA?AW4__std_fs_file_flags@@W40@0@Z 0000000180008920 f i msvcprtd:filesystem.obj
 0001:00007940       ??U@YA?AW4__std_fs_stats_flags@@W40@0@Z 0000000180008940 f i msvcprtd:filesystem.obj
 0001:00007960       ??_4@YAAEAW4__std_fs_copy_options@@AEAW40@W40@@Z 0000000180008960 f i msvcprtd:filesystem.obj
 0001:000079a0       ??_4@YAAEAW4__std_fs_stats_flags@@AEAW40@W40@@Z 00000001800089a0 f i msvcprtd:filesystem.obj
 0001:00007a80       ?_Get@_Fs_file@std@@QEBAPEAXXZ 0000000180008a80 f i msvcprtd:filesystem.obj
 0001:00007e50       ?get@?$__crt_unique_heap_ptr@_WU__crt_internal_free_policy@@@@QEBAPEA_WXZ 0000000180008e50 f i msvcprtd:filesystem.obj
 0001:00007e70       ?is_valid@?$__crt_unique_heap_ptr@_WU__crt_internal_free_policy@@@@QEBA_NXZ 0000000180008e70 f i msvcprtd:filesystem.obj
 0001:00007eb0       ?release@?$__crt_unique_heap_ptr@_WU__crt_internal_free_policy@@@@QEAAXXZ 0000000180008eb0 f i msvcprtd:filesystem.obj
 0001:00007ef0       _Stl_GetTempPath2W         0000000180008ef0 f   msvcprtd:filesystem.obj
 0001:00007f90       __std_fs_change_permissions 0000000180008f90 f   msvcprtd:filesystem.obj
 0001:00008220       __std_fs_close_handle      0000000180009220 f   msvcprtd:filesystem.obj
 0001:00008260       __std_fs_code_page         0000000180009260 f   msvcprtd:filesystem.obj
 0001:000082a0       __std_fs_convert_narrow_to_wide 00000001800092a0 f   msvcprtd:filesystem.obj
 0001:00008340       __std_fs_convert_wide_to_narrow 0000000180009340 f   msvcprtd:filesystem.obj
 0001:00008530       __std_fs_convert_wide_to_narrow_replace_chars 0000000180009530 f   msvcprtd:filesystem.obj
 0001:00008670       __std_fs_copy_file         0000000180009670 f   msvcprtd:filesystem.obj
 0001:00008c30       __std_fs_create_directory  0000000180009c30 f   msvcprtd:filesystem.obj
 0001:00008d30       __std_fs_create_directory_symbolic_link 0000000180009d30 f   msvcprtd:filesystem.obj
 0001:00008d70       __std_fs_create_directory_template 0000000180009d70 f   msvcprtd:filesystem.obj
 0001:00008e00       __std_fs_create_hard_link  0000000180009e00 f   msvcprtd:filesystem.obj
 0001:00008e50       __std_fs_create_symbolic_link 0000000180009e50 f   msvcprtd:filesystem.obj
 0001:00008e80       __std_fs_directory_iterator_advance 0000000180009e80 f   msvcprtd:filesystem.obj
 0001:00008ec0       __std_fs_directory_iterator_close 0000000180009ec0 f   msvcprtd:filesystem.obj
 0001:00008f00       __std_fs_directory_iterator_open 0000000180009f00 f   msvcprtd:filesystem.obj
 0001:00008f90       __std_fs_get_current_path  0000000180009f90 f   msvcprtd:filesystem.obj
 0001:00009010       __std_fs_get_file_attributes_by_handle 000000018000a010 f   msvcprtd:filesystem.obj
 0001:000090a0       __std_fs_get_file_id       000000018000a0a0 f   msvcprtd:filesystem.obj
 0001:00009150       __std_fs_get_final_path_name_by_handle 000000018000a150 f   msvcprtd:filesystem.obj
 0001:000091e0       __std_fs_get_full_path_name 000000018000a1e0 f   msvcprtd:filesystem.obj
 0001:00009260       __std_fs_get_stats         000000018000a260 f   msvcprtd:filesystem.obj
 0001:00009960       __std_fs_get_temp_path     000000018000a960 f   msvcprtd:filesystem.obj
 0001:00009a80       __std_fs_is_junction_from_reparse_data_buffer 000000018000aa80 f   msvcprtd:filesystem.obj
 0001:00009ac0       __std_fs_open_handle       000000018000aac0 f   msvcprtd:filesystem.obj
 0001:00009b50       __std_fs_read_name_from_reparse_data_buffer 000000018000ab50 f   msvcprtd:filesystem.obj
 0001:00009d40       __std_fs_read_reparse_data_buffer 000000018000ad40 f   msvcprtd:filesystem.obj
 0001:00009dc0       __std_fs_remove            000000018000adc0 f   msvcprtd:filesystem.obj
 0001:0000a3d0       __std_fs_rename            000000018000b3d0 f   msvcprtd:filesystem.obj
 0001:0000a420       __std_fs_resize_file       000000018000b420 f   msvcprtd:filesystem.obj
 0001:0000a510       __std_fs_set_current_path  000000018000b510 f   msvcprtd:filesystem.obj
 0001:0000a540       __std_fs_set_last_write_time 000000018000b540 f   msvcprtd:filesystem.obj
 0001:0000a620       __std_fs_space             000000018000b620 f   msvcprtd:filesystem.obj
 0001:0000aa30       __std_fs_write_reparse_data_buffer 000000018000ba30 f   msvcprtd:filesystem.obj
 0001:0000aac0       __std_is_file_not_found    000000018000bac0 f i msvcprtd:filesystem.obj
 0001:0000ab10       ??_M@YAXPEAX_K1P6AX0@Z@Z   000000018000bb10 f   MSVCRTD:ehvecdtr.obj
 0001:0000ac00       ??_M@YAXPEAX_KHP6AX0@Z@Z   000000018000bc00 f   MSVCRTD:ehvecdtr.obj
 0001:0000acd0       ?__ArrayUnwind@@YAXPEAX_K1P6AX0@Z@Z 000000018000bcd0 f   MSVCRTD:ehvecdtr.obj
 0001:0000ad70       ??2@YAPEAX_K@Z             000000018000bd70 f   MSVCRTD:new_scalar.obj
 0001:0000ade0       ??3@YAXPEAX_K@Z            000000018000bde0 f   MSVCRTD:delete_scalar_size.obj
 0001:0000ae10       ??_V@YAXPEAX_K@Z           000000018000be10 f   MSVCRTD:delete_array_size.obj
 0001:0000ae40       __GSHandlerCheck           000000018000be40 f   MSVCRTD:gshandler.obj
 0001:0000ae90       __GSHandlerCheckCommon     000000018000be90 f   MSVCRTD:gshandler.obj
 0001:0000afe0       __security_check_cookie    000000018000bfe0 f   MSVCRTD:amdsecgs.obj
 0001:0000b010       ??1type_info@@UEAA@XZ      000000018000c010 f   MSVCRTD:std_type_info_static.obj
 0001:0000b030       ??_Etype_info@@UEAAPEAXI@Z 000000018000c030 f i MSVCRTD:std_type_info_static.obj
 0001:0000b030       ??_Gtype_info@@UEAAPEAXI@Z 000000018000c030 f i MSVCRTD:std_type_info_static.obj
 0001:0000b080       __GSHandlerCheck_EH4       000000018000c080 f   MSVCRTD:gshandlereh4.obj
 0001:0000b650       _CRT_INIT                  000000018000c650 f   MSVCRTD:dll_dllmain.obj
 0001:0000b690       _DllMainCRTStartup         000000018000c690 f   MSVCRTD:dll_dllmain.obj
 0001:0000b6e0       _guard_check_icall_nop     000000018000c6e0 f i MSVCRTD:guard_support.obj
 0001:0000b6f0       ReadNoFence64              000000018000c6f0 f i MSVCRTD:guard_support.obj
 0001:0000b720       ReadPointerNoFence         000000018000c720 f i MSVCRTD:guard_support.obj
 0001:0000b740       __castguard_check_failure_debugbreak 000000018000c740 f i MSVCRTD:guard_support.obj
 0001:0000b770       __castguard_check_failure_fastfail 000000018000c770 f i MSVCRTD:guard_support.obj
 0001:0000b7a0       __castguard_check_failure_nop 000000018000c7a0 f i MSVCRTD:guard_support.obj
 0001:0000b7b0       __castguard_check_failure_os_handled 000000018000c7b0 f i MSVCRTD:guard_support.obj
 0001:0000b820       __castguard_check_failure_user_handled 000000018000c820 f i MSVCRTD:guard_support.obj
 0001:0000b940       __castguard_set_user_handler 000000018000c940 f i MSVCRTD:guard_support.obj
 0001:0000b970       __castguard_slow_path_check_debugbreak 000000018000c970 f i MSVCRTD:guard_support.obj
 0001:0000b9c0       __castguard_slow_path_check_fastfail 000000018000c9c0 f i MSVCRTD:guard_support.obj
 0001:0000ba20       __castguard_slow_path_check_nop 000000018000ca20 f i MSVCRTD:guard_support.obj
 0001:0000ba40       __castguard_slow_path_check_os_handled 000000018000ca40 f i MSVCRTD:guard_support.obj
 0001:0000baa0       __castguard_slow_path_check_user_handled 000000018000caa0 f i MSVCRTD:guard_support.obj
 0001:0000bb90       _guard_icall_checks_enforced 000000018000cb90 f i MSVCRTD:guard_support.obj
 0001:0000bbe0       _guard_rf_checks_enforced  000000018000cbe0 f i MSVCRTD:guard_support.obj
 0001:0000bbf0       ??0bad_alloc@std@@QEAA@XZ  000000018000cbf0 f i MSVCRTD:throw_bad_alloc.obj
 0001:0000bc40       ?__scrt_throw_std_bad_alloc@@YAXXZ 000000018000cc40 f   MSVCRTD:throw_bad_alloc.obj
 0001:0000bc70       ?__scrt_throw_std_bad_array_new_length@@YAXXZ 000000018000cc70 f   MSVCRTD:throw_bad_alloc.obj
 0001:0000bca0       ??3@YAXPEAX@Z              000000018000cca0 f   MSVCRTD:delete_scalar.obj
 0001:0000bcd0       ??_V@YAXPEAX@Z             000000018000ccd0 f   MSVCRTD:delete_array.obj
 0001:0000bcf0       __raise_securityfailure    000000018000ccf0 f   MSVCRTD:gs_report.obj
 0001:0000bd40       __report_gsfailure         000000018000cd40 f   MSVCRTD:gs_report.obj
 0001:0000be50       __report_rangecheckfailure 000000018000ce50 f   MSVCRTD:gs_report.obj
 0001:0000be70       __report_securityfailure   000000018000ce70 f   MSVCRTD:gs_report.obj
 0001:0000bf40       __report_securityfailureEx 000000018000cf40 f   MSVCRTD:gs_report.obj
 0001:0000c330       __security_init_cookie     000000018000d330 f   MSVCRTD:gs_support.obj
 0001:0000c3d0       DllMain                    000000018000d3d0 f   MSVCRTD:dll_dllmain_stub.obj
 0001:0000c420       ?__scrt_initialize_type_info@@YAXXZ 000000018000d420 f   MSVCRTD:tncleanup.obj
 0001:0000c440       ?__scrt_uninitialize_type_info@@YAXXZ 000000018000d440 f   MSVCRTD:tncleanup.obj
 0001:0000c460       __local_stdio_printf_options 000000018000d460 f i MSVCRTD:default_local_stdio_options.obj
 0001:0000c470       __local_stdio_scanf_options 000000018000d470 f i MSVCRTD:default_local_stdio_options.obj
 0001:0000c480       __scrt_initialize_default_local_stdio_options 000000018000d480 f   MSVCRTD:default_local_stdio_options.obj
 0001:0000c4e0       ?configure_argv@__scrt_narrow_argv_policy@@SAHXZ 000000018000d4e0 f i MSVCRTD:utility.obj
 0001:0000c600       ?initialize_environment@__scrt_narrow_environment_policy@@SAHXZ 000000018000d600 f i MSVCRTD:utility.obj
 0001:0000c6d0       NtCurrentTeb               000000018000d6d0 f i MSVCRTD:utility.obj
 0001:0000c6e0       __scrt_acquire_startup_lock 000000018000d6e0 f   MSVCRTD:utility.obj
 0001:0000c760       __scrt_dllmain_after_initialize_c 000000018000d760 f   MSVCRTD:utility.obj
 0001:0000c7a0       __scrt_dllmain_before_initialize_c 000000018000d7a0 f   MSVCRTD:utility.obj
 0001:0000c7d0       __scrt_dllmain_crt_thread_attach 000000018000d7d0 f   MSVCRTD:utility.obj
 0001:0000c810       __scrt_dllmain_crt_thread_detach 000000018000d810 f   MSVCRTD:utility.obj
 0001:0000c830       __scrt_dllmain_exception_filter 000000018000d830 f   MSVCRTD:utility.obj
 0001:0000c8b0       __scrt_dllmain_uninitialize_c 000000018000d8b0 f   MSVCRTD:utility.obj
 0001:0000c8f0       __scrt_dllmain_uninitialize_critical 000000018000d8f0 f   MSVCRTD:utility.obj
 0001:0000c910       __scrt_initialize_crt      000000018000d910 f   MSVCRTD:utility.obj
 0001:0000c970       __scrt_initialize_onexit_tables 000000018000d970 f   MSVCRTD:utility.obj
 0001:0000cac0       __scrt_is_nonwritable_in_current_image 000000018000dac0 f   MSVCRTD:utility.obj
 0001:0000cb70       __scrt_release_startup_lock 000000018000db70 f   MSVCRTD:utility.obj
 0001:0000cbb0       __scrt_uninitialize_crt    000000018000dbb0 f   MSVCRTD:utility.obj
 0001:0000cc00       _onexit                    000000018000dc00 f   MSVCRTD:utility.obj
 0001:0000cca0       at_quick_exit              000000018000dca0 f   MSVCRTD:utility.obj
 0001:0000cd00       atexit                     000000018000dd00 f   MSVCRTD:utility.obj
 0001:0000cd40       __scrt_get_dyn_tls_init_callback 000000018000dd40 f   MSVCRTD:dyn_tls_init.obj
 0001:0000cd50       __crt_debugger_hook        000000018000dd50 f   MSVCRTD:utility_desktop.obj
 0001:0000cd70       __scrt_fastfail            000000018000dd70 f   MSVCRTD:utility_desktop.obj
 0001:0000cf70       __scrt_get_show_window_mode 000000018000df70 f   MSVCRTD:utility_desktop.obj
 0001:0000cfe0       __scrt_initialize_mta      000000018000dfe0 f   MSVCRTD:utility_desktop.obj
 0001:0000d000       __scrt_initialize_winrt    000000018000e000 f   MSVCRTD:utility_desktop.obj
 0001:0000d010       __scrt_is_managed_app      000000018000e010 f   MSVCRTD:utility_desktop.obj
 0001:0000d0e0       __scrt_set_unhandled_exception_filter 000000018000e0e0 f   MSVCRTD:utility_desktop.obj
 0001:0000d100       __scrt_exe_initialize_mta  000000018000e100 f   MSVCRTD:utility_desktop.obj
 0001:0000d100       __scrt_stub_for_initialize_mta 000000018000e100 f   MSVCRTD:utility_desktop.obj
 0001:0000d110       __scrt_unhandled_exception_filter 000000018000e110 f   MSVCRTD:utility_desktop.obj
 0001:0000d1e0       _RTC_Initialize            000000018000e1e0 f   MSVCRTD:initsect.obj
 0001:0000d240       _RTC_Terminate             000000018000e240 f   MSVCRTD:initsect.obj
 0001:0000d2a0       __isa_available_init       000000018000e2a0 f   MSVCRTD:cpu_disp.obj
 0001:0000d8d0       _get_startup_argv_mode     000000018000e8d0 f   MSVCRTD:argv_mode.obj
 0001:0000d8e0       __scrt_is_ucrt_dll_in_use  000000018000e8e0 f   MSVCRTD:ucrt_detection.obj
 0001:0000d90e       LocalFree                  000000018000e90e f   kernel32:KERNEL32.dll
 0001:0000d914       FormatMessageA             000000018000e914 f   kernel32:KERNEL32.dll
 0001:0000d91a       GetLocaleInfoEx            000000018000e91a f   kernel32:KERNEL32.dll
 0001:0000d920       SetCurrentDirectoryW       000000018000e920 f   kernel32:KERNEL32.dll
 0001:0000d926       GetCurrentDirectoryW       000000018000e926 f   kernel32:KERNEL32.dll
 0001:0000d92c       CreateDirectoryW           000000018000e92c f   kernel32:KERNEL32.dll
 0001:0000d932       CreateFileW                000000018000e932 f   kernel32:KERNEL32.dll
 0001:0000d938       FindClose                  000000018000e938 f   kernel32:KERNEL32.dll
 0001:0000d93e       FindFirstFileW             000000018000e93e f   kernel32:KERNEL32.dll
 0001:0000d944       FindFirstFileExW           000000018000e944 f   kernel32:KERNEL32.dll
 0001:0000d94a       FindNextFileW              000000018000e94a f   kernel32:KERNEL32.dll
 0001:0000d950       GetDiskFreeSpaceExW        000000018000e950 f   kernel32:KERNEL32.dll
 0001:0000d956       GetFileAttributesW         000000018000e956 f   kernel32:KERNEL32.dll
 0001:0000d95c       GetFileAttributesExW       000000018000e95c f   kernel32:KERNEL32.dll
 0001:0000d962       GetFileInformationByHandle 000000018000e962 f   kernel32:KERNEL32.dll
 0001:0000d968       GetFinalPathNameByHandleW  000000018000e968 f   kernel32:KERNEL32.dll
 0001:0000d96e       GetFullPathNameW           000000018000e96e f   kernel32:KERNEL32.dll
 0001:0000d974       SetFileAttributesW         000000018000e974 f   kernel32:KERNEL32.dll
 0001:0000d97a       SetFileInformationByHandle 000000018000e97a f   kernel32:KERNEL32.dll
 0001:0000d980       SetFileTime                000000018000e980 f   kernel32:KERNEL32.dll
 0001:0000d986       GetTempPathW               000000018000e986 f   kernel32:KERNEL32.dll
 0001:0000d98c       AreFileApisANSI            000000018000e98c f   kernel32:KERNEL32.dll
 0001:0000d992       CloseHandle                000000018000e992 f   kernel32:KERNEL32.dll
 0001:0000d998       GetLastError               000000018000e998 f   kernel32:KERNEL32.dll
 0001:0000d99e       DeviceIoControl            000000018000e99e f   kernel32:KERNEL32.dll
 0001:0000d9a4       GetModuleHandleW           000000018000e9a4 f   kernel32:KERNEL32.dll
 0001:0000d9aa       GetProcAddress             000000018000e9aa f   kernel32:KERNEL32.dll
 0001:0000d9b0       CreateDirectoryExW         000000018000e9b0 f   kernel32:KERNEL32.dll
 0001:0000d9b6       CopyFileW                  000000018000e9b6 f   kernel32:KERNEL32.dll
 0001:0000d9bc       MoveFileExW                000000018000e9bc f   kernel32:KERNEL32.dll
 0001:0000d9c2       CreateHardLinkW            000000018000e9c2 f   kernel32:KERNEL32.dll
 0001:0000d9c8       GetFileInformationByHandleEx 000000018000e9c8 f   kernel32:KERNEL32.dll
 0001:0000d9ce       CreateSymbolicLinkW        000000018000e9ce f   kernel32:KERNEL32.dll
 0001:0000d9d4       MultiByteToWideChar        000000018000e9d4 f   kernel32:KERNEL32.dll
 0001:0000d9da       WideCharToMultiByte        000000018000e9da f   kernel32:KERNEL32.dll
 0001:0000d9e0       RtlCaptureContext          000000018000e9e0 f   kernel32:KERNEL32.dll
 0001:0000d9e6       RtlLookupFunctionEntry     000000018000e9e6 f   kernel32:KERNEL32.dll
 0001:0000d9ec       RtlVirtualUnwind           000000018000e9ec f   kernel32:KERNEL32.dll
 0001:0000d9f2       UnhandledExceptionFilter   000000018000e9f2 f   kernel32:KERNEL32.dll
 0001:0000d9f8       SetUnhandledExceptionFilter 000000018000e9f8 f   kernel32:KERNEL32.dll
 0001:0000d9fe       GetCurrentProcess          000000018000e9fe f   kernel32:KERNEL32.dll
 0001:0000da04       TerminateProcess           000000018000ea04 f   kernel32:KERNEL32.dll
 0001:0000da0a       IsProcessorFeaturePresent  000000018000ea0a f   kernel32:KERNEL32.dll
 0001:0000da10       QueryPerformanceCounter    000000018000ea10 f   kernel32:KERNEL32.dll
 0001:0000da16       GetCurrentProcessId        000000018000ea16 f   kernel32:KERNEL32.dll
 0001:0000da1c       GetCurrentThreadId         000000018000ea1c f   kernel32:KERNEL32.dll
 0001:0000da22       GetSystemTimeAsFileTime    000000018000ea22 f   kernel32:KERNEL32.dll
 0001:0000da28       DisableThreadLibraryCalls  000000018000ea28 f   kernel32:KERNEL32.dll
 0001:0000da2e       InitializeSListHead        000000018000ea2e f   kernel32:KERNEL32.dll
 0001:0000da34       IsDebuggerPresent          000000018000ea34 f   kernel32:KERNEL32.dll
 0001:0000da3a       GetStartupInfoW            000000018000ea3a f   kernel32:KERNEL32.dll
 0001:0000da40       memcpy                     000000018000ea40 f   vcruntimed:VCRUNTIME140D.dll
 0001:0000da46       __std_exception_copy       000000018000ea46 f   vcruntimed:VCRUNTIME140D.dll
 0001:0000da4c       __std_exception_destroy    000000018000ea4c f   vcruntimed:VCRUNTIME140D.dll
 0001:0000da52       _CxxThrowException         000000018000ea52 f   vcruntimed:VCRUNTIME140D.dll
 0001:0000da58       __CxxFrameHandler4         000000018000ea58 f   vcruntimed:VCRUNTIME140_1D.dll
 0001:0000da5e       memcmp                     000000018000ea5e f   vcruntimed:VCRUNTIME140D.dll
 0001:0000da64       memset                     000000018000ea64 f   vcruntimed:VCRUNTIME140D.dll
 0001:0000da6a       __current_exception        000000018000ea6a f   vcruntimed:VCRUNTIME140D.dll
 0001:0000da70       __current_exception_context 000000018000ea70 f   vcruntimed:VCRUNTIME140D.dll
 0001:0000da76       __C_specific_handler       000000018000ea76 f   vcruntimed:VCRUNTIME140D.dll
 0001:0000da7c       __std_type_info_destroy_list 000000018000ea7c f   vcruntimed:VCRUNTIME140D.dll
 0001:0000da82       _invalid_parameter         000000018000ea82 f   ucrtd:ucrtbased.dll
 0001:0000da88       _calloc_dbg                000000018000ea88 f   ucrtd:ucrtbased.dll
 0001:0000da8e       _CrtDbgReport              000000018000ea8e f   ucrtd:ucrtbased.dll
 0001:0000da94       wcslen                     000000018000ea94 f   ucrtd:ucrtbased.dll
 0001:0000da9a       strlen                     000000018000ea9a f   ucrtd:ucrtbased.dll
 0001:0000daa0       ___lc_codepage_func        000000018000eaa0 f   ucrtd:ucrtbased.dll
 0001:0000daa6       abort                      000000018000eaa6 f   ucrtd:ucrtbased.dll
 0001:0000daac       _free_dbg                  000000018000eaac f   ucrtd:ucrtbased.dll
 0001:0000dab2       _malloc_dbg                000000018000eab2 f   ucrtd:ucrtbased.dll
 0001:0000dab8       terminate                  000000018000eab8 f   ucrtd:ucrtbased.dll
 0001:0000dabe       _callnewh                  000000018000eabe f   ucrtd:ucrtbased.dll
 0001:0000dac4       malloc                     000000018000eac4 f   ucrtd:ucrtbased.dll
 0001:0000daca       _initterm                  000000018000eaca f   ucrtd:ucrtbased.dll
 0001:0000dad0       _initterm_e                000000018000ead0 f   ucrtd:ucrtbased.dll
 0001:0000dad6       _seh_filter_dll            000000018000ead6 f   ucrtd:ucrtbased.dll
 0001:0000dadc       _configure_narrow_argv     000000018000eadc f   ucrtd:ucrtbased.dll
 0001:0000dae2       _initialize_narrow_environment 000000018000eae2 f   ucrtd:ucrtbased.dll
 0001:0000dae8       _initialize_onexit_table   000000018000eae8 f   ucrtd:ucrtbased.dll
 0001:0000daee       _register_onexit_function  000000018000eaee f   ucrtd:ucrtbased.dll
 0001:0000daf4       _execute_onexit_table      000000018000eaf4 f   ucrtd:ucrtbased.dll
 0001:0000dafa       _crt_atexit                000000018000eafa f   ucrtd:ucrtbased.dll
 0001:0000db00       _crt_at_quick_exit         000000018000eb00 f   ucrtd:ucrtbased.dll
 0001:0000db06       _cexit                     000000018000eb06 f   ucrtd:ucrtbased.dll
 0001:0000db10       __acrt_initialize          000000018000eb10 f   MSVCRTD:ucrt_stubs.obj
 0001:0000db10       __scrt_stub_for_acrt_initialize 000000018000eb10 f   MSVCRTD:ucrt_stubs.obj
 0001:0000db10       __vcrt_initialize          000000018000eb10 f   MSVCRTD:ucrt_stubs.obj
 0001:0000db20       __acrt_thread_attach       000000018000eb20 f   MSVCRTD:ucrt_stubs.obj
 0001:0000db20       __scrt_stub_for_acrt_thread_attach 000000018000eb20 f   MSVCRTD:ucrt_stubs.obj
 0001:0000db20       __vcrt_thread_attach       000000018000eb20 f   MSVCRTD:ucrt_stubs.obj
 0001:0000db30       __acrt_thread_detach       000000018000eb30 f   MSVCRTD:ucrt_stubs.obj
 0001:0000db30       __scrt_stub_for_acrt_thread_detach 000000018000eb30 f   MSVCRTD:ucrt_stubs.obj
 0001:0000db30       __vcrt_thread_detach       000000018000eb30 f   MSVCRTD:ucrt_stubs.obj
 0001:0000db40       __acrt_uninitialize        000000018000eb40 f   MSVCRTD:ucrt_stubs.obj
 0001:0000db40       __scrt_stub_for_acrt_uninitialize 000000018000eb40 f   MSVCRTD:ucrt_stubs.obj
 0001:0000db40       __vcrt_uninitialize        000000018000eb40 f   MSVCRTD:ucrt_stubs.obj
 0001:0000db50       __acrt_uninitialize_critical 000000018000eb50 f   MSVCRTD:ucrt_stubs.obj
 0001:0000db50       __scrt_stub_for_acrt_uninitialize_critical 000000018000eb50 f   MSVCRTD:ucrt_stubs.obj
 0001:0000db50       __vcrt_uninitialize_critical 000000018000eb50 f   MSVCRTD:ucrt_stubs.obj
 0001:0000db60       __scrt_stub_for_is_c_termination_complete 000000018000eb60 f   MSVCRTD:ucrt_stubs.obj
 0001:0000db60       _is_c_termination_complete 000000018000eb60 f   MSVCRTD:ucrt_stubs.obj
 0001:0000f420       _guard_dispatch_icall_nop  0000000180010420 f   MSVCRTD:guard_dispatch.obj
 0001:0000f440       _guard_xfg_dispatch_icall_nop 0000000180010440 f   MSVCRTD:guard_xfg_dispatch.obj
 0002:00000000       __xc_a                     0000000180013000     MSVCRTD:initializers.obj
 0002:00000110       __xc_z                     0000000180013110     MSVCRTD:initializers.obj
 0002:00000220       __xi_a                     0000000180013220     MSVCRTD:initializers.obj
 0002:00000330       __xi_z                     0000000180013330     MSVCRTD:initializers.obj
 0002:00000440       __xp_a                     0000000180013440     MSVCRTD:initializers.obj
 0002:00000550       __xp_z                     0000000180013550     MSVCRTD:initializers.obj
 0002:00000660       __xt_a                     0000000180013660     MSVCRTD:initializers.obj
 0002:00000770       __xt_z                     0000000180013770     MSVCRTD:initializers.obj
 0002:00000ae0       ??_7exception@std@@6B@     0000000180013ae0     manager_entity.obj
 0002:00000af8       ??_C@_0BC@EOODALEL@Unknown?5exception@ 0000000180013af8     manager_entity.obj
 0002:00000b18       ??_7bad_alloc@std@@6B@     0000000180013b18     manager_entity.obj
 0002:00000b38       ??_7bad_array_new_length@std@@6B@ 0000000180013b38     manager_entity.obj
 0002:00000b50       ??_C@_0BF@KINCDENJ@bad?5array?5new?5length@ 0000000180013b50     manager_entity.obj
 0002:00000b70       ??_C@_0BB@FCMFBGOM@invalid?5argument@ 0000000180013b70     manager_entity.obj
 0002:00000b84       ??_C@_02DKCKIIND@?$CFs@    0000000180013b84     manager_entity.obj
 0002:00000b90       ??_C@_0GC@GDGMGNBP@C?3?2Program?5Files?2Microsoft?5Visu@ 0000000180013b90     manager_entity.obj
 0002:00000c10       ??_C@_1ME@KJJNLLPL@?$AAC?$AA?3?$AA?2?$AAP?$AAr?$AAo?$AAg?$AAr?$AAa?$AAm?$AA?5?$AAF?$AAi?$AAl?$AAe@ 0000000180013c10     manager_entity.obj
 0002:00000cfc       ??_C@_11LOCGONAA@@         0000000180013cfc     manager_entity.obj
 0002:00000d00       ??_C@_1CG@JNLFBNGN@?$AA?$CC?$AAi?$AAn?$AAv?$AAa?$AAl?$AAi?$AAd?$AA?5?$AAa?$AAr?$AAg?$AAu?$AAm?$AAe@ 0000000180013d00     manager_entity.obj
 0002:00000d30       ??_C@_0BA@JFNIOLAK@string?5too?5long@ 0000000180013d30     manager_entity.obj
 0002:00000d50       ??_C@_0GC@MLKAFPLI@C?3?2Program?5Files?2Microsoft?5Visu@ 0000000180013d50     manager_entity.obj
 0002:00000dd0       ??_C@_0GC@EIONFNBJ@C?3?2Program?5Files?2Microsoft?5Visu@ 0000000180013dd0     manager_entity.obj
 0002:00000e50       ??_7ManagerEntity@@6B@     0000000180013e50     manager_entity.obj
 0002:00000e98       ??_C@_0N@LPFKKEBD@?3AM?3am?3PM?3pm@ 0000000180013e98     manager_entity.obj
 0002:00000ea8       ??_C@_0DG@KGHKKGBC@null?5pointer?5cannot?5point?5to?5a?5@ 0000000180013ea8     manager_entity.obj
 0002:00000ef0       ??_C@_1HA@FACCKGGH@?$AA?$CC?$AAn?$AAu?$AAl?$AAl?$AA?5?$AAp?$AAo?$AAi?$AAn?$AAt?$AAe?$AAr?$AA?5?$AAc@ 0000000180013ef0     manager_entity.obj
 0002:00000f78       ??_C@_1BK@MHIKGOKE@?$AA?3?$AAA?$AAM?$AA?3?$AAa?$AAm?$AA?3?$AAP?$AAM?$AA?3?$AAp?$AAm@ 0000000180013f78     manager_entity.obj
 0002:00001418       ??_7runtime_error@std@@6B@ 0000000180014418     player_entity.obj
 0002:00001438       ??_7_System_error@std@@6B@ 0000000180014438     player_entity.obj
 0002:00001458       ??_7system_error@std@@6B@  0000000180014458     player_entity.obj
 0002:00001478       ??_7_Generic_error_category@std@@6B@ 0000000180014478     player_entity.obj
 0002:000014b8       ??_C@_07DCLBNMLN@generic@  00000001800144b8     player_entity.obj
 0002:000014d0       ??_7_System_error_category@std@@6B@ 00000001800144d0     player_entity.obj
 0002:0000150c       ??_C@_06FHFOAHML@system@   000000018001450c     player_entity.obj
 0002:00001518       ?_Unknown_error@?4??message@_System_error_category@std@@UEBA?AV?$basic_string@DU?$char_traits@D@std@@V?$allocator@D@2@@3@H@Z@4QBDB 0000000180014518     player_entity.obj
 0002:00001528       ??_C@_0BP@FCPKDACH@non?9zero?5size?5null?5string_view@ 0000000180014528     player_entity.obj
 0002:00001550       ??_C@_0GC@JKKBGBPG@C?3?2Program?5Files?2Microsoft?5Visu@ 0000000180014550     player_entity.obj
 0002:000015d0       ??_C@_1ME@EHBBECCK@?$AAC?$AA?3?$AA?2?$AAP?$AAr?$AAo?$AAg?$AAr?$AAa?$AAm?$AA?5?$AAF?$AAi?$AAl?$AAe@ 00000001800145d0     player_entity.obj
 0002:000016c0       ??_C@_1EC@EBKHCANC@?$AA?$CC?$AAn?$AAo?$AAn?$AA?9?$AAz?$AAe?$AAr?$AAo?$AA?5?$AAs?$AAi?$AAz?$AAe?$AA?5@ 00000001800146c0     player_entity.obj
 0002:00001718       ??_7PlayerEntity@@6B@      0000000180014718     player_entity.obj
 0002:00001768       ??_SSpriteComponent@VE@@6B@ 0000000180014768     player_entity.obj
 0002:000017b0       ??_C@_0O@NKNMEGII@list?5too?5long@ 00000001800147b0     player_entity.obj
 0002:000017c0       __real@42c80000            00000001800147c0     player_entity.obj
 0002:00001bb8       ??_C@_1CM@BFAMBNFD@?$AA?$CB?$AAx?$AA?9?$AAs?$AAy?$AAs?$AA?9?$AAd?$AAe?$AAf?$AAa?$AAu?$AAl?$AAt?$AA?9@ 0000000180014bb8     msvcprtd:syserror_import_lib.obj
 0002:00001c18       ??_C@_0DN@EGIAHPNI@D?3?2a?2_work?21?2s?2src?2vctools?2crt?2@ 0000000180014c18     msvcprtd:filesystem.obj
 0002:00001c68       ??_C@_1BK@MGMFAEKH@?$AAk?$AAe?$AAr?$AAn?$AAe?$AAl?$AA3?$AA2?$AA?4?$AAd?$AAl?$AAl@ 0000000180014c68     msvcprtd:filesystem.obj
 0002:00001c88       ??_C@_0O@NNMIPI@GetTempPath2W@ 0000000180014c88     msvcprtd:filesystem.obj
 0002:00001ca0       ??_7type_info@@6B@         0000000180014ca0     MSVCRTD:std_type_info_static.obj
 0002:00001cb0       _pDefaultRawDllMain        0000000180014cb0     MSVCRTD:dll_dllmain.obj
 0002:00001cb0       _pRawDllMain               0000000180014cb0     MSVCRTD:dll_dllmain.obj
 0002:00001cc0       ??_C@_0P@GHFPNOJB@bad?5allocation@ 0000000180014cc0     MSVCRTD:throw_bad_alloc.obj
 0002:00001cf0       _load_config_used          0000000180014cf0     MSVCRTD:loadcfg.obj
 0002:00002000       __CastGuardVftablesStart   0000000180015000     MSVCRTD:guard_support.obj
 0002:00002200       __CastGuardVftablesEnd     0000000180015200     MSVCRTD:guard_support.obj
 0002:000023a0       ??_R4exception@std@@6B@    00000001800153a0     manager_entity.obj
 0002:000023d0       ??_R3exception@std@@8      00000001800153d0     manager_entity.obj
 0002:000023e8       ??_R2exception@std@@8      00000001800153e8     manager_entity.obj
 0002:000023f8       ??_R1A@?0A@EA@exception@std@@8 00000001800153f8     manager_entity.obj
 0002:00002428       ??_R4bad_array_new_length@std@@6B@ 0000000180015428     manager_entity.obj
 0002:00002458       ??_R3bad_array_new_length@std@@8 0000000180015458     manager_entity.obj
 0002:00002470       ??_R2bad_array_new_length@std@@8 0000000180015470     manager_entity.obj
 0002:00002498       ??_R1A@?0A@EA@bad_array_new_length@std@@8 0000000180015498     manager_entity.obj
 0002:000024c8       ??_R1A@?0A@EA@bad_alloc@std@@8 00000001800154c8     manager_entity.obj
 0002:000024f8       ??_R3bad_alloc@std@@8      00000001800154f8     manager_entity.obj
 0002:00002510       ??_R2bad_alloc@std@@8      0000000180015510     manager_entity.obj
 0002:00002528       ??_R4bad_alloc@std@@6B@    0000000180015528     manager_entity.obj
 0002:00002558       ??_R4ManagerEntity@@6B@    0000000180015558     manager_entity.obj
 0002:00002588       ??_R3ManagerEntity@@8      0000000180015588     manager_entity.obj
 0002:000025a0       ??_R2ManagerEntity@@8      00000001800155a0     manager_entity.obj
 0002:000025b8       ??_R1A@?0A@EA@ManagerEntity@@8 00000001800155b8     manager_entity.obj
 0002:000025e8       ??_R1A@?0A@EA@Entity@VE@@8 00000001800155e8     manager_entity.obj
 0002:00002618       ??_R3Entity@VE@@8          0000000180015618     manager_entity.obj
 0002:00002630       ??_R2Entity@VE@@8          0000000180015630     manager_entity.obj
 0002:00002640       ??_R4runtime_error@std@@6B@ 0000000180015640     player_entity.obj
 0002:00002670       ??_R3runtime_error@std@@8  0000000180015670     player_entity.obj
 0002:00002688       ??_R2runtime_error@std@@8  0000000180015688     player_entity.obj
 0002:000026a0       ??_R1A@?0A@EA@runtime_error@std@@8 00000001800156a0     player_entity.obj
 0002:000026d0       ??_R3error_category@std@@8 00000001800156d0     player_entity.obj
 0002:000026e8       ??_R2error_category@std@@8 00000001800156e8     player_entity.obj
 0002:000026f8       ??_R1A@?0A@EA@error_category@std@@8 00000001800156f8     player_entity.obj
 0002:00002728       ??_R4_System_error@std@@6B@ 0000000180015728     player_entity.obj
 0002:00002758       ??_R3_System_error@std@@8  0000000180015758     player_entity.obj
 0002:00002770       ??_R2_System_error@std@@8  0000000180015770     player_entity.obj
 0002:00002798       ??_R1A@?0A@EA@_System_error@std@@8 0000000180015798     player_entity.obj
 0002:000027c8       ??_R4system_error@std@@6B@ 00000001800157c8     player_entity.obj
 0002:000027f8       ??_R3system_error@std@@8   00000001800157f8     player_entity.obj
 0002:00002810       ??_R2system_error@std@@8   0000000180015810     player_entity.obj
 0002:00002840       ??_R1A@?0A@EA@system_error@std@@8 0000000180015840     player_entity.obj
 0002:00002870       ??_R4_Generic_error_category@std@@6B@ 0000000180015870     player_entity.obj
 0002:000028a0       ??_R3_Generic_error_category@std@@8 00000001800158a0     player_entity.obj
 0002:000028b8       ??_R2_Generic_error_category@std@@8 00000001800158b8     player_entity.obj
 0002:000028d0       ??_R1A@?0A@EA@_Generic_error_category@std@@8 00000001800158d0     player_entity.obj
 0002:00002900       ??_R4_System_error_category@std@@6B@ 0000000180015900     player_entity.obj
 0002:00002930       ??_R3_System_error_category@std@@8 0000000180015930     player_entity.obj
 0002:00002948       ??_R2_System_error_category@std@@8 0000000180015948     player_entity.obj
 0002:00002960       ??_R1A@?0A@EA@_System_error_category@std@@8 0000000180015960     player_entity.obj
 0002:00002990       ??_R4PlayerEntity@@6B@     0000000180015990     player_entity.obj
 0002:000029c0       ??_R3PlayerEntity@@8       00000001800159c0     player_entity.obj
 0002:000029d8       ??_R2PlayerEntity@@8       00000001800159d8     player_entity.obj
 0002:000029f0       ??_R1A@?0A@EA@PlayerEntity@@8 00000001800159f0     player_entity.obj
 0002:00002a20       ??_R4SpriteComponent@VE@@6B@ 0000000180015a20     player_entity.obj
 0002:00002a50       ??_R3SpriteComponent@VE@@8 0000000180015a50     player_entity.obj
 0002:00002a68       ??_R2SpriteComponent@VE@@8 0000000180015a68     player_entity.obj
 0002:00002a80       ??_R1A@?0A@EA@SpriteComponent@VE@@8 0000000180015a80     player_entity.obj
 0002:00002ab0       ??_R1A@?0A@EA@Component@VE@@8 0000000180015ab0     player_entity.obj
 0002:00002ae0       ??_R3Component@VE@@8       0000000180015ae0     player_entity.obj
[...]
 0002:00003c3c       $unwind$__std_fs_copy_file 0000000180016c3c     msvcprtd:filesystem.obj
 0002:00003c52       $cppxdata$__std_fs_copy_file 0000000180016c52     msvcprtd:filesystem.obj
 0002:00003c57       $ip2state$__std_fs_copy_file 0000000180016c57     msvcprtd:filesystem.obj
 0002:00003c5c       $unwind$__std_fs_directory_iterator_open 0000000180016c5c     msvcprtd:filesystem.obj
 0002:00003c64       $unwind$__std_fs_directory_iterator_close 0000000180016c64     msvcprtd:filesystem.obj
 0002:00003c6c       $unwind$__std_fs_get_stats 0000000180016c6c     msvcprtd:filesystem.obj
 0002:00003c82       $cppxdata$__std_fs_get_stats 0000000180016c82     msvcprtd:filesystem.obj
 0002:00003c87       $ip2state$__std_fs_get_stats 0000000180016c87     msvcprtd:filesystem.obj
 0002:00003c8c       $unwind$__std_fs_directory_iterator_advance 0000000180016c8c     msvcprtd:filesystem.obj
 0002:00003c94       $unwind$__std_fs_code_page 0000000180016c94     msvcprtd:filesystem.obj
 0002:00003c9c       $unwind$__std_fs_convert_narrow_to_wide 0000000180016c9c     msvcprtd:filesystem.obj
 0002:00003ca4       $unwind$__std_fs_convert_wide_to_narrow 0000000180016ca4     msvcprtd:filesystem.obj
 0002:00003cac       $unwind$__std_fs_convert_wide_to_narrow_replace_chars 0000000180016cac     msvcprtd:filesystem.obj
 0002:00003cb4       $unwind$__std_fs_get_file_id 0000000180016cb4     msvcprtd:filesystem.obj
 0002:00003cc5       $cppxdata$__std_fs_get_file_id 0000000180016cc5     msvcprtd:filesystem.obj
 0002:00003cca       $ip2state$__std_fs_get_file_id 0000000180016cca     msvcprtd:filesystem.obj
 0002:00003cd0       $unwind$__std_fs_set_last_write_time 0000000180016cd0     msvcprtd:filesystem.obj
 0002:00003ce1       $cppxdata$__std_fs_set_last_write_time 0000000180016ce1     msvcprtd:filesystem.obj
 0002:00003ce6       $ip2state$__std_fs_set_last_write_time 0000000180016ce6     msvcprtd:filesystem.obj
 0002:00003cec       $unwind$__std_fs_change_permissions 0000000180016cec     msvcprtd:filesystem.obj
 0002:00003d02       $cppxdata$__std_fs_change_permissions 0000000180016d02     msvcprtd:filesystem.obj
 0002:00003d07       $ip2state$__std_fs_change_permissions 0000000180016d07     msvcprtd:filesystem.obj
 0002:00003d0c       $unwind$__std_fs_get_temp_path 0000000180016d0c     msvcprtd:filesystem.obj
 0002:00003d14       $unwind$__std_fs_get_current_path 0000000180016d14     msvcprtd:filesystem.obj
 0002:00003d1c       $unwind$__std_fs_set_current_path 0000000180016d1c     msvcprtd:filesystem.obj
 0002:00003d24       $unwind$__std_fs_create_directory_symbolic_link 0000000180016d24     msvcprtd:filesystem.obj
 0002:00003d2c       $unwind$__std_fs_create_hard_link 0000000180016d2c     msvcprtd:filesystem.obj
 0002:00003d34       $unwind$__std_fs_create_symbolic_link 0000000180016d34     msvcprtd:filesystem.obj
 0002:00003d3c       $unwind$__std_fs_read_reparse_data_buffer 0000000180016d3c     msvcprtd:filesystem.obj
 0002:00003d44       $unwind$__std_fs_write_reparse_data_buffer 0000000180016d44     msvcprtd:filesystem.obj
 0002:00003d4c       $unwind$__std_fs_is_junction_from_reparse_data_buffer 0000000180016d4c     msvcprtd:filesystem.obj
 0002:00003d54       $unwind$__std_fs_read_name_from_reparse_data_buffer 0000000180016d54     msvcprtd:filesystem.obj
 0002:00003d5c       $unwind$__std_fs_create_directory 0000000180016d5c     msvcprtd:filesystem.obj
 0002:00003d70       $unwind$__std_fs_remove    0000000180016d70     msvcprtd:filesystem.obj
 0002:00003d86       $cppxdata$__std_fs_remove  0000000180016d86     msvcprtd:filesystem.obj
 0002:00003d8b       $ip2state$__std_fs_remove  0000000180016d8b     msvcprtd:filesystem.obj
 0002:00003d90       $unwind$__std_fs_rename    0000000180016d90     msvcprtd:filesystem.obj
 0002:00003d98       $unwind$__std_fs_resize_file 0000000180016d98     msvcprtd:filesystem.obj
 0002:00003da9       $cppxdata$__std_fs_resize_file 0000000180016da9     msvcprtd:filesystem.obj
 0002:00003dae       $ip2state$__std_fs_resize_file 0000000180016dae     msvcprtd:filesystem.obj
 0002:00003db4       $unwind$__std_fs_space     0000000180016db4     msvcprtd:filesystem.obj
 0002:00003dc5       $cppxdata$__std_fs_space   0000000180016dc5     msvcprtd:filesystem.obj
 0002:00003dca       $ip2state$__std_fs_space   0000000180016dca     msvcprtd:filesystem.obj
 0002:00003dd0       $unwind$??0_Fs_file@std@@QEAA@QEB_WW4__std_access_rights@@W4__std_fs_file_flags@@QEAW4__std_win_error@@@Z 0000000180016dd0     msvcprtd:filesystem.obj
 0002:00003dd8       $unwind$??1_Fs_file@std@@QEAA@XZ 0000000180016dd8     msvcprtd:filesystem.obj
 0002:00003de0       $unwind$?_Translate_CreateFile_last_error@?A0xffd0ec71@@YA?AW4__std_win_error@@QEAX@Z 0000000180016de0     msvcprtd:filesystem.obj
 0002:00003de8       $unwind$?__vcp_Copyfile@?A0xffd0ec71@@YA?AU__std_fs_copy_file_result@@QEB_W0_N@Z 0000000180016de8     msvcprtd:filesystem.obj
 0002:00003df0       $unwind$?_Create_symlink@?A0xffd0ec71@@YA?AW4__std_win_error@@QEB_W0K@Z 0000000180016df0     msvcprtd:filesystem.obj
 0002:00003df8       $unwind$?_Translate_not_found_to_success@?A0xffd0ec71@@YA?AW4__std_win_error@@W42@@Z 0000000180016df8     msvcprtd:filesystem.obj
 0002:00003e00       $unwind$?_Get_last_write_time_by_handle@?A0xffd0ec71@@YA?AW4__std_win_error@@QEAXQEA_J@Z 0000000180016e00     msvcprtd:filesystem.obj
 0002:00003e14       $unwind$?_Get_file_id_by_handle@?A0xffd0ec71@@YA?AW4__std_win_error@@QEAXQEAU_FILE_ID_INFO@@@Z 0000000180016e14     msvcprtd:filesystem.obj
 0002:00003e28       $unwind$?_Set_delete_flag@?A0xffd0ec71@@YA?AW4__std_win_error@@W4__std_fs_file_handle@@@Z 0000000180016e28     msvcprtd:filesystem.obj
 0002:00003e30       $unwind$??1?$__crt_unique_heap_ptr@_WU__crt_internal_free_policy@@@@QEAA@XZ 0000000180016e30     msvcprtd:filesystem.obj
 0002:00003e38       $unwind$??4?$__crt_unique_heap_ptr@_WU__crt_internal_free_policy@@@@QEAAAEAV0@$$QEAV0@@Z 0000000180016e38     msvcprtd:filesystem.obj
 0002:00003e40       $unwind$?release@?$__crt_unique_heap_ptr@_WU__crt_internal_free_policy@@@@QEAAXXZ 0000000180016e40     msvcprtd:filesystem.obj
 0002:00003e48       $unwind$?is_valid@?$__crt_unique_heap_ptr@_WU__crt_internal_free_policy@@@@QEBA_NXZ 0000000180016e48     msvcprtd:filesystem.obj
 0002:00003e50       $unwind$??B?$__crt_unique_heap_ptr@_WU__crt_internal_free_policy@@@@QEBA_NXZ 0000000180016e50     msvcprtd:filesystem.obj
 0002:00003e58       $unwind$_Stl_GetTempPath2W 0000000180016e58     msvcprtd:filesystem.obj
 0002:00003e69       $cppxdata$_Stl_GetTempPath2W 0000000180016e69     msvcprtd:filesystem.obj
 0002:00003e6e       $ip2state$_Stl_GetTempPath2W 0000000180016e6e     msvcprtd:filesystem.obj
 0002:00003e74       $unwind$??$_Bitmask_includes_any@W4__std_fs_file_attr@@@std@@YA_NW4__std_fs_file_attr@@0@Z 0000000180016e74     msvcprtd:filesystem.obj
 0002:00003e7c       $unwind$__std_fs_create_directory_template 0000000180016e7c     msvcprtd:filesystem.obj
 0002:00003e84       $unwind$??$?R_W@__crt_internal_free_policy@@QEBAXQEB_W@Z 0000000180016e84     msvcprtd:filesystem.obj
 0002:00003e8c       $unwind$??_M@YAXPEAX_K1P6AX0@Z@Z 0000000180016e8c     MSVCRTD:ehvecdtr.obj
 0002:00003eb0       $unwind$?fin$0@?0???_M@YAXPEAX_K1P6AX0@Z@Z@4HA 0000000180016eb0     MSVCRTD:ehvecdtr.obj
 0002:00003eb8       $unwind$?__ArrayUnwind@@YAXPEAX_K1P6AX0@Z@Z 0000000180016eb8     MSVCRTD:ehvecdtr.obj
 0002:00003edc       $unwind$?filt$0@?0??__ArrayUnwind@@YAXPEAX_K1P6AX0@Z@Z@4HA 0000000180016edc     MSVCRTD:ehvecdtr.obj
 0002:00003ee4       $unwind$?ArrayUnwindFilter@@YAHPEAU_EXCEPTION_POINTERS@@@Z 0000000180016ee4     MSVCRTD:ehvecdtr.obj
 0002:00003eec       $unwind$??_M@YAXPEAX_KHP6AX0@Z@Z 0000000180016eec     MSVCRTD:ehvecdtr.obj
 0002:00003ef4       $unwind$??2@YAPEAX_K@Z     0000000180016ef4     MSVCRTD:new_scalar.obj
 0002:00003efc       $unwind$??3@YAXPEAX_K@Z    0000000180016efc     MSVCRTD:delete_scalar_size.obj
 0002:00003f04       $unwind$??_V@YAXPEAX_K@Z   0000000180016f04     MSVCRTD:delete_array_size.obj
 0002:00003f0c       $unwind$__GSHandlerCheckCommon 0000000180016f0c     MSVCRTD:gshandler.obj
 0002:00003f14       $unwind$__GSHandlerCheck   0000000180016f14     MSVCRTD:gshandler.obj
 0002:00003f20       $xdatasym                  0000000180016f20     MSVCRTD:amdsecgs.obj
 0002:00003f24       $unwind$??_Gtype_info@@UEAAPEAXI@Z 0000000180016f24     MSVCRTD:std_type_info_static.obj
 0002:00003f2c       $unwind$__GSHandlerCheck_EH4 0000000180016f2c     MSVCRTD:gshandlereh4.obj
 0002:00003f34       $unwind$?dllmain_crt_process_attach@@YAHQEAUHINSTANCE__@@QEAX@Z 0000000180016f34     MSVCRTD:dll_dllmain.obj
 0002:00003f58       $unwind$?fin$0@?0??dllmain_crt_process_attach@@YAHQEAUHINSTANCE__@@QEAX@Z@4HA 0000000180016f58     MSVCRTD:dll_dllmain.obj
 0002:00003f60       $unwind$?dllmain_crt_process_detach@@YAH_N@Z 0000000180016f60     MSVCRTD:dll_dllmain.obj
 0002:00003f94       $unwind$?fin$0@?0??dllmain_crt_process_detach@@YAH_N@Z@4HA 0000000180016f94     MSVCRTD:dll_dllmain.obj
 0002:00003f9c       $unwind$?fin$1@?0??dllmain_crt_process_detach@@YAH_N@Z@4HA 0000000180016f9c     MSVCRTD:dll_dllmain.obj
 0002:00003fa4       $unwind$?dllmain_crt_dispatch@@YAHQEAUHINSTANCE__@@KQEAX@Z 0000000180016fa4     MSVCRTD:dll_dllmain.obj
 0002:00003fac       $unwind$_CRT_INIT          0000000180016fac     MSVCRTD:dll_dllmain.obj
 0002:00003fb4       $unwind$?dllmain_raw@@YAHQEAUHINSTANCE__@@KQEAX@Z 0000000180016fb4     MSVCRTD:dll_dllmain.obj
 0002:00003fbc       $unwind$?dllmain_dispatch@@YAHQEAUHINSTANCE__@@KQEAX@Z 0000000180016fbc     MSVCRTD:dll_dllmain.obj
 0002:00003fe0       $unwind$?filt$0@?0??dllmain_dispatch@@YAHQEAUHINSTANCE__@@KQEAX@Z@4HA 0000000180016fe0     MSVCRTD:dll_dllmain.obj
 0002:00003fe8       $unwind$_DllMainCRTStartup 0000000180016fe8     MSVCRTD:dll_dllmain.obj
 0002:00003ff0       $unwind$ReadNoFence64      0000000180016ff0     MSVCRTD:guard_support.obj
 0002:00003ff8       $unwind$ReadPointerNoFence 0000000180016ff8     MSVCRTD:guard_support.obj
 0002:00004000       $unwind$__castguard_set_user_handler 0000000180017000     MSVCRTD:guard_support.obj
 0002:00004008       $unwind$_guard_icall_checks_enforced 0000000180017008     MSVCRTD:guard_support.obj
 0002:00004010       $unwind$__castguard_compat_check 0000000180017010     MSVCRTD:guard_support.obj
 0002:00004018       $unwind$__castguard_check_failure_os_handled_wrapper 0000000180017018     MSVCRTD:guard_support.obj
 0002:00004020       $unwind$__castguard_check_failure_user_handled_wrapper 0000000180017020     MSVCRTD:guard_support.obj
 0002:00004028       $unwind$__castguard_check_failure_debugbreak 0000000180017028     MSVCRTD:guard_support.obj
 0002:00004030       $unwind$__castguard_check_failure_fastfail 0000000180017030     MSVCRTD:guard_support.obj
 0002:00004038       $unwind$__castguard_check_failure_os_handled 0000000180017038     MSVCRTD:guard_support.obj
 0002:00004040       $unwind$__castguard_check_failure_user_handled 0000000180017040     MSVCRTD:guard_support.obj
 0002:00004048       $unwind$__castguard_slow_path_compat_check 0000000180017048     MSVCRTD:guard_support.obj
 0002:00004050       $unwind$__castguard_slow_path_check_debugbreak 0000000180017050     MSVCRTD:guard_support.obj
 0002:00004058       $unwind$__castguard_slow_path_check_fastfail 0000000180017058     MSVCRTD:guard_support.obj
 0002:00004060       $unwind$__castguard_slow_path_check_os_handled 0000000180017060     MSVCRTD:guard_support.obj
 0002:00004068       $unwind$__castguard_slow_path_check_user_handled 0000000180017068     MSVCRTD:guard_support.obj
 0002:00004070       $unwind$??0bad_alloc@std@@QEAA@XZ 0000000180017070     MSVCRTD:throw_bad_alloc.obj
 0002:00004078       $unwind$?__scrt_throw_std_bad_alloc@@YAXXZ 0000000180017078     MSVCRTD:throw_bad_alloc.obj
 0002:00004080       $unwind$?__scrt_throw_std_bad_array_new_length@@YAXXZ 0000000180017080     MSVCRTD:throw_bad_alloc.obj
 0002:00004088       $unwind$??3@YAXPEAX@Z      0000000180017088     MSVCRTD:delete_scalar.obj
 0002:00004090       $unwind$??_V@YAXPEAX@Z     0000000180017090     MSVCRTD:delete_array.obj
 0002:00004098       $unwind$__report_securityfailure 0000000180017098     MSVCRTD:gs_report.obj
 0002:000040a0       $unwind$__report_securityfailureEx 00000001800170a0     MSVCRTD:gs_report.obj
 0002:000040a8       $unwind$__report_rangecheckfailure 00000001800170a8     MSVCRTD:gs_report.obj
 0002:000040b0       $unwind$__report_gsfailure 00000001800170b0     MSVCRTD:gs_report.obj
 0002:000040b8       $unwind$capture_current_context 00000001800170b8     MSVCRTD:gs_report.obj
 0002:000040c0       $unwind$capture_previous_context 00000001800170c0     MSVCRTD:gs_report.obj
 0002:000040c8       $unwind$__raise_securityfailure 00000001800170c8     MSVCRTD:gs_report.obj
 0002:000040d0       $unwind$__security_init_cookie 00000001800170d0     MSVCRTD:gs_support.obj
 0002:000040d8       $unwind$__get_entropy      00000001800170d8     MSVCRTD:gs_support.obj
 0002:000040e0       $unwind$DllMain            00000001800170e0     MSVCRTD:dll_dllmain_stub.obj
 0002:000040e8       $unwind$?__scrt_initialize_type_info@@YAXXZ 00000001800170e8     MSVCRTD:tncleanup.obj
 0002:000040f0       $unwind$?__scrt_uninitialize_type_info@@YAXXZ 00000001800170f0     MSVCRTD:tncleanup.obj
 0002:000040f8       $unwind$__scrt_initialize_default_local_stdio_options 00000001800170f8     MSVCRTD:default_local_stdio_options.obj
 0002:00004100       $unwind$atexit             0000000180017100     MSVCRTD:utility.obj
 0002:00004108       $unwind$_onexit            0000000180017108     MSVCRTD:utility.obj
 0002:00004110       $unwind$at_quick_exit      0000000180017110     MSVCRTD:utility.obj
 0002:00004118       $unwind$__scrt_is_nonwritable_in_current_image 0000000180017118     MSVCRTD:utility.obj
 0002:0000413c       $unwind$__scrt_is_nonwritable_in_current_image$filt$0 000000018001713c     MSVCRTD:utility.obj
 0002:00004144       $unwind$__scrt_acquire_startup_lock 0000000180017144     MSVCRTD:utility.obj
 0002:0000414c       $unwind$__scrt_release_startup_lock 000000018001714c     MSVCRTD:utility.obj
 0002:00004154       $unwind$__scrt_initialize_crt 0000000180017154     MSVCRTD:utility.obj
 0002:0000415c       $unwind$__scrt_uninitialize_crt 000000018001715c     MSVCRTD:utility.obj
 0002:00004164       $unwind$__scrt_initialize_onexit_tables 0000000180017164     MSVCRTD:utility.obj
 0002:00004174       $unwind$__scrt_dllmain_exception_filter 0000000180017174     MSVCRTD:utility.obj
 0002:0000417c       $unwind$__scrt_dllmain_before_initialize_c 000000018001717c     MSVCRTD:utility.obj
 0002:00004184       $unwind$__scrt_dllmain_after_initialize_c 0000000180017184     MSVCRTD:utility.obj
 0002:0000418c       $unwind$__scrt_dllmain_uninitialize_c 000000018001718c     MSVCRTD:utility.obj
 0002:00004194       $unwind$__scrt_dllmain_uninitialize_critical 0000000180017194     MSVCRTD:utility.obj
 0002:0000419c       $unwind$__scrt_dllmain_crt_thread_attach 000000018001719c     MSVCRTD:utility.obj
 0002:000041a4       $unwind$__scrt_dllmain_crt_thread_detach 00000001800171a4     MSVCRTD:utility.obj
 0002:000041ac       $unwind$?configure_argv@__scrt_narrow_argv_policy@@SAHXZ 00000001800171ac     MSVCRTD:utility.obj
 0002:000041b4       $unwind$?initialize_environment@__scrt_narrow_environment_policy@@SAHXZ 00000001800171b4     MSVCRTD:utility.obj
 0002:000041bc       $unwind$?is_potentially_valid_image_base@@YA_NQEAX@Z 00000001800171bc     MSVCRTD:utility.obj
 0002:000041c4       $unwind$?find_pe_section@@YAPEAU_IMAGE_SECTION_HEADER@@QEAE_K@Z 00000001800171c4     MSVCRTD:utility.obj
 0002:000041cc       $unwind$__scrt_get_show_window_mode 00000001800171cc     MSVCRTD:utility_desktop.obj
 0002:000041dc       $unwind$__scrt_is_managed_app 00000001800171dc     MSVCRTD:utility_desktop.obj
 0002:000041e4       $unwind$__scrt_initialize_mta 00000001800171e4     MSVCRTD:utility_desktop.obj
 0002:000041ec       $unwind$__scrt_set_unhandled_exception_filter 00000001800171ec     MSVCRTD:utility_desktop.obj
 0002:000041f4       $unwind$__scrt_fastfail    00000001800171f4     MSVCRTD:utility_desktop.obj
 0002:00004204       $unwind$__scrt_unhandled_exception_filter 0000000180017204     MSVCRTD:utility_desktop.obj
 0002:0000420c       $unwind$_RTC_Initialize    000000018001720c     MSVCRTD:initsect.obj
 0002:0000421c       $unwind$_RTC_Terminate     000000018001721c     MSVCRTD:initsect.obj
 0002:00004230       $xdatasym                  0000000180017230     MSVCRTD:guard_dispatch.obj
 0002:00004238       $xdatasym                  0000000180017238     MSVCRTD:guard_xfg_dispatch.obj
 0002:0000423c       $unwind$__isa_available_init 000000018001723c     MSVCRTD:cpu_disp.obj
 0002:00004250       $unwind$__scrt_is_ucrt_dll_in_use 0000000180017250     MSVCRTD:ucrt_detection.obj
 0002:00004870       .edata                     0000000180017870     test_project.exp
 0002:00004898       rgpv                       0000000180017898     test_project.exp
 0002:000048d8       rgszName                   00000001800178d8     test_project.exp
 0002:00004918       rgwOrd                     0000000180017918     test_project.exp
 0002:00004938       szName                     0000000180017938     test_project.exp
 0002:00004949       $N00001                    0000000180017949     test_project.exp
 0002:00004969       $N00002                    0000000180017969     test_project.exp
 0002:000049c1       $N00003                    00000001800179c1     test_project.exp
 0002:000049e0       $N00004                    00000001800179e0     test_project.exp
 0002:00004a37       $N00005                    0000000180017a37     test_project.exp
 0002:00004a51       $N00006                    0000000180017a51     test_project.exp
 0002:00004a6a       $N00007                    0000000180017a6a     test_project.exp
 0002:00004a8f       $N00008                    0000000180017a8f     test_project.exp
 0002:00004ab3       $N00009                    0000000180017ab3     test_project.exp
 0002:00004aca       $N00010                    0000000180017aca     test_project.exp
 0002:00004ae0       $N00011                    0000000180017ae0     test_project.exp
 0002:00004afe       $N00012                    0000000180017afe     test_project.exp
 0002:00004b1b       $N00013                    0000000180017b1b     test_project.exp
 0002:00004b3b       $N00014                    0000000180017b3b     test_project.exp
 0002:00004b5a       $N00015                    0000000180017b5a     test_project.exp
 0002:00004b6e       $N00016                    0000000180017b6e     test_project.exp
 0003:000006e0       ?__proc_attached@@3HA      00000001800186e0     MSVCRTD:dll_dllmain.obj
 0003:00000700       GS_ExceptionRecord         0000000180018700     MSVCRTD:gs_report.obj
 0003:000007a0       GS_ContextRecord           00000001800187a0     MSVCRTD:gs_report.obj
 0003:00000dd8       ?is_initialized_as_dll@@3_NA 0000000180018dd8     MSVCRTD:utility.obj
 0003:00000dd9       ?module_local_atexit_table_initialized@@3_NA 0000000180018dd9     MSVCRTD:utility.obj
 0003:00000de0       ?module_local_atexit_table@@3U_onexit_table_t@@A 0000000180018de0     MSVCRTD:utility.obj
 0003:00000df8       ?module_local_at_quick_exit_table@@3U_onexit_table_t@@A 0000000180018df8     MSVCRTD:utility.obj
 0005:0000148c       .idata$6                   000000018001c48c     VEngine:VEngine.dll
 0005:00001620       .idata$6                   000000018001c620     msvcprtd:MSVCP140D.dll
 0005:00001a5a       .idata$6                   000000018001ca5a     kernel32:KERNEL32.dll
 0005:00001b50       .idata$6                   000000018001cb50     vcruntimed:VCRUNTIME140D.dll
 0005:00001b62       .idata$6                   000000018001cb62     vcruntimed:VCRUNTIME140_1D.dll
 0005:00001cfe       .idata$6                   000000018001ccfe     ucrtd:ucrtbased.dll
