 project

 Timestamp is 6734fca0 (Wed Nov 13 21:23:12 2024)

 Preferred load address is 0000000180000000

 Start         Length     Name                   Class
 0001:00000000 00007630H .text$mn                CODE
 0001:00007630 00001040H .text$mn$00             CODE
 0001:00008670 0000123aH .text$x                 CODE
 0002:00000000 00000110H .CRT$XCA                DATA
 0002:00000110 00000110H .CRT$XCZ                DATA
 0002:00000220 00000110H .CRT$XIA                DATA
 0002:00000330 00000110H .CRT$XIZ                DATA
 0002:00000440 00000110H .CRT$XPA                DATA
 0002:00000550 00000110H .CRT$XPZ                DATA
 0002:00000660 00000110H .CRT$XTA                DATA
 0002:00000770 00000110H .CRT$XTZ                DATA
 0002:00000880 00000d00H .rdata                  DATA
 0002:00001580 00000200H .rdata$CastGuardVftablesA DATA
 0002:00001780 000001a0H .rdata$CastGuardVftablesC DATA
 0002:00001920 00000434H .rdata$r                DATA
 0002:00001d54 0000018cH .rdata$zzzdbg           DATA
 0002:00001ee0 00000110H .rtc$IAA                DATA
 0002:00001ff0 00000110H .rtc$IZZ                DATA
 0002:00002100 00000110H .rtc$TAA                DATA
 0002:00002210 00000110H .rtc$TZZ                DATA
 0002:00002320 00000a28H .xdata                  DATA
 0002:00002d48 00000218H .xdata$x                DATA
 0002:00002f60 00000314H .edata                  DATA
 0003:00000000 00000190H .data                   DATA
 0003:00000190 00000198H .data$r                 DATA
 0003:00000328 00000188H .data$rs                DATA
 0003:000004b0 00000761H .bss                    DATA
 0004:00000000 00000a38H .pdata                  DATA
 0005:00000000 00000488H .idata$5                DATA
 0005:00000488 00000078H .idata$2                DATA
 0005:00000500 00000018H .idata$3                DATA
 0005:00000518 00000488H .idata$4                DATA
 0005:000009a0 00000ad0H .idata$6                DATA
 0006:00000000 00000175H .00cfg                  DATA

  Address         Publics by Value              Rva+Base               Lib:Object

 0000:00000000       __AbsoluteZero             0000000000000000     <absolute>
 0000:00000000       ___safe_se_handler_count   0000000000000000     <absolute>
 0000:00000000       ___safe_se_handler_table   0000000000000000     <absolute>
 0000:00000000       __arm64x_extra_rfe_table   0000000000000000     <absolute>
 0000:00000000       __arm64x_extra_rfe_table_size 0000000000000000     <absolute>
 0000:00000000       __arm64x_native_entrypoint 0000000000000000     <absolute>
 0000:00000000       __arm64x_redirection_metadata 0000000000000000     <absolute>
 0000:00000000       __arm64x_redirection_metadata_count 0000000000000000     <absolute>
 0000:00000000       __dynamic_value_reloc_table 0000000000000000     <absolute>
 0000:00000000       __enclave_config           0000000000000000     <absolute>
 0000:00000000       __guard_check_icall_a64n_fptr 0000000000000000     <absolute>
 0000:00000000       __guard_eh_cont_count      0000000000000000     <absolute>
 0000:00000000       __guard_eh_cont_table      0000000000000000     <absolute>
 0000:00000000       __guard_fids_count         0000000000000000     <absolute>
 0000:00000000       __guard_fids_table         0000000000000000     <absolute>
 0000:00000000       __guard_iat_count          0000000000000000     <absolute>
 0000:00000000       __guard_iat_table          0000000000000000     <absolute>
 0000:00000000       __guard_longjmp_count      0000000000000000     <absolute>
 0000:00000000       __guard_longjmp_table      0000000000000000     <absolute>
 0000:00000000       __hybrid_auxiliary_delayload_iat 0000000000000000     <absolute>
 0000:00000000       __hybrid_auxiliary_delayload_iat_copy 0000000000000000     <absolute>
 0000:00000000       __hybrid_auxiliary_iat     0000000000000000     <absolute>
 0000:00000000       __hybrid_auxiliary_iat_copy 0000000000000000     <absolute>
 0000:00000000       __hybrid_code_map          0000000000000000     <absolute>
 0000:00000000       __hybrid_code_map_count    0000000000000000     <absolute>
 0000:00000000       __hybrid_image_info_bitfield 0000000000000000     <absolute>
 0000:00000000       __volatile_metadata        0000000000000000     <absolute>
 0000:00000000       __x64_code_ranges_to_entry_points 0000000000000000     <absolute>
 0000:00000000       __x64_code_ranges_to_entry_points_count 0000000000000000     <absolute>
 0000:00000100       __guard_flags              0000000000000100     <absolute>
 0000:00000000       __ImageBase                0000000180000000     <linker-defined>
 0001:00000870       ??0PlayerEntity@@QEAA@V?$basic_string@DU?$char_traits@D@std@@V?$allocator@D@2@@std@@@Z 0000000180001870 f   player_entity.obj
 0001:000008e0       ??1PlayerEntity@@UEAA@XZ   00000001800018e0 f   player_entity.obj
 0001:00000910       ?Start@PlayerEntity@@UEAAXXZ 0000000180001910 f   player_entity.obj
 0001:00000920       ?Update@PlayerEntity@@UEAAXM@Z 0000000180001920 f   player_entity.obj
 0001:00000960       ??$?0D@?$allocator@U_Container_proxy@std@@@std@@QEAA@AEBV?$allocator@D@1@@Z 0000000180001960 f i player_entity.obj
 0001:00000980       ??$?0V?$allocator@D@std@@$$V@?$_Compressed_pair@V?$allocator@D@std@@V?$_String_val@U?$_Simple_types@D@std@@@2@$00@std@@QEAA@U_One_then_variadic_args_t@1@$$QEAV?$allocator@D@1@@Z 0000000180001980 f i player_entity.obj
 0001:000009d0       ??$_Allocate@$0BA@U_Default_allocate_traits@std@@@std@@YAPEAX_K@Z 00000001800019d0 f i player_entity.obj
 0001:00000a20       ??$_Allocate_at_least_helper@V?$allocator@D@std@@@std@@YAPEADAEAV?$allocator@D@0@AEA_K@Z 0000000180001a20 f i player_entity.obj
 0001:00000a50       ??$_Allocate_for_capacity@$0A@@?$basic_string@DU?$char_traits@D@std@@V?$allocator@D@2@@std@@CAPEADAEAV?$allocator@D@1@AEA_K@Z 0000000180001a50 f i player_entity.obj
 0001:00000ac0       ??$_Allocate_manually_vector_aligned@U_Default_allocate_traits@std@@@std@@YAPEAX_K@Z 0000000180001ac0 f i player_entity.obj
 0001:00000c10       ??$_Construct@$01PEBD@?$basic_string@DU?$char_traits@D@std@@V?$allocator@D@2@@std@@AEAAXQEBD_K@Z 0000000180001c10 f i player_entity.obj
 0001:00000e20       ??$_Construct_in_place@PEADAEBQEAD@std@@YAXAEAPEADAEBQEAD@Z 0000000180001e20 f i player_entity.obj
 0001:00000e80       ??$_Construct_in_place@U_Container_proxy@std@@PEAU_Container_base12@2@@std@@YAXAEAU_Container_proxy@0@$$QEAPEAU_Container_base12@0@@Z 0000000180001e80 f i player_entity.obj
 0001:00000ef0       ??$_Deallocate@$0BA@@std@@YAXPEAX_K@Z 0000000180001ef0 f i player_entity.obj
 0001:00000f40       ??$_Deallocate_plain@V?$allocator@U_Container_proxy@std@@@std@@@std@@YAXAEAV?$allocator@U_Container_proxy@std@@@0@QEAU_Container_proxy@0@@Z 0000000180001f40 f i player_entity.obj
 0001:00000f80       ??$_Delete_plain_internal@V?$allocator@U_Container_proxy@std@@@std@@@std@@YAXAEAV?$allocator@U_Container_proxy@std@@@0@QEAU_Container_proxy@0@@Z 0000000180001f80 f i player_entity.obj
 0001:00000fb0       ??$_Destroy_in_place@PEAD@std@@YAXAEAPEAD@Z 0000000180001fb0 f i player_entity.obj
 0001:00000fc0       ??$_Get_size_of_n@$00@std@@YA_K_K@Z 0000000180001fc0 f i player_entity.obj
 0001:00000fe0       ??$_Get_size_of_n@$0BA@@std@@YA_K_K@Z 0000000180001fe0 f i player_entity.obj
 0001:00001030       ??$_Getvals@_W@?$time_get@DV?$istreambuf_iterator@DU?$char_traits@D@std@@@std@@@std@@IEAAX_WAEBV_Locinfo@1@@Z 0000000180002030 f i player_entity.obj
 0001:00001200       ??$_Getvals@_W@?$time_get@_WV?$istreambuf_iterator@_WU?$char_traits@_W@std@@@std@@@std@@IEAAX_WAEBV_Locinfo@1@@Z 0000000180002200 f i player_entity.obj
 0001:000013d0       ??$_Maklocstr@D@std@@YAPEADPEBDPEADAEBU_Cvtvec@@@Z 00000001800023d0 f i player_entity.obj
 0001:000014b0       ??$_Maklocstr@_W@std@@YAPEA_WPEBDPEA_WAEBU_Cvtvec@@@Z 00000001800024b0 f i player_entity.obj
 0001:00001710       ??$_Unfancy@D@std@@YAPEADPEAD@Z 0000000180002710 f i player_entity.obj
 0001:00001720       ??$_Unfancy@U_Container_proxy@std@@@std@@YAPEAU_Container_proxy@0@PEAU10@@Z 0000000180002720 f i player_entity.obj
 0001:00001730       ??$addressof@PEAD@std@@YAPEAPEADAEAPEAD@Z 0000000180002730 f i player_entity.obj
 0001:00001740       ??$addressof@U_Container_base12@std@@@std@@YAPEAU_Container_base12@0@AEAU10@@Z 0000000180002740 f i player_entity.obj
 0001:00001750       ??$addressof@U_Container_proxy@std@@@std@@YAPEAU_Container_proxy@0@AEAU10@@Z 0000000180002750 f i player_entity.obj
 0001:00001760       ??$exchange@PEAU_Iterator_base12@std@@$$T@std@@YAPEAU_Iterator_base12@0@AEAPEAU10@$$QEA$$T@Z 0000000180002760 f i player_entity.obj
 0001:000017a0       ??$forward@AEBQEAD@std@@YAAEBQEADAEBQEAD@Z 00000001800027a0 f i player_entity.obj
 0001:000017b0       ??$forward@PEAU_Container_base12@std@@@std@@YA$$QEAPEAU_Container_base12@0@AEAPEAU10@@Z 00000001800027b0 f i player_entity.obj
 0001:000017c0       ??$forward@V?$allocator@D@std@@@std@@YA$$QEAV?$allocator@D@0@AEAV10@@Z 00000001800027c0 f i player_entity.obj
 0001:000017d0       ??$max@_K@std@@YAAEB_KAEB_K0@Z 00000001800027d0 f i player_entity.obj
 0001:00001830       ??$min@_K@std@@YAAEB_KAEB_K0@Z 0000000180002830 f i player_entity.obj
 0001:00001890       ??0?$_Container_proxy_ptr12@V?$allocator@U_Container_proxy@std@@@std@@@std@@QEAA@AEAV?$allocator@U_Container_proxy@std@@@1@AEAU_Container_base12@1@@Z 0000000180002890 f i player_entity.obj
 0001:00001940       ??0?$_String_val@U?$_Simple_types@D@std@@@std@@QEAA@XZ 0000000180002940 f i player_entity.obj
 0001:000019a0       ??0?$basic_string@DU?$char_traits@D@std@@V?$allocator@D@2@@std@@QEAA@AEBV01@@Z 00000001800029a0 f i player_entity.obj
 0001:00001a60       ??0PlayerEntity@@QEAA@AEBV0@@Z 0000000180002a60 f i player_entity.obj
 0001:00001ab0       ??0_Basic_container_proxy_ptr12@std@@IEAA@XZ 0000000180002ab0 f i player_entity.obj
 0001:00001ad0       ??0_Bxty@?$_String_val@U?$_Simple_types@D@std@@@std@@QEAA@XZ 0000000180002ad0 f i player_entity.obj
 0001:00001b00       ??0_Container_base12@std@@QEAA@XZ 0000000180002b00 f i player_entity.obj
 0001:00001b20       ??0_Container_proxy@std@@QEAA@PEAU_Container_base12@1@@Z 0000000180002b20 f i player_entity.obj
 0001:00001b60       ??0bad_alloc@std@@AEAA@QEBD@Z 0000000180002b60 f i player_entity.obj
 0001:00001bb0       ??0bad_alloc@std@@QEAA@AEBV01@@Z 0000000180002bb0 f i player_entity.obj
 0001:00001c00       ??0bad_array_new_length@std@@QEAA@AEBV01@@Z 0000000180002c00 f i player_entity.obj
 0001:00001c50       ??0bad_array_new_length@std@@QEAA@XZ 0000000180002c50 f i player_entity.obj
 0001:00001c90       ??0exception@std@@QEAA@AEBV01@@Z 0000000180002c90 f i player_entity.obj
 0001:00001d00       ??0exception@std@@QEAA@QEBDH@Z 0000000180002d00 f i player_entity.obj
 0001:00001d60       ??1?$_Compressed_pair@V?$allocator@D@std@@V?$_String_val@U?$_Simple_types@D@std@@@2@$00@std@@QEAA@XZ 0000000180002d60 f i player_entity.obj
 0001:00001d90       ??1?$_Container_proxy_ptr12@V?$allocator@U_Container_proxy@std@@@std@@@std@@QEAA@XZ 0000000180002d90 f i player_entity.obj
 0001:00001dd0       ??1?$_String_val@U?$_Simple_types@D@std@@@std@@QEAA@XZ 0000000180002dd0 f i player_entity.obj
 0001:00001e00       ??1?$basic_string@DU?$char_traits@D@std@@V?$allocator@D@2@@std@@QEAA@XZ 0000000180002e00 f i player_entity.obj
 0001:00001e90       ??1_Bxty@?$_String_val@U?$_Simple_types@D@std@@@std@@QEAA@XZ 0000000180002e90 f i player_entity.obj
 0001:00001ea0       ??1bad_alloc@std@@UEAA@XZ  0000000180002ea0 f i player_entity.obj
 0001:00001ec0       ??1bad_array_new_length@std@@UEAA@XZ 0000000180002ec0 f i player_entity.obj
 0001:00001ee0       ??1exception@std@@UEAA@XZ  0000000180002ee0 f i player_entity.obj
 0001:00001f20       ??2@YAPEAX_KPEAX@Z         0000000180002f20 f i player_entity.obj
 0001:00001f40       ??4PlayerEntity@@QEAAAEAV0@AEBV0@@Z 0000000180002f40 f i player_entity.obj
 0001:00001f80       ??_EPlayerEntity@@UEAAPEAXI@Z 0000000180002f80 f i player_entity.obj
 0001:00002050       ??_GPlayerEntity@@UEAAPEAXI@Z 0000000180003050 f i player_entity.obj
 0001:000020a0       ??_Ebad_alloc@std@@UEAAPEAXI@Z 00000001800030a0 f i player_entity.obj
 0001:000020a0       ??_Gbad_alloc@std@@UEAAPEAXI@Z 00000001800030a0 f i player_entity.obj
 0001:000020f0       ??_Ebad_array_new_length@std@@UEAAPEAXI@Z 00000001800030f0 f i player_entity.obj
 0001:000020f0       ??_Gbad_array_new_length@std@@UEAAPEAXI@Z 00000001800030f0 f i player_entity.obj
 0001:00002140       ??_Eexception@std@@UEAAPEAXI@Z 0000000180003140 f i player_entity.obj
 0001:00002140       ??_Gexception@std@@UEAAPEAXI@Z 0000000180003140 f i player_entity.obj
 0001:00002190       ?_Adjust_manually_vector_aligned@std@@YAXAEAPEAXAEA_K@Z 0000000180003190 f i player_entity.obj
 0001:00002390       ?_Allocate@_Default_allocate_traits@std@@SAPEAX_K@Z 0000000180003390 f i player_entity.obj
 0001:000023b0       ?_Calculate_growth@?$basic_string@DU?$char_traits@D@std@@V?$allocator@D@2@@std@@CA_K_K00@Z 00000001800033b0 f i player_entity.obj
 0001:00002470       ?_Deallocate_for_capacity@?$basic_string@DU?$char_traits@D@std@@V?$allocator@D@2@@std@@CAXAEAV?$allocator@D@2@QEAD_K@Z 0000000180003470 f i player_entity.obj
 0001:000024b0       ?_Get_first@?$_Compressed_pair@V?$allocator@D@std@@V?$_String_val@U?$_Simple_types@D@std@@@2@$00@std@@QEAAAEAV?$allocator@D@2@XZ 00000001800034b0 f i player_entity.obj
 0001:000024c0       ?_Get_first@?$_Compressed_pair@V?$allocator@D@std@@V?$_String_val@U?$_Simple_types@D@std@@@2@$00@std@@QEBAAEBV?$allocator@D@2@XZ 00000001800034c0 f i player_entity.obj
 0001:000024d0       ?_Getal@?$basic_string@DU?$char_traits@D@std@@V?$allocator@D@2@@std@@AEAAAEAV?$allocator@D@2@XZ 00000001800034d0 f i player_entity.obj
 0001:00002500       ?_Getal@?$basic_string@DU?$char_traits@D@std@@V?$allocator@D@2@@std@@AEBAAEBV?$allocator@D@2@XZ 0000000180003500 f i player_entity.obj
 0001:00002530       ?_Large_mode_engaged@?$_String_val@U?$_Simple_types@D@std@@@std@@QEBA_NXZ 0000000180003530 f i player_entity.obj
 0001:00002570       ?_Maklocwcs@std@@YAPEA_WPEB_W@Z 0000000180003570 f i player_entity.obj
 0001:00002600       ?_Myptr@?$_String_val@U?$_Simple_types@D@std@@@std@@QEBAPEBDXZ 0000000180003600 f i player_entity.obj
 0001:00002660       ?_Orphan_all@_Container_base12@std@@QEAAXXZ 0000000180003660 f i player_entity.obj
 0001:00002680       ?_Orphan_all_locked_v3@_Container_base12@std@@AEAAXXZ 0000000180003680 f i player_entity.obj
 0001:000026d0       ?_Orphan_all_unlocked_v3@_Container_base12@std@@AEAAXXZ 00000001800036d0 f i player_entity.obj
 0001:00002760       ?_Release@_Basic_container_proxy_ptr12@std@@QEAAXXZ 0000000180003760 f i player_entity.obj
 0001:00002780       ?_Switch_to_buf@_Bxty@?$_String_val@U?$_Simple_types@D@std@@@std@@QEAAXXZ 0000000180003780 f i player_entity.obj
 0001:000027b0       ?_Throw_bad_array_new_length@std@@YAXXZ 00000001800037b0 f i player_entity.obj
 0001:000027e0       ?_Tidy_deallocate@?$basic_string@DU?$char_traits@D@std@@V?$allocator@D@2@@std@@AEAAXXZ 00000001800037e0 f i player_entity.obj
 0001:000028c0       ?_Xlen_string@std@@YAXXZ   00000001800038c0 f i player_entity.obj
 0001:000028e0       ?__empty_global_delete@@YAXPEAX@Z 00000001800038e0 f i player_entity.obj
 0001:000028f0       ?__empty_global_delete@@YAXPEAXW4align_val_t@std@@@Z 00000001800038f0 f i player_entity.obj
 0001:00002900       ?__empty_global_delete@@YAXPEAX_K@Z 0000000180003900 f i player_entity.obj
 0001:00002910       ?__empty_global_delete@@YAXPEAX_KW4align_val_t@std@@@Z 0000000180003910 f i player_entity.obj
 0001:00002930       ?allocate@?$allocator@D@std@@QEAAPEAD_K@Z 0000000180003930 f i player_entity.obj
 0001:00002960       ?allocate@?$allocator@U_Container_proxy@std@@@std@@QEAAPEAU_Container_proxy@2@_K@Z 0000000180003960 f i player_entity.obj
 0001:00002990       ?assign@?$_Narrow_char_traits@DH@std@@SAXAEADAEBD@Z 0000000180003990 f i player_entity.obj
 0001:000029b0       ?copy@?$_Char_traits@DH@std@@SAPEADQEADQEBD_K@Z 00000001800039b0 f i player_entity.obj
 0001:000029f0       ?deallocate@?$_Default_allocator_traits@V?$allocator@U_Container_proxy@std@@@std@@@std@@SAXAEAV?$allocator@U_Container_proxy@std@@@2@QEAU_Container_proxy@2@_K@Z 00000001800039f0 f i player_entity.obj
 0001:00002a30       ?deallocate@?$allocator@D@std@@QEAAXQEAD_K@Z 0000000180003a30 f i player_entity.obj
 0001:00002b10       ?max@?$numeric_limits@_J@std@@SA_JXZ 0000000180003b10 f i player_entity.obj
 0001:00002b20       ?max_size@?$_Default_allocator_traits@V?$allocator@D@std@@@std@@SA_KAEBV?$allocator@D@2@@Z 0000000180003b20 f i player_entity.obj
 0001:00002b30       ?max_size@?$basic_string@DU?$char_traits@D@std@@V?$allocator@D@2@@std@@QEBA_KXZ 0000000180003b30 f i player_entity.obj
 0001:00002bc0       ?select_on_container_copy_construction@?$_Default_allocator_traits@V?$allocator@D@std@@@std@@SA?AV?$allocator@D@2@AEBV32@@Z 0000000180003bc0 f i player_entity.obj
 0001:00002be0       ?what@exception@std@@UEBAPEBDXZ 0000000180003be0 f i player_entity.obj
 0001:00002c30       wmemcpy                    0000000180003c30 f i player_entity.obj
 0001:00002c70       CreateProjectEntity        0000000180003c70 f   register_entities.obj
 0001:00002d60       OnSharedLibraryEntry       0000000180003d60 f   register_entities.obj
 0001:00002e00       ??$?0$$V@?$_Compressed_pair@V?$allocator@D@std@@V?$_String_val@U?$_Simple_types@D@std@@@2@$00@std@@QEAA@U_Zero_then_variadic_args_t@1@@Z 0000000180003e00 f i register_entities.obj
 0001:00002e40       ??$?8DU?$char_traits@D@std@@V?$allocator@D@1@@std@@YA_NQEBDAEBV?$basic_string@DU?$char_traits@D@std@@V?$allocator@D@2@@0@@Z 0000000180003e40 f i register_entities.obj
 0001:00002e70       ??$_Construct@$00PEBD@?$basic_string@DU?$char_traits@D@std@@V?$allocator@D@2@@std@@AEAAXQEBD_K@Z 0000000180003e70 f i register_entities.obj
 0001:000030b0       ??$_Convert_size@_K_K@std@@YA_K_K@Z 00000001800040b0 f i register_entities.obj
 0001:000030c0       ??$_Traits_equal@U?$char_traits@D@std@@@std@@YA_NQEBD_K01@Z 00000001800040c0 f i register_entities.obj
 0001:00003130       ??0?$allocator@D@std@@QEAA@XZ 0000000180004130 f i register_entities.obj
 0001:00003140       ??0?$basic_string@DU?$char_traits@D@std@@V?$allocator@D@2@@std@@QEAA@QEBD@Z 0000000180004140 f i register_entities.obj
 0001:000031b0       ?_Equal@?$basic_string@DU?$char_traits@D@std@@V?$allocator@D@2@@std@@QEBA_NQEBD@Z 00000001800041b0 f i register_entities.obj
 0001:00003230       ?compare@?$_Narrow_char_traits@DH@std@@SAHQEBD0_K@Z 0000000180004230 f i register_entities.obj
 0001:00003270       ?length@?$_Narrow_char_traits@DH@std@@SA_KQEBD@Z 0000000180004270 f i register_entities.obj
 0001:000032b4       ??0Entity@VE@@QEAA@V?$basic_string@DU?$char_traits@D@std@@V?$allocator@D@2@@std@@@Z 00000001800042b4 f   VEngine:VEngine.dll
 0001:000032ba       ??1Entity@VE@@UEAA@XZ      00000001800042ba f   VEngine:VEngine.dll
 0001:000032c0       ??0Entity@VE@@QEAA@AEBV01@@Z 00000001800042c0 f   VEngine:VEngine.dll
 0001:000032c6       ??4Entity@VE@@QEAAAEAV01@AEBV01@@Z 00000001800042c6 f   VEngine:VEngine.dll
 0001:000032cc       ?Render@Entity@VE@@UEAAXXZ 00000001800042cc f   VEngine:VEngine.dll
 0001:000032d2       ?Serialize@Entity@VE@@UEAAXAEAV?$basic_json@Vmap@std@@Vvector@2@V?$basic_string@DU?$char_traits@D@std@@V?$allocator@D@2@@2@_N_J_KNVallocator@2@Uadl_serializer@json_abi_v3_11_3@nlohmann@@V?$vector@EV?$allocator@E@std@@@2@X@json_abi_v3_11_3@nlohmann@@@Z 00000001800042d2 f   VEngine:VEngine.dll
 0001:000032d8       ?Deserialize@Entity@VE@@UEAAXAEAV?$basic_json@Vmap@std@@Vvector@2@V?$basic_string@DU?$char_traits@D@std@@V?$allocator@D@2@@2@_N_J_KNVallocator@2@Uadl_serializer@json_abi_v3_11_3@nlohmann@@V?$vector@EV?$allocator@E@std@@@2@X@json_abi_v3_11_3@nlohmann@@@Z 00000001800042d8 f   VEngine:VEngine.dll
 0001:000032de       ?DrawEditorUI@Entity@VE@@UEAAXXZ 00000001800042de f   VEngine:VEngine.dll
 0001:000032e4       ?GetSingleton@Engine@VE@@SAPEAV12@XZ 00000001800042e4 f   VEngine:VEngine.dll
 0001:000032ea       ?RegisterEntity@Engine@VE@@QEAAXV?$basic_string@DU?$char_traits@D@std@@V?$allocator@D@2@@std@@@Z 00000001800042ea f   VEngine:VEngine.dll
 0001:000032f0       ??0_Lockit@std@@QEAA@H@Z   00000001800042f0 f   msvcprtd:MSVCP140D.dll
 0001:000032f6       ??1_Lockit@std@@QEAA@XZ    00000001800042f6 f   msvcprtd:MSVCP140D.dll
 0001:000032fc       ?_Xbad_alloc@std@@YAXXZ    00000001800042fc f   msvcprtd:MSVCP140D.dll
 0001:00003302       ?_Xlength_error@std@@YAXPEBD@Z 0000000180004302 f   msvcprtd:MSVCP140D.dll
 0001:00003308       _Mbrtowc                   0000000180004308 f   msvcprtd:MSVCP140D.dll
 0001:0000330e       ?_Getcvt@_Locinfo@std@@QEBA?AU_Cvtvec@@XZ 000000018000430e f   msvcprtd:MSVCP140D.dll
 0001:00003314       ?_Getdays@_Locinfo@std@@QEBAPEBDXZ 0000000180004314 f   msvcprtd:MSVCP140D.dll
 0001:0000331a       ?_Getmonths@_Locinfo@std@@QEBAPEBDXZ 000000018000431a f   msvcprtd:MSVCP140D.dll
 0001:00003320       ?_W_Getdays@_Locinfo@std@@QEBAPEBGXZ 0000000180004320 f   msvcprtd:MSVCP140D.dll
 0001:00003326       ?_W_Getmonths@_Locinfo@std@@QEBAPEBGXZ 0000000180004326 f   msvcprtd:MSVCP140D.dll
 0001:00003330       ??_M@YAXPEAX_K1P6AX0@Z@Z   0000000180004330 f   MSVCRTD:ehvecdtr.obj
 0001:00003420       ??_M@YAXPEAX_KHP6AX0@Z@Z   0000000180004420 f   MSVCRTD:ehvecdtr.obj
 0001:000034f0       ?__ArrayUnwind@@YAXPEAX_K1P6AX0@Z@Z 00000001800044f0 f   MSVCRTD:ehvecdtr.obj
 0001:00003590       ??2@YAPEAX_K@Z             0000000180004590 f   MSVCRTD:new_scalar.obj
 0001:00003600       ??3@YAXPEAX_K@Z            0000000180004600 f   MSVCRTD:delete_scalar_size.obj
 0001:00003630       ??_V@YAXPEAX_K@Z           0000000180004630 f   MSVCRTD:delete_array_size.obj
 0001:00003660       __GSHandlerCheck           0000000180004660 f   MSVCRTD:gshandler.obj
 0001:000036b0       __GSHandlerCheckCommon     00000001800046b0 f   MSVCRTD:gshandler.obj
 0001:00003800       __security_check_cookie    0000000180004800 f   MSVCRTD:amdsecgs.obj
 0001:00003830       ??1type_info@@UEAA@XZ      0000000180004830 f   MSVCRTD:std_type_info_static.obj
 0001:00003850       ??_Etype_info@@UEAAPEAXI@Z 0000000180004850 f i MSVCRTD:std_type_info_static.obj
 0001:00003850       ??_Gtype_info@@UEAAPEAXI@Z 0000000180004850 f i MSVCRTD:std_type_info_static.obj
 0001:00003da0       _CRT_INIT                  0000000180004da0 f   MSVCRTD:dll_dllmain.obj
 0001:00003de0       _DllMainCRTStartup         0000000180004de0 f   MSVCRTD:dll_dllmain.obj
 0001:00003e30       _guard_check_icall_nop     0000000180004e30 f i MSVCRTD:guard_support.obj
 0001:00003e40       ReadNoFence64              0000000180004e40 f i MSVCRTD:guard_support.obj
 0001:00003e70       ReadPointerNoFence         0000000180004e70 f i MSVCRTD:guard_support.obj
 0001:00003e90       __castguard_check_failure_debugbreak 0000000180004e90 f i MSVCRTD:guard_support.obj
 0001:00003ec0       __castguard_check_failure_fastfail 0000000180004ec0 f i MSVCRTD:guard_support.obj
 0001:00003ef0       __castguard_check_failure_nop 0000000180004ef0 f i MSVCRTD:guard_support.obj
 0001:00003f00       __castguard_check_failure_os_handled 0000000180004f00 f i MSVCRTD:guard_support.obj
 0001:00003f70       __castguard_check_failure_user_handled 0000000180004f70 f i MSVCRTD:guard_support.obj
 0001:00004090       __castguard_set_user_handler 0000000180005090 f i MSVCRTD:guard_support.obj
 0001:000040c0       __castguard_slow_path_check_debugbreak 00000001800050c0 f i MSVCRTD:guard_support.obj
 0001:00004110       __castguard_slow_path_check_fastfail 0000000180005110 f i MSVCRTD:guard_support.obj
 0001:00004170       __castguard_slow_path_check_nop 0000000180005170 f i MSVCRTD:guard_support.obj
 0001:00004190       __castguard_slow_path_check_os_handled 0000000180005190 f i MSVCRTD:guard_support.obj
 0001:000041f0       __castguard_slow_path_check_user_handled 00000001800051f0 f i MSVCRTD:guard_support.obj
 0001:000042e0       _guard_icall_checks_enforced 00000001800052e0 f i MSVCRTD:guard_support.obj
 0001:00004330       _guard_rf_checks_enforced  0000000180005330 f i MSVCRTD:guard_support.obj
 0001:00004340       ??0bad_alloc@std@@QEAA@XZ  0000000180005340 f i MSVCRTD:throw_bad_alloc.obj
 0001:00004390       ?__scrt_throw_std_bad_alloc@@YAXXZ 0000000180005390 f   MSVCRTD:throw_bad_alloc.obj
 0001:000043c0       ?__scrt_throw_std_bad_array_new_length@@YAXXZ 00000001800053c0 f   MSVCRTD:throw_bad_alloc.obj
 0001:000043f0       ??3@YAXPEAX@Z              00000001800053f0 f   MSVCRTD:delete_scalar.obj
 0001:00004420       ??_V@YAXPEAX@Z             0000000180005420 f   MSVCRTD:delete_array.obj
 0001:00004440       __raise_securityfailure    0000000180005440 f   MSVCRTD:gs_report.obj
 0001:00004490       __report_gsfailure         0000000180005490 f   MSVCRTD:gs_report.obj
 0001:000045a0       __report_rangecheckfailure 00000001800055a0 f   MSVCRTD:gs_report.obj
 0001:000045c0       __report_securityfailure   00000001800055c0 f   MSVCRTD:gs_report.obj
 0001:00004690       __report_securityfailureEx 0000000180005690 f   MSVCRTD:gs_report.obj
 0001:00004a80       __security_init_cookie     0000000180005a80 f   MSVCRTD:gs_support.obj
 0001:00004b20       DllMain                    0000000180005b20 f   MSVCRTD:dll_dllmain_stub.obj
 0001:00004b70       ?__scrt_initialize_type_info@@YAXXZ 0000000180005b70 f   MSVCRTD:tncleanup.obj
 0001:00004b90       ?__scrt_uninitialize_type_info@@YAXXZ 0000000180005b90 f   MSVCRTD:tncleanup.obj
 0001:00004bb0       __local_stdio_printf_options 0000000180005bb0 f i MSVCRTD:default_local_stdio_options.obj
 0001:00004bc0       __local_stdio_scanf_options 0000000180005bc0 f i MSVCRTD:default_local_stdio_options.obj
 0001:00004bd0       __scrt_initialize_default_local_stdio_options 0000000180005bd0 f   MSVCRTD:default_local_stdio_options.obj
 0001:00004c30       ?configure_argv@__scrt_narrow_argv_policy@@SAHXZ 0000000180005c30 f i MSVCRTD:utility.obj
 0001:00004d50       ?initialize_environment@__scrt_narrow_environment_policy@@SAHXZ 0000000180005d50 f i MSVCRTD:utility.obj
 0001:00004e20       NtCurrentTeb               0000000180005e20 f i MSVCRTD:utility.obj
 0001:00004e30       __scrt_acquire_startup_lock 0000000180005e30 f   MSVCRTD:utility.obj
 0001:00004eb0       __scrt_dllmain_after_initialize_c 0000000180005eb0 f   MSVCRTD:utility.obj
 0001:00004ef0       __scrt_dllmain_before_initialize_c 0000000180005ef0 f   MSVCRTD:utility.obj
 0001:00004f20       __scrt_dllmain_crt_thread_attach 0000000180005f20 f   MSVCRTD:utility.obj
 0001:00004f60       __scrt_dllmain_crt_thread_detach 0000000180005f60 f   MSVCRTD:utility.obj
 0001:00004f80       __scrt_dllmain_exception_filter 0000000180005f80 f   MSVCRTD:utility.obj
 0001:00005000       __scrt_dllmain_uninitialize_c 0000000180006000 f   MSVCRTD:utility.obj
 0001:00005040       __scrt_dllmain_uninitialize_critical 0000000180006040 f   MSVCRTD:utility.obj
 0001:00005060       __scrt_initialize_crt      0000000180006060 f   MSVCRTD:utility.obj
 0001:000050c0       __scrt_initialize_onexit_tables 00000001800060c0 f   MSVCRTD:utility.obj
 0001:00005210       __scrt_is_nonwritable_in_current_image 0000000180006210 f   MSVCRTD:utility.obj
 0001:000052c0       __scrt_release_startup_lock 00000001800062c0 f   MSVCRTD:utility.obj
 0001:00005300       __scrt_uninitialize_crt    0000000180006300 f   MSVCRTD:utility.obj
 0001:00005350       _onexit                    0000000180006350 f   MSVCRTD:utility.obj
 0001:000053f0       at_quick_exit              00000001800063f0 f   MSVCRTD:utility.obj
 0001:00005450       atexit                     0000000180006450 f   MSVCRTD:utility.obj
 0001:00005490       __scrt_get_dyn_tls_init_callback 0000000180006490 f   MSVCRTD:dyn_tls_init.obj
 0001:000054a0       __crt_debugger_hook        00000001800064a0 f   MSVCRTD:utility_desktop.obj
 0001:000054c0       __scrt_fastfail            00000001800064c0 f   MSVCRTD:utility_desktop.obj
 0001:000056c0       __scrt_get_show_window_mode 00000001800066c0 f   MSVCRTD:utility_desktop.obj
 0001:00005730       __scrt_initialize_mta      0000000180006730 f   MSVCRTD:utility_desktop.obj
 0001:00005750       __scrt_initialize_winrt    0000000180006750 f   MSVCRTD:utility_desktop.obj
 0001:00005760       __scrt_is_managed_app      0000000180006760 f   MSVCRTD:utility_desktop.obj
 0001:00005830       __scrt_set_unhandled_exception_filter 0000000180006830 f   MSVCRTD:utility_desktop.obj
 0001:00005850       __scrt_exe_initialize_mta  0000000180006850 f   MSVCRTD:utility_desktop.obj
 0001:00005850       __scrt_stub_for_initialize_mta 0000000180006850 f   MSVCRTD:utility_desktop.obj
 0001:00005860       __scrt_unhandled_exception_filter 0000000180006860 f   MSVCRTD:utility_desktop.obj
 0001:00005930       _RTC_Initialize            0000000180006930 f   MSVCRTD:initsect.obj
 0001:00005990       _RTC_Terminate             0000000180006990 f   MSVCRTD:initsect.obj
 0001:000059f0       __isa_available_init       00000001800069f0 f   MSVCRTD:cpu_disp.obj
 0001:00006020       _get_startup_argv_mode     0000000180007020 f   MSVCRTD:argv_mode.obj
 0001:00006030       __scrt_is_ucrt_dll_in_use  0000000180007030 f   MSVCRTD:ucrt_detection.obj
 0001:0000605e       RtlCaptureContext          000000018000705e f   kernel32:KERNEL32.dll
 0001:00006064       RtlLookupFunctionEntry     0000000180007064 f   kernel32:KERNEL32.dll
 0001:0000606a       RtlVirtualUnwind           000000018000706a f   kernel32:KERNEL32.dll
 0001:00006070       UnhandledExceptionFilter   0000000180007070 f   kernel32:KERNEL32.dll
 0001:00006076       SetUnhandledExceptionFilter 0000000180007076 f   kernel32:KERNEL32.dll
 0001:0000607c       GetCurrentProcess          000000018000707c f   kernel32:KERNEL32.dll
 0001:00006082       TerminateProcess           0000000180007082 f   kernel32:KERNEL32.dll
 0001:00006088       IsProcessorFeaturePresent  0000000180007088 f   kernel32:KERNEL32.dll
 0001:0000608e       QueryPerformanceCounter    000000018000708e f   kernel32:KERNEL32.dll
 0001:00006094       GetCurrentProcessId        0000000180007094 f   kernel32:KERNEL32.dll
 0001:0000609a       GetCurrentThreadId         000000018000709a f   kernel32:KERNEL32.dll
 0001:000060a0       GetSystemTimeAsFileTime    00000001800070a0 f   kernel32:KERNEL32.dll
 0001:000060a6       DisableThreadLibraryCalls  00000001800070a6 f   kernel32:KERNEL32.dll
 0001:000060ac       InitializeSListHead        00000001800070ac f   kernel32:KERNEL32.dll
 0001:000060b2       IsDebuggerPresent          00000001800070b2 f   kernel32:KERNEL32.dll
 0001:000060b8       GetStartupInfoW            00000001800070b8 f   kernel32:KERNEL32.dll
 0001:000060be       GetModuleHandleW           00000001800070be f   kernel32:KERNEL32.dll
 0001:000060c4       memcpy                     00000001800070c4 f   vcruntimed:VCRUNTIME140D.dll
 0001:000060ca       __std_exception_copy       00000001800070ca f   vcruntimed:VCRUNTIME140D.dll
 0001:000060d0       __std_exception_destroy    00000001800070d0 f   vcruntimed:VCRUNTIME140D.dll
 0001:000060d6       _CxxThrowException         00000001800070d6 f   vcruntimed:VCRUNTIME140D.dll
 0001:000060dc       __CxxFrameHandler4         00000001800070dc f   vcruntimed:VCRUNTIME140_1D.dll
 0001:000060e2       memcmp                     00000001800070e2 f   vcruntimed:VCRUNTIME140D.dll
 0001:000060e8       __current_exception        00000001800070e8 f   vcruntimed:VCRUNTIME140D.dll
 0001:000060ee       __current_exception_context 00000001800070ee f   vcruntimed:VCRUNTIME140D.dll
 0001:000060f4       __C_specific_handler       00000001800070f4 f   vcruntimed:VCRUNTIME140D.dll
 0001:000060fa       __std_type_info_destroy_list 00000001800070fa f   vcruntimed:VCRUNTIME140D.dll
 0001:00006100       _invalid_parameter         0000000180007100 f   ucrtd:ucrtbased.dll
 0001:00006106       _calloc_dbg                0000000180007106 f   ucrtd:ucrtbased.dll
 0001:0000610c       _CrtDbgReport              000000018000710c f   ucrtd:ucrtbased.dll
 0001:00006112       wcslen                     0000000180007112 f   ucrtd:ucrtbased.dll
 0001:00006118       strlen                     0000000180007118 f   ucrtd:ucrtbased.dll
 0001:0000611e       terminate                  000000018000711e f   ucrtd:ucrtbased.dll
 0001:00006124       _callnewh                  0000000180007124 f   ucrtd:ucrtbased.dll
 0001:0000612a       malloc                     000000018000712a f   ucrtd:ucrtbased.dll
 0001:00006130       _initterm                  0000000180007130 f   ucrtd:ucrtbased.dll
 0001:00006136       _initterm_e                0000000180007136 f   ucrtd:ucrtbased.dll
 0001:0000613c       _free_dbg                  000000018000713c f   ucrtd:ucrtbased.dll
 0001:00006142       _seh_filter_dll            0000000180007142 f   ucrtd:ucrtbased.dll
 0001:00006148       _configure_narrow_argv     0000000180007148 f   ucrtd:ucrtbased.dll
 0001:0000614e       _initialize_narrow_environment 000000018000714e f   ucrtd:ucrtbased.dll
 0001:00006154       _initialize_onexit_table   0000000180007154 f   ucrtd:ucrtbased.dll
 0001:0000615a       _register_onexit_function  000000018000715a f   ucrtd:ucrtbased.dll
 0001:00006160       _execute_onexit_table      0000000180007160 f   ucrtd:ucrtbased.dll
 0001:00006166       _crt_atexit                0000000180007166 f   ucrtd:ucrtbased.dll
 0001:0000616c       _crt_at_quick_exit         000000018000716c f   ucrtd:ucrtbased.dll
 0001:00006172       _cexit                     0000000180007172 f   ucrtd:ucrtbased.dll
 0001:00006180       __acrt_initialize          0000000180007180 f   MSVCRTD:ucrt_stubs.obj
 0001:00006180       __scrt_stub_for_acrt_initialize 0000000180007180 f   MSVCRTD:ucrt_stubs.obj
 0001:00006180       __vcrt_initialize          0000000180007180 f   MSVCRTD:ucrt_stubs.obj
 0001:00006190       __acrt_thread_attach       0000000180007190 f   MSVCRTD:ucrt_stubs.obj
 0001:00006190       __scrt_stub_for_acrt_thread_attach 0000000180007190 f   MSVCRTD:ucrt_stubs.obj
 0001:00006190       __vcrt_thread_attach       0000000180007190 f   MSVCRTD:ucrt_stubs.obj
 0001:000061a0       __acrt_thread_detach       00000001800071a0 f   MSVCRTD:ucrt_stubs.obj
 0001:000061a0       __scrt_stub_for_acrt_thread_detach 00000001800071a0 f   MSVCRTD:ucrt_stubs.obj
 0001:000061a0       __vcrt_thread_detach       00000001800071a0 f   MSVCRTD:ucrt_stubs.obj
 0001:000061b0       __acrt_uninitialize        00000001800071b0 f   MSVCRTD:ucrt_stubs.obj
 0001:000061b0       __scrt_stub_for_acrt_uninitialize 00000001800071b0 f   MSVCRTD:ucrt_stubs.obj
 0001:000061b0       __vcrt_uninitialize        00000001800071b0 f   MSVCRTD:ucrt_stubs.obj
 0001:000061c0       __acrt_uninitialize_critical 00000001800071c0 f   MSVCRTD:ucrt_stubs.obj
 0001:000061c0       __scrt_stub_for_acrt_uninitialize_critical 00000001800071c0 f   MSVCRTD:ucrt_stubs.obj
 0001:000061c0       __vcrt_uninitialize_critical 00000001800071c0 f   MSVCRTD:ucrt_stubs.obj
 0001:000061d0       __scrt_stub_for_is_c_termination_complete 00000001800071d0 f   MSVCRTD:ucrt_stubs.obj
 0001:000061d0       _is_c_termination_complete 00000001800071d0 f   MSVCRTD:ucrt_stubs.obj
 0001:00007640       _guard_dispatch_icall_nop  0000000180008640 f   MSVCRTD:guard_dispatch.obj
 0001:00007660       _guard_xfg_dispatch_icall_nop 0000000180008660 f   MSVCRTD:guard_xfg_dispatch.obj
 0002:00000000       __xc_a                     000000018000b000     MSVCRTD:initializers.obj
 0002:00000110       __xc_z                     000000018000b110     MSVCRTD:initializers.obj
 0002:00000220       __xi_a                     000000018000b220     MSVCRTD:initializers.obj
 0002:00000330       __xi_z                     000000018000b330     MSVCRTD:initializers.obj
 0002:00000440       __xp_a                     000000018000b440     MSVCRTD:initializers.obj
 0002:00000550       __xp_z                     000000018000b550     MSVCRTD:initializers.obj
 0002:00000660       __xt_a                     000000018000b660     MSVCRTD:initializers.obj
 0002:00000770       __xt_z                     000000018000b770     MSVCRTD:initializers.obj
 0002:00000ae0       ??_7exception@std@@6B@     000000018000bae0     player_entity.obj
 0002:00000af8       ??_C@_0BC@EOODALEL@Unknown?5exception@ 000000018000baf8     player_entity.obj
 0002:00000b18       ??_7bad_alloc@std@@6B@     000000018000bb18     player_entity.obj
 0002:00000b38       ??_7bad_array_new_length@std@@6B@ 000000018000bb38     player_entity.obj
 0002:00000b50       ??_C@_0BF@KINCDENJ@bad?5array?5new?5length@ 000000018000bb50     player_entity.obj
 0002:00000b70       ??_C@_0BB@FCMFBGOM@invalid?5argument@ 000000018000bb70     player_entity.obj
 0002:00000b84       ??_C@_02DKCKIIND@?$CFs@    000000018000bb84     player_entity.obj
 0002:00000b90       ??_C@_0GC@GDGMGNBP@C?3?2Program?5Files?2Microsoft?5Visu@ 000000018000bb90     player_entity.obj
 0002:00000c10       ??_C@_1ME@KJJNLLPL@?$AAC?$AA?3?$AA?2?$AAP?$AAr?$AAo?$AAg?$AAr?$AAa?$AAm?$AA?5?$AAF?$AAi?$AAl?$AAe@ 000000018000bc10     player_entity.obj
 0002:00000cfc       ??_C@_11LOCGONAA@@         000000018000bcfc     player_entity.obj
 0002:00000d00       ??_C@_1CG@JNLFBNGN@?$AA?$CC?$AAi?$AAn?$AAv?$AAa?$AAl?$AAi?$AAd?$AA?5?$AAa?$AAr?$AAg?$AAu?$AAm?$AAe@ 000000018000bd00     player_entity.obj
 0002:00000d30       ??_C@_0BA@JFNIOLAK@string?5too?5long@ 000000018000bd30     player_entity.obj
 0002:00000d50       ??_C@_0GC@MLKAFPLI@C?3?2Program?5Files?2Microsoft?5Visu@ 000000018000bd50     player_entity.obj
 0002:00000dd0       ??_C@_0GC@EIONFNBJ@C?3?2Program?5Files?2Microsoft?5Visu@ 000000018000bdd0     player_entity.obj
 0002:00000e50       ??_7PlayerEntity@@6B@      000000018000be50     player_entity.obj
 0002:00000e98       ??_C@_0N@LPFKKEBD@?3AM?3am?3PM?3pm@ 000000018000be98     player_entity.obj
 0002:00000ea8       ??_C@_0DG@KGHKKGBC@null?5pointer?5cannot?5point?5to?5a?5@ 000000018000bea8     player_entity.obj
 0002:00000ef0       ??_C@_1HA@FACCKGGH@?$AA?$CC?$AAn?$AAu?$AAl?$AAl?$AA?5?$AAp?$AAo?$AAi?$AAn?$AAt?$AAe?$AAr?$AA?5?$AAc@ 000000018000bef0     player_entity.obj
 0002:00000f78       ??_C@_1BK@MHIKGOKE@?$AA?3?$AAA?$AAM?$AA?3?$AAa?$AAm?$AA?3?$AAP?$AAM?$AA?3?$AAp?$AAm@ 000000018000bf78     player_entity.obj
 0002:00001228       ??_7type_info@@6B@         000000018000c228     MSVCRTD:std_type_info_static.obj
 0002:00001238       _pDefaultRawDllMain        000000018000c238     MSVCRTD:dll_dllmain.obj
 0002:00001238       _pRawDllMain               000000018000c238     MSVCRTD:dll_dllmain.obj
 0002:00001248       ??_C@_0P@GHFPNOJB@bad?5allocation@ 000000018000c248     MSVCRTD:throw_bad_alloc.obj
 0002:00001280       _load_config_used          000000018000c280     MSVCRTD:loadcfg.obj
 0002:00001580       __CastGuardVftablesStart   000000018000c580     MSVCRTD:guard_support.obj
 0002:00001780       __CastGuardVftablesEnd     000000018000c780     MSVCRTD:guard_support.obj
 0002:00001920       ??_R4exception@std@@6B@    000000018000c920     player_entity.obj
 0002:00001950       ??_R3exception@std@@8      000000018000c950     player_entity.obj
 0002:00001968       ??_R2exception@std@@8      000000018000c968     player_entity.obj
 0002:00001978       ??_R1A@?0A@EA@exception@std@@8 000000018000c978     player_entity.obj
 0002:000019a8       ??_R4bad_array_new_length@std@@6B@ 000000018000c9a8     player_entity.obj
 0002:000019d8       ??_R3bad_array_new_length@std@@8 000000018000c9d8     player_entity.obj
 0002:000019f0       ??_R2bad_array_new_length@std@@8 000000018000c9f0     player_entity.obj
 0002:00001a18       ??_R1A@?0A@EA@bad_array_new_length@std@@8 000000018000ca18     player_entity.obj
 0002:00001a48       ??_R1A@?0A@EA@bad_alloc@std@@8 000000018000ca48     player_entity.obj
 0002:00001a78       ??_R3bad_alloc@std@@8      000000018000ca78     player_entity.obj
 0002:00001a90       ??_R2bad_alloc@std@@8      000000018000ca90     player_entity.obj
 0002:00001aa8       ??_R4bad_alloc@std@@6B@    000000018000caa8     player_entity.obj
 0002:00001ad8       ??_R4PlayerEntity@@6B@     000000018000cad8     player_entity.obj
 0002:00001b08       ??_R3PlayerEntity@@8       000000018000cb08     player_entity.obj
 0002:00001b20       ??_R2PlayerEntity@@8       000000018000cb20     player_entity.obj
 0002:00001b38       ??_R1A@?0A@EA@PlayerEntity@@8 000000018000cb38     player_entity.obj
 0002:00001b68       ??_R1A@?0A@EA@Entity@VE@@8 000000018000cb68     player_entity.obj
 0002:00001b98       ??_R3Entity@VE@@8          000000018000cb98     player_entity.obj
 0002:00001bb0       ??_R2Entity@VE@@8          000000018000cbb0     player_entity.obj
 0002:00001bc0       ??_R4type_info@@6B@        000000018000cbc0     MSVCRTD:std_type_info_static.obj
 0002:00001bf0       ??_R3type_info@@8          000000018000cbf0     MSVCRTD:std_type_info_static.obj
 0002:00001c08       ??_R2type_info@@8          000000018000cc08     MSVCRTD:std_type_info_static.obj
 0002:00001c18       ??_R1A@?0A@EA@type_info@@8 000000018000cc18     MSVCRTD:std_type_info_static.obj
 0002:00001ee0       __rtc_iaa                  000000018000cee0     MSVCRTD:initsect.obj
 0002:00001ff0       __rtc_izz                  000000018000cff0     MSVCRTD:initsect.obj
 0002:00002100       __rtc_taa                  000000018000d100     MSVCRTD:initsect.obj
 0002:00002210       __rtc_tzz                  000000018000d210     MSVCRTD:initsect.obj
 0002:00002d48       _CT??_R0?AVexception@std@@@8??0exception@std@@QEAA@AEBV01@@Z24 000000018000dd48     player_entity.obj
 0002:00002d70       _TI3?AVbad_array_new_length@std@@ 000000018000dd70     player_entity.obj
 0002:00002d90       _CTA3?AVbad_array_new_length@std@@ 000000018000dd90     player_entity.obj
 0002:00002db0       _CT??_R0?AVbad_array_new_length@std@@@8??0bad_array_new_length@std@@QEAA@AEBV01@@Z24 000000018000ddb0     player_entity.obj
 0002:00002dd8       _CT??_R0?AVbad_alloc@std@@@8??0bad_alloc@std@@QEAA@AEBV01@@Z24 000000018000ddd8     player_entity.obj
 0002:00002e00       _TI2?AVbad_alloc@std@@     000000018000de00     MSVCRTD:throw_bad_alloc.obj
 0002:00002e20       _CTA2?AVbad_alloc@std@@    000000018000de20     MSVCRTD:throw_bad_alloc.obj
 0003:00000000       __security_cookie          000000018000f000     MSVCRTD:gs_cookie.obj
 0003:00000040       __security_cookie_complement 000000018000f040     MSVCRTD:gs_cookie.obj
 0003:00000058       __scrt_native_dllmain_reason 000000018000f058     MSVCRTD:utility.obj
 0003:00000060       __isa_inverted             000000018000f060     MSVCRTD:cpu_disp.obj
 0003:00000068       __isa_available            000000018000f068     MSVCRTD:cpu_disp.obj
 0003:0000006c       __isa_enabled              000000018000f06c     MSVCRTD:cpu_disp.obj
 0003:00000070       __memset_fast_string_threshold 000000018000f070     MSVCRTD:cpu_disp.obj
 0003:00000078       __memset_nt_threshold      000000018000f078     MSVCRTD:cpu_disp.obj
 0003:00000088       __scrt_ucrt_dll_is_in_use  000000018000f088     MSVCRTD:ucrt_stubs.obj
 0003:00000190       ??_R0?AVexception@std@@@8  000000018000f190     player_entity.obj
 0003:000001c0       ??_R0?AVbad_array_new_length@std@@@8 000000018000f1c0     player_entity.obj
 0003:000001f8       ??_R0?AVbad_alloc@std@@@8  000000018000f1f8     player_entity.obj
 0003:00000328       ??_R0?AVPlayerEntity@@@8   000000018000f328     player_entity.obj
 0003:00000358       ??_R0?AVEntity@VE@@@8      000000018000f358     player_entity.obj
 0003:00000380       ??_R0?AVtype_info@@@8      000000018000f380     MSVCRTD:std_type_info_static.obj
 0003:000004b8       __castguard_check_failure_user_handled_fptr 000000018000f4b8     MSVCRTD:guard_support.obj
 0003:00000b60       ?__type_info_root_node@@3U__type_info_node@@A 000000018000fb60     MSVCRTD:tncleanup.obj
 0003:00000b78       ?_OptionsStorage@?1??__local_stdio_printf_options@@9@4_KA 000000018000fb78     MSVCRTD:default_local_stdio_options.obj
 0003:00000b88       ?_OptionsStorage@?1??__local_stdio_scanf_options@@9@4_KA 000000018000fb88     MSVCRTD:default_local_stdio_options.obj
 0003:00000b98       __scrt_current_native_startup_state 000000018000fb98     MSVCRTD:utility.obj
 0003:00000ba0       __scrt_native_startup_lock 000000018000fba0     MSVCRTD:utility.obj
 0003:00000bf0       __scrt_debugger_hook_flag  000000018000fbf0     MSVCRTD:utility_desktop.obj
 0003:00000bf4       __avx10_version            000000018000fbf4     MSVCRTD:cpu_disp.obj
 0003:00000bf8       __favor                    000000018000fbf8     MSVCRTD:cpu_disp.obj
 0003:00000c00       __dyn_tls_init_callback    000000018000fc00     <common>
 0005:00000000       __imp_IsDebuggerPresent    0000000180011000     kernel32:KERNEL32.dll
 0005:00000008       __imp_GetModuleHandleW     0000000180011008     kernel32:KERNEL32.dll
 0005:00000010       __imp_GetStartupInfoW      0000000180011010     kernel32:KERNEL32.dll
 0005:00000018       __imp_InitializeSListHead  0000000180011018     kernel32:KERNEL32.dll
 0005:00000020       __imp_DisableThreadLibraryCalls 0000000180011020     kernel32:KERNEL32.dll
 0005:00000028       __imp_GetSystemTimeAsFileTime 0000000180011028     kernel32:KERNEL32.dll
 0005:00000030       __imp_GetCurrentThreadId   0000000180011030     kernel32:KERNEL32.dll
 0005:00000038       __imp_GetCurrentProcessId  0000000180011038     kernel32:KERNEL32.dll
 0005:00000040       __imp_QueryPerformanceCounter 0000000180011040     kernel32:KERNEL32.dll
 0005:00000048       __imp_IsProcessorFeaturePresent 0000000180011048     kernel32:KERNEL32.dll
 0005:00000050       __imp_TerminateProcess     0000000180011050     kernel32:KERNEL32.dll
 0005:00000058       __imp_GetCurrentProcess    0000000180011058     kernel32:KERNEL32.dll
 0005:00000060       __imp_SetUnhandledExceptionFilter 0000000180011060     kernel32:KERNEL32.dll
 0005:00000068       __imp_UnhandledExceptionFilter 0000000180011068     kernel32:KERNEL32.dll
 0005:00000070       __imp_RtlVirtualUnwind     0000000180011070     kernel32:KERNEL32.dll
 0005:00000078       __imp_RtlLookupFunctionEntry 0000000180011078     kernel32:KERNEL32.dll
 0005:00000080       __imp_RtlCaptureContext    0000000180011080     kernel32:KERNEL32.dll
 0005:00000088       \177KERNEL32_NULL_THUNK_DATA 0000000180011088     kernel32:KERNEL32.dll
 0005:000000f8       __imp_?_Getmonths@_Locinfo@std@@QEBAPEBDXZ 00000001800110f8     msvcprtd:MSVCP140D.dll
 0005:00000100       __imp_?_W_Getdays@_Locinfo@std@@QEBAPEBGXZ 0000000180011100     msvcprtd:MSVCP140D.dll
 0005:00000108       __imp_?_W_Getmonths@_Locinfo@std@@QEBAPEBGXZ 0000000180011108     msvcprtd:MSVCP140D.dll
 0005:00000110       __imp_?_Getdays@_Locinfo@std@@QEBAPEBDXZ 0000000180011110     msvcprtd:MSVCP140D.dll
 0005:00000118       __imp_?_Getcvt@_Locinfo@std@@QEBA?AU_Cvtvec@@XZ 0000000180011118     msvcprtd:MSVCP140D.dll
 0005:00000120       __imp__Mbrtowc             0000000180011120     msvcprtd:MSVCP140D.dll
 0005:00000128       __imp_?_Xlength_error@std@@YAXPEBD@Z 0000000180011128     msvcprtd:MSVCP140D.dll
 0005:00000130       __imp_?_Xbad_alloc@std@@YAXXZ 0000000180011130     msvcprtd:MSVCP140D.dll
 0005:00000138       __imp_??1_Lockit@std@@QEAA@XZ 0000000180011138     msvcprtd:MSVCP140D.dll
 0005:00000140       __imp_??0_Lockit@std@@QEAA@H@Z 0000000180011140     msvcprtd:MSVCP140D.dll
 0005:00000148       \177MSVCP140D_NULL_THUNK_DATA 0000000180011148     msvcprtd:MSVCP140D.dll
 0005:000001b0       __imp___C_specific_handler 00000001800111b0     vcruntimed:VCRUNTIME140D.dll
 0005:000001b8       __imp___current_exception_context 00000001800111b8     vcruntimed:VCRUNTIME140D.dll
 0005:000001c0       __imp___current_exception  00000001800111c0     vcruntimed:VCRUNTIME140D.dll
 0005:000001c8       __imp_memcmp               00000001800111c8     vcruntimed:VCRUNTIME140D.dll
 0005:000001d0       __imp__CxxThrowException   00000001800111d0     vcruntimed:VCRUNTIME140D.dll
 0005:000001d8       __imp_memcpy               00000001800111d8     vcruntimed:VCRUNTIME140D.dll
 0005:000001e0       __imp___std_exception_destroy 00000001800111e0     vcruntimed:VCRUNTIME140D.dll
 0005:000001e8       __imp___std_exception_copy 00000001800111e8     vcruntimed:VCRUNTIME140D.dll
 0005:000001f0       __imp___std_type_info_destroy_list 00000001800111f0     vcruntimed:VCRUNTIME140D.dll
 0005:000001f8       \177VCRUNTIME140D_NULL_THUNK_DATA 00000001800111f8     vcruntimed:VCRUNTIME140D.dll
 0005:00000258       __imp___CxxFrameHandler4   0000000180011258     vcruntimed:VCRUNTIME140_1D.dll
 0005:00000260       \177VCRUNTIME140_1D_NULL_THUNK_DATA 0000000180011260     vcruntimed:VCRUNTIME140_1D.dll
 0005:000002b8       __imp_??0Entity@VE@@QEAA@V?$basic_string@DU?$char_traits@D@std@@V?$allocator@D@2@@std@@@Z 00000001800112b8     VEngine:VEngine.dll
 0005:000002c0       __imp_??4Entity@VE@@QEAAAEAV01@AEBV01@@Z 00000001800112c0     VEngine:VEngine.dll
 0005:000002c8       __imp_?Serialize@Entity@VE@@UEAAXAEAV?$basic_json@Vmap@std@@Vvector@2@V?$basic_string@DU?$char_traits@D@std@@V?$allocator@D@2@@2@_N_J_KNVallocator@2@Uadl_serializer@json_abi_v3_11_3@nlohmann@@V?$vector@EV?$allocator@E@std@@@2@X@json_abi_v3_11_3@nlohmann@@@Z 00000001800112c8     VEngine:VEngine.dll
 0005:000002d0       __imp_??0Entity@VE@@QEAA@AEBV01@@Z 00000001800112d0     VEngine:VEngine.dll
 0005:000002d8       __imp_?Deserialize@Entity@VE@@UEAAXAEAV?$basic_json@Vmap@std@@Vvector@2@V?$basic_string@DU?$char_traits@D@std@@V?$allocator@D@2@@2@_N_J_KNVallocator@2@Uadl_serializer@json_abi_v3_11_3@nlohmann@@V?$vector@EV?$allocator@E@std@@@2@X@json_abi_v3_11_3@nlohmann@@@Z 00000001800112d8     VEngine:VEngine.dll
 0005:000002e0       __imp_?DrawEditorUI@Entity@VE@@UEAAXXZ 00000001800112e0     VEngine:VEngine.dll
 0005:000002e8       __imp_?GetSingleton@Engine@VE@@SAPEAV12@XZ 00000001800112e8     VEngine:VEngine.dll
 0005:000002f0       __imp_?RegisterEntity@Engine@VE@@QEAAXV?$basic_string@DU?$char_traits@D@std@@V?$allocator@D@2@@std@@@Z 00000001800112f0     VEngine:VEngine.dll
 0005:000002f8       __imp_??1Entity@VE@@UEAA@XZ 00000001800112f8     VEngine:VEngine.dll
 0005:00000300       __imp_?Render@Entity@VE@@UEAAXXZ 0000000180011300     VEngine:VEngine.dll
 0005:00000308       \177VEngine_NULL_THUNK_DATA 0000000180011308     VEngine:VEngine.dll
 0005:00000370       __imp__invalid_parameter   0000000180011370     ucrtd:ucrtbased.dll
 0005:00000378       __imp__calloc_dbg          0000000180011378     ucrtd:ucrtbased.dll
 0005:00000380       __imp__CrtDbgReport        0000000180011380     ucrtd:ucrtbased.dll
 0005:00000388       __imp_wcslen               0000000180011388     ucrtd:ucrtbased.dll
 0005:00000390       __imp_strlen               0000000180011390     ucrtd:ucrtbased.dll
 0005:00000398       __imp_terminate            0000000180011398     ucrtd:ucrtbased.dll
 0005:000003a0       __imp__callnewh            00000001800113a0     ucrtd:ucrtbased.dll
 0005:000003a8       __imp_malloc               00000001800113a8     ucrtd:ucrtbased.dll
 0005:000003b0       __imp__initterm            00000001800113b0     ucrtd:ucrtbased.dll
 0005:000003b8       __imp__initterm_e          00000001800113b8     ucrtd:ucrtbased.dll
 0005:000003c0       __imp__free_dbg            00000001800113c0     ucrtd:ucrtbased.dll
 0005:000003c8       __imp__seh_filter_dll      00000001800113c8     ucrtd:ucrtbased.dll
 0005:000003d0       __imp__configure_narrow_argv 00000001800113d0     ucrtd:ucrtbased.dll
 0005:000003d8       __imp__initialize_narrow_environment 00000001800113d8     ucrtd:ucrtbased.dll
 0005:000003e0       __imp__initialize_onexit_table 00000001800113e0     ucrtd:ucrtbased.dll
 0005:000003e8       __imp__register_onexit_function 00000001800113e8     ucrtd:ucrtbased.dll
 0005:000003f0       __imp__execute_onexit_table 00000001800113f0     ucrtd:ucrtbased.dll
 0005:000003f8       __imp__crt_atexit          00000001800113f8     ucrtd:ucrtbased.dll
 0005:00000400       __imp__crt_at_quick_exit   0000000180011400     ucrtd:ucrtbased.dll
 0005:00000408       __imp__cexit               0000000180011408     ucrtd:ucrtbased.dll
 0005:00000410       \177ucrtbased_NULL_THUNK_DATA 0000000180011410     ucrtd:ucrtbased.dll
 0005:00000488       __IMPORT_DESCRIPTOR_VEngine 0000000180011488     VEngine:VEngine.dll
 0005:0000049c       __IMPORT_DESCRIPTOR_MSVCP140D 000000018001149c     msvcprtd:MSVCP140D.dll
 0005:000004b0       __IMPORT_DESCRIPTOR_KERNEL32 00000001800114b0     kernel32:KERNEL32.dll
 0005:000004c4       __IMPORT_DESCRIPTOR_VCRUNTIME140D 00000001800114c4     vcruntimed:VCRUNTIME140D.dll
 0005:000004d8       __IMPORT_DESCRIPTOR_VCRUNTIME140_1D 00000001800114d8     vcruntimed:VCRUNTIME140_1D.dll
 0005:000004ec       __IMPORT_DESCRIPTOR_ucrtbased 00000001800114ec     ucrtd:ucrtbased.dll
 0005:00000500       __NULL_IMPORT_DESCRIPTOR   0000000180011500     VEngine:VEngine.dll
 0006:00000000       __guard_check_icall_fptr   0000000180013000     MSVCRTD:guard_support.obj
 0006:00000010       __guard_xfg_check_icall_fptr 0000000180013010     MSVCRTD:guard_support.obj
 0006:00000020       __guard_dispatch_icall_fptr 0000000180013020     MSVCRTD:guard_support.obj
 0006:00000030       __guard_xfg_dispatch_icall_fptr 0000000180013030     MSVCRTD:guard_support.obj
 0006:00000040       __guard_xfg_table_dispatch_icall_fptr 0000000180013040     MSVCRTD:guard_support.obj
 0006:00000050       __castguard_check_failure_os_handled_fptr 0000000180013050     MSVCRTD:guard_support.obj
 0006:00000060       __guard_memcpy_fptr        0000000180013060     vcruntimed:softmemtag.obj

 entry point at        0001:0000000f

 Static symbols

 0000:00000000       _volmd                     0000000180000000     player_entity.obj
 0000:00000000       _volmd                     0000000180000000     player_entity.obj
 0002:ffff5000       $cppxdata$??$_Construct@$01PEBD@?$basic_string@DU?$char_traits@D@std@@V?$allocator@D@2@@std@@AEAAXQEBD_K@Z 0000000180000000     register_entities.obj
 0002:ffff5000       $cppxdata$??$_Deallocate@$0BA@@std@@YAXPEAX_K@Z 0000000180000000     register_entities.obj
 0002:ffff5000       $cppxdata$??$_Deallocate_plain@V?$allocator@U_Container_proxy@std@@@std@@@std@@YAXAEAV?$allocator@U_Container_proxy@std@@@0@QEAU_Container_proxy@0@@Z 0000000180000000     register_entities.obj
 0002:ffff5000       $cppxdata$??0?$basic_string@DU?$char_traits@D@std@@V?$allocator@D@2@@std@@QEAA@AEBV01@@Z 0000000180000000     register_entities.obj
 0002:ffff5000       $cppxdata$??_EPlayerEntity@@UEAAPEAXI@Z 0000000180000000     register_entities.obj
 0002:ffff5000       $cppxdata$?_Deallocate_for_capacity@?$basic_string@DU?$char_traits@D@std@@V?$allocator@D@2@@std@@CAXAEAV?$allocator@D@2@QEAD_K@Z 0000000180000000     register_entities.obj
 0002:ffff5000       $ip2state$??$_Construct@$01PEBD@?$basic_string@DU?$char_traits@D@std@@V?$allocator@D@2@@std@@AEAAXQEBD_K@Z 0000000180000000     register_entities.obj
 0002:ffff5000       $ip2state$??$_Deallocate@$0BA@@std@@YAXPEAX_K@Z 0000000180000000     register_entities.obj
 0002:ffff5000       $ip2state$??$_Deallocate_plain@V?$allocator@U_Container_proxy@std@@@std@@@std@@YAXAEAV?$allocator@U_Container_proxy@std@@@0@QEAU_Container_proxy@0@@Z 0000000180000000     register_entities.obj
 0002:ffff5000       $ip2state$??0?$basic_string@DU?$char_traits@D@std@@V?$allocator@D@2@@std@@QEAA@AEBV01@@Z 0000000180000000     register_entities.obj
 0002:ffff5000       $ip2state$??_EPlayerEntity@@UEAAPEAXI@Z 0000000180000000     register_entities.obj
 0002:ffff5000       $ip2state$?_Deallocate_for_capacity@?$basic_string@DU?$char_traits@D@std@@V?$allocator@D@2@@std@@CAXAEAV?$allocator@D@2@QEAD_K@Z 0000000180000000     register_entities.obj
 0002:ffff5000       $stateUnwindMap$??$_Construct@$01PEBD@?$basic_string@DU?$char_traits@D@std@@V?$allocator@D@2@@std@@AEAAXQEBD_K@Z 0000000180000000     register_entities.obj
 0002:ffff5000       $stateUnwindMap$??0?$basic_string@DU?$char_traits@D@std@@V?$allocator@D@2@@std@@QEAA@AEBV01@@Z 0000000180000000     register_entities.obj
 0002:ffff5000       $unwind$??$?0V?$allocator@D@std@@$$V@?$_Compressed_pair@V?$allocator@D@std@@V?$_String_val@U?$_Simple_types@D@std@@@2@$00@std@@QEAA@U_One_then_variadic_args_t@1@$$QEAV?$allocator@D@1@@Z 0000000180000000     register_entities.obj
 0002:ffff5000       $unwind$??$_Allocate@$0BA@U_Default_allocate_traits@std@@@std@@YAPEAX_K@Z 0000000180000000     register_entities.obj
 0002:ffff5000       $unwind$??$_Allocate_at_least_helper@V?$allocator@D@std@@@std@@YAPEADAEAV?$allocator@D@0@AEA_K@Z 0000000180000000     register_entities.obj
 0002:ffff5000       $unwind$??$_Allocate_for_capacity@$0A@@?$basic_string@DU?$char_traits@D@std@@V?$allocator@D@2@@std@@CAPEADAEAV?$allocator@D@1@AEA_K@Z 0000000180000000     register_entities.obj
 0002:ffff5000       $unwind$??$_Allocate_manually_vector_aligned@U_Default_allocate_traits@std@@@std@@YAPEAX_K@Z 0000000180000000     register_entities.obj
 0002:ffff5000       $unwind$??$_Construct@$01PEBD@?$basic_string@DU?$char_traits@D@std@@V?$allocator@D@2@@std@@AEAAXQEBD_K@Z 0000000180000000     register_entities.obj
 0002:ffff5000       $unwind$??$_Construct_in_place@PEADAEBQEAD@std@@YAXAEAPEADAEBQEAD@Z 0000000180000000     register_entities.obj
 0002:ffff5000       $unwind$??$_Construct_in_place@U_Container_proxy@std@@PEAU_Container_base12@2@@std@@YAXAEAU_Container_proxy@0@$$QEAPEAU_Container_base12@0@@Z 0000000180000000     register_entities.obj
 0002:ffff5000       $unwind$??$_Deallocate@$0BA@@std@@YAXPEAX_K@Z 0000000180000000     register_entities.obj
 0002:ffff5000       $unwind$??$_Deallocate_plain@V?$allocator@U_Container_proxy@std@@@std@@@std@@YAXAEAV?$allocator@U_Container_proxy@std@@@0@QEAU_Container_proxy@0@@Z 0000000180000000     register_entities.obj
 0002:ffff5000       $unwind$??$_Delete_plain_internal@V?$allocator@U_Container_proxy@std@@@std@@@std@@YAXAEAV?$allocator@U_Container_proxy@std@@@0@QEAU_Container_proxy@0@@Z 0000000180000000     register_entities.obj
 0002:ffff5000       $unwind$??$_Get_size_of_n@$00@std@@YA_K_K@Z 0000000180000000     register_entities.obj
 0002:ffff5000       $unwind$??$_Get_size_of_n@$0BA@@std@@YA_K_K@Z 0000000180000000     register_entities.obj
 0002:ffff5000       $unwind$??$_Getvals@_W@?$time_get@DV?$istreambuf_iterator@DU?$char_traits@D@std@@@std@@@std@@IEAAX_WAEBV_Locinfo@1@@Z 0000000180000000     register_entities.obj
 0002:ffff5000       $unwind$??$_Getvals@_W@?$time_get@_WV?$istreambuf_iterator@_WU?$char_traits@_W@std@@@std@@@std@@IEAAX_WAEBV_Locinfo@1@@Z 0000000180000000     register_entities.obj
 0002:ffff5000       $unwind$??$_Maklocstr@D@std@@YAPEADPEBDPEADAEBU_Cvtvec@@@Z 0000000180000000     register_entities.obj
 0002:ffff5000       $unwind$??$_Maklocstr@_W@std@@YAPEA_WPEBDPEA_WAEBU_Cvtvec@@@Z 0000000180000000     register_entities.obj
 0002:ffff5000       $unwind$??$exchange@PEAU_Iterator_base12@std@@$$T@std@@YAPEAU_Iterator_base12@0@AEAPEAU10@$$QEA$$T@Z 0000000180000000     register_entities.obj
 0002:ffff5000       $unwind$??$max@_K@std@@YAAEB_KAEB_K0@Z 0000000180000000     register_entities.obj
 0002:ffff5000       $unwind$??$min@_K@std@@YAAEB_KAEB_K0@Z 0000000180000000     register_entities.obj
 0002:ffff5000       $unwind$??0?$_Container_proxy_ptr12@V?$allocator@U_Container_proxy@std@@@std@@@std@@QEAA@AEAV?$allocator@U_Container_proxy@std@@@1@AEAU_Container_base12@1@@Z 0000000180000000     register_entities.obj
 0002:ffff5000       $unwind$??0?$_String_val@U?$_Simple_types@D@std@@@std@@QEAA@XZ 0000000180000000     register_entities.obj
 0002:ffff5000       $unwind$??0?$basic_string@DU?$char_traits@D@std@@V?$allocator@D@2@@std@@QEAA@AEBV01@@Z 0000000180000000     register_entities.obj
 0002:ffff5000       $unwind$??0PlayerEntity@@QEAA@AEBV0@@Z 0000000180000000     register_entities.obj
 0002:ffff5000       $unwind$??0_Bxty@?$_String_val@U?$_Simple_types@D@std@@@std@@QEAA@XZ 0000000180000000     register_entities.obj
 0002:ffff5000       $unwind$??0bad_alloc@std@@AEAA@QEBD@Z 0000000180000000     register_entities.obj
 0002:ffff5000       $unwind$??0bad_alloc@std@@QEAA@AEBV01@@Z 0000000180000000     register_entities.obj
 0002:ffff5000       $unwind$??0bad_array_new_length@std@@QEAA@AEBV01@@Z 0000000180000000     register_entities.obj
 0002:ffff5000       $unwind$??0bad_array_new_length@std@@QEAA@XZ 0000000180000000     register_entities.obj
 0002:ffff5000       $unwind$??0exception@std@@QEAA@AEBV01@@Z 0000000180000000     register_entities.obj
 0002:ffff5000       $unwind$??0exception@std@@QEAA@QEBDH@Z 0000000180000000     register_entities.obj
 0002:ffff5000       $unwind$??1?$_Compressed_pair@V?$allocator@D@std@@V?$_String_val@U?$_Simple_types@D@std@@@2@$00@std@@QEAA@XZ 0000000180000000     register_entities.obj
 0002:ffff5000       $unwind$??1?$_Container_proxy_ptr12@V?$allocator@U_Container_proxy@std@@@std@@@std@@QEAA@XZ 0000000180000000     register_entities.obj
 0002:ffff5000       $unwind$??1?$_String_val@U?$_Simple_types@D@std@@@std@@QEAA@XZ 0000000180000000     register_entities.obj
 0002:ffff5000       $unwind$??1?$basic_string@DU?$char_traits@D@std@@V?$allocator@D@2@@std@@QEAA@XZ 0000000180000000     register_entities.obj
 0002:ffff5000       $unwind$??1bad_alloc@std@@UEAA@XZ 0000000180000000     register_entities.obj
 0002:ffff5000       $unwind$??1bad_array_new_length@std@@UEAA@XZ 0000000180000000     register_entities.obj
 0002:ffff5000       $unwind$??1exception@std@@UEAA@XZ 0000000180000000     register_entities.obj
 0002:ffff5000       $unwind$??4PlayerEntity@@QEAAAEAV0@AEBV0@@Z 0000000180000000     register_entities.obj
 0002:ffff5000       $unwind$??_EPlayerEntity@@UEAAPEAXI@Z 0000000180000000     register_entities.obj
 0002:ffff5000       $unwind$??_GPlayerEntity@@UEAAPEAXI@Z 0000000180000000     register_entities.obj
 0002:ffff5000       $unwind$??_Gbad_alloc@std@@UEAAPEAXI@Z 0000000180000000     register_entities.obj
 0002:ffff5000       $unwind$??_Gbad_array_new_length@std@@UEAAPEAXI@Z 0000000180000000     register_entities.obj
 0002:ffff5000       $unwind$??_Gexception@std@@UEAAPEAXI@Z 0000000180000000     register_entities.obj
 0002:ffff5000       $unwind$?_Adjust_manually_vector_aligned@std@@YAXAEAPEAXAEA_K@Z 0000000180000000     register_entities.obj
 0002:ffff5000       $unwind$?_Allocate@_Default_allocate_traits@std@@SAPEAX_K@Z 0000000180000000     register_entities.obj
 0002:ffff5000       $unwind$?_Calculate_growth@?$basic_string@DU?$char_traits@D@std@@V?$allocator@D@2@@std@@CA_K_K00@Z 0000000180000000     register_entities.obj
 0002:ffff5000       $unwind$?_Deallocate_for_capacity@?$basic_string@DU?$char_traits@D@std@@V?$allocator@D@2@@std@@CAXAEAV?$allocator@D@2@QEAD_K@Z 0000000180000000     register_entities.obj
 0002:ffff5000       $unwind$?_Getal@?$basic_string@DU?$char_traits@D@std@@V?$allocator@D@2@@std@@AEAAAEAV?$allocator@D@2@XZ 0000000180000000     register_entities.obj
 0002:ffff5000       $unwind$?_Getal@?$basic_string@DU?$char_traits@D@std@@V?$allocator@D@2@@std@@AEBAAEBV?$allocator@D@2@XZ 0000000180000000     register_entities.obj
 0002:ffff5000       $unwind$?_Large_mode_engaged@?$_String_val@U?$_Simple_types@D@std@@@std@@QEBA_NXZ 0000000180000000     register_entities.obj
 0002:ffff5000       $unwind$?_Maklocwcs@std@@YAPEA_WPEB_W@Z 0000000180000000     register_entities.obj
 0002:ffff5000       $unwind$?_Myptr@?$_String_val@U?$_Simple_types@D@std@@@std@@QEBAPEBDXZ 0000000180000000     register_entities.obj
 0002:ffff5000       $unwind$?_Orphan_all@_Container_base12@std@@QEAAXXZ 0000000180000000     register_entities.obj
 0002:ffff5000       $unwind$?_Orphan_all_locked_v3@_Container_base12@std@@AEAAXXZ 0000000180000000     register_entities.obj
 0002:ffff5000       $unwind$?_Orphan_all_unlocked_v3@_Container_base12@std@@AEAAXXZ 0000000180000000     register_entities.obj
 0002:ffff5000       $unwind$?_Switch_to_buf@_Bxty@?$_String_val@U?$_Simple_types@D@std@@@std@@QEAAXXZ 0000000180000000     register_entities.obj
 0002:ffff5000       $unwind$?_Throw_bad_array_new_length@std@@YAXXZ 0000000180000000     register_entities.obj
 0002:ffff5000       $unwind$?_Tidy_deallocate@?$basic_string@DU?$char_traits@D@std@@V?$allocator@D@2@@std@@AEAAXXZ 0000000180000000     register_entities.obj
 0002:ffff5000       $unwind$?_Xlen_string@std@@YAXXZ 0000000180000000     register_entities.obj
 0002:ffff5000       $unwind$?allocate@?$allocator@D@std@@QEAAPEAD_K@Z 0000000180000000     register_entities.obj
 0002:ffff5000       $unwind$?allocate@?$allocator@U_Container_proxy@std@@@std@@QEAAPEAU_Container_proxy@2@_K@Z 0000000180000000     register_entities.obj
 0002:ffff5000       $unwind$?copy@?$_Char_traits@DH@std@@SAPEADQEADQEBD_K@Z 0000000180000000     register_entities.obj
 0002:ffff5000       $unwind$?deallocate@?$_Default_allocator_traits@V?$allocator@U_Container_proxy@std@@@std@@@std@@SAXAEAV?$allocator@U_Container_proxy@std@@@2@QEAU_Container_proxy@2@_K@Z 0000000180000000     register_entities.obj
 0002:ffff5000       $unwind$?deallocate@?$allocator@D@std@@QEAAXQEAD_K@Z 0000000180000000     register_entities.obj
 0002:ffff5000       $unwind$?dtor$0@?0???$_Construct@$01PEBD@?$basic_string@DU?$char_traits@D@std@@V?$allocator@D@2@@std@@AEAAXQEBD_K@Z@4HA 0000000180000000     register_entities.obj
 0002:ffff5000       $unwind$?dtor$0@?0???0?$basic_string@DU?$char_traits@D@std@@V?$allocator@D@2@@std@@QEAA@AEBV01@@Z@4HA 0000000180000000     register_entities.obj
 0002:ffff5000       $unwind$?max_size@?$basic_string@DU?$char_traits@D@std@@V?$allocator@D@2@@std@@QEBA_KXZ 0000000180000000     register_entities.obj
 0002:ffff5000       $unwind$?what@exception@std@@UEBAPEBDXZ 0000000180000000     register_entities.obj
 0002:ffff5000       $unwind$wmemcpy            0000000180000000     register_entities.obj
 0001:fffff000       ?dtor$0@?0???$_Construct@$01PEBD@?$basic_string@DU?$char_traits@D@std@@V?$allocator@D@2@@std@@AEAAXQEBD_K@Z@4HA 0000000180000000 f   register_entities.obj
 0001:fffff000       ?dtor$0@?0???0?$basic_string@DU?$char_traits@D@std@@V?$allocator@D@2@@std@@QEAA@AEBV01@@Z@4HA 0000000180000000 f   register_entities.obj
 0000:00000000       _volmd                     0000000180000000     register_entities.obj
 0000:00000000       _volmd                     0000000180000000     register_entities.obj
 0000:fffeb000       .debug$S                   0000000180000000     project.exp
 0000:fffeb000       .debug$S                   0000000180000000     kernel32:KERNEL32.dll
 0000:fffeb000       .debug$S                   0000000180000000     kernel32:KERNEL32.dll
 0000:fffeb000       .debug$S                   0000000180000000     kernel32:KERNEL32.dll
 0000:fffeb000       .debug$S                   0000000180000000     kernel32:KERNEL32.dll
 0000:fffeb000       .debug$S                   0000000180000000     kernel32:KERNEL32.dll
 0000:fffeb000       .debug$S                   0000000180000000     kernel32:KERNEL32.dll
 0000:fffeb000       .debug$S                   0000000180000000     kernel32:KERNEL32.dll
 0000:fffeb000       .debug$S                   0000000180000000     kernel32:KERNEL32.dll
 0000:fffeb000       .debug$S                   0000000180000000     kernel32:KERNEL32.dll
 0000:fffeb000       .debug$S                   0000000180000000     kernel32:KERNEL32.dll
 0000:fffeb000       .debug$S                   0000000180000000     kernel32:KERNEL32.dll
 0000:fffeb000       .debug$S                   0000000180000000     kernel32:KERNEL32.dll
 0000:fffeb000       .debug$S                   0000000180000000     kernel32:KERNEL32.dll
 0000:fffeb000       .debug$S                   0000000180000000     kernel32:KERNEL32.dll
 0000:fffeb000       .debug$S                   0000000180000000     kernel32:KERNEL32.dll
 0000:fffeb000       .debug$S                   0000000180000000     kernel32:KERNEL32.dll
 0000:fffeb000       .debug$S                   0000000180000000     kernel32:KERNEL32.dll
 0000:fffeb000       .debug$S                   0000000180000000     ucrtd:ucrtbased.dll
 0000:fffeb000       .debug$S                   0000000180000000     ucrtd:ucrtbased.dll
 0000:fffeb000       .debug$S                   0000000180000000     ucrtd:ucrtbased.dll
 0000:fffeb000       .debug$S                   0000000180000000     ucrtd:ucrtbased.dll
 0000:fffeb000       .debug$S                   0000000180000000     ucrtd:ucrtbased.dll
 0000:fffeb000       .debug$S                   0000000180000000     ucrtd:ucrtbased.dll
 0000:fffeb000       .debug$S                   0000000180000000     ucrtd:ucrtbased.dll
 0000:fffeb000       .debug$S                   0000000180000000     ucrtd:ucrtbased.dll
 0000:fffeb000       .debug$S                   0000000180000000     ucrtd:ucrtbased.dll
 0000:fffeb000       .debug$S                   0000000180000000     ucrtd:ucrtbased.dll
 0000:fffeb000       .debug$S                   0000000180000000     ucrtd:ucrtbased.dll
 0000:fffeb000       .debug$S                   0000000180000000     ucrtd:ucrtbased.dll
 0000:fffeb000       .debug$S                   0000000180000000     ucrtd:ucrtbased.dll
 0000:fffeb000       .debug$S                   0000000180000000     ucrtd:ucrtbased.dll
 0000:fffeb000       .debug$S                   0000000180000000     ucrtd:ucrtbased.dll
 0000:fffeb000       .debug$S                   0000000180000000     ucrtd:ucrtbased.dll
 0000:fffeb000       .debug$S                   0000000180000000     ucrtd:ucrtbased.dll
 0000:fffeb000       .debug$S                   0000000180000000     ucrtd:ucrtbased.dll
 0000:fffeb000       .debug$S                   0000000180000000     ucrtd:ucrtbased.dll
 0000:fffeb000       .debug$S                   0000000180000000     ucrtd:ucrtbased.dll
 0000:00000000       _volmd                     0000000180000000     MSVCRTD:cpu_disp.obj
 0000:fffed000       __guard_ehcont_?dllmain_dispatch@@YAHQEAUHINSTANCE__@@KQEAX@Z 0000000180000000     MSVCRTD:dll_dllmain.obj
 0000:fffed000       __guard_fids_?dllmain_dispatch@@YAHQEAUHINSTANCE__@@KQEAX@Z 0000000180000000     MSVCRTD:dll_dllmain.obj
 0000:fffed000       __guard_ehcont_?__ArrayUnwind@@YAXPEAX_K1P6AX0@Z@Z 0000000180000000     MSVCRTD:ehvecdtr.obj
 0000:00000000       _volmd                     0000000180000000     MSVCRTD:gs_report.obj
 0000:00000000       _volmd                     0000000180000000     MSVCRTD:gs_report.obj
 0000:00000000       _volmd                     0000000180000000     MSVCRTD:gs_report.obj
 0000:fffed000       __guard_fids__             0000000180000000     MSVCRTD:guard_support.obj
 0000:fffed000       __guard_fids__             0000000180000000     MSVCRTD:guard_support.obj
 0000:fffed000       __guard_fids__guard_icall_checks_enforced 0000000180000000     MSVCRTD:guard_support.obj
 0000:00000000       _volmd                     0000000180000000     MSVCRTD:guard_support.obj
 0000:00000000       _volmd                     0000000180000000     MSVCRTD:guard_support.obj
 0000:fffed000       __guard_fids__             0000000180000000     MSVCRTD:std_type_info_static.obj
 0002:ffff5000       $unwind$??0bad_alloc@std@@AEAA@QEBD@Z 0000000180000000     MSVCRTD:throw_bad_alloc.obj
 0002:ffff5000       $unwind$??0bad_alloc@std@@QEAA@AEBV01@@Z 0000000180000000     MSVCRTD:throw_bad_alloc.obj
 0002:ffff5000       $unwind$??0bad_array_new_length@std@@QEAA@AEBV01@@Z 0000000180000000     MSVCRTD:throw_bad_alloc.obj
 0002:ffff5000       $unwind$??0bad_array_new_length@std@@QEAA@XZ 0000000180000000     MSVCRTD:throw_bad_alloc.obj
 0002:ffff5000       $unwind$??0exception@std@@QEAA@AEBV01@@Z 0000000180000000     MSVCRTD:throw_bad_alloc.obj
 0002:ffff5000       $unwind$??0exception@std@@QEAA@QEBDH@Z 0000000180000000     MSVCRTD:throw_bad_alloc.obj
 0002:ffff5000       $unwind$??1bad_alloc@std@@UEAA@XZ 0000000180000000     MSVCRTD:throw_bad_alloc.obj
 0002:ffff5000       $unwind$??1bad_array_new_length@std@@UEAA@XZ 0000000180000000     MSVCRTD:throw_bad_alloc.obj
 0002:ffff5000       $unwind$??1exception@std@@UEAA@XZ 0000000180000000     MSVCRTD:throw_bad_alloc.obj
 0002:ffff5000       $unwind$??_Gbad_alloc@std@@UEAAPEAXI@Z 0000000180000000     MSVCRTD:throw_bad_alloc.obj
 0002:ffff5000       $unwind$??_Gbad_array_new_length@std@@UEAAPEAXI@Z 0000000180000000     MSVCRTD:throw_bad_alloc.obj
 0002:ffff5000       $unwind$??_Gexception@std@@UEAAPEAXI@Z 0000000180000000     MSVCRTD:throw_bad_alloc.obj
 0002:ffff5000       $unwind$?what@exception@std@@UEBAPEBDXZ 0000000180000000     MSVCRTD:throw_bad_alloc.obj
 0000:fffed000       __guard_fids__             0000000180000000     MSVCRTD:throw_bad_alloc.obj
 0000:fffed000       __guard_fids__             0000000180000000     MSVCRTD:throw_bad_alloc.obj
 0000:fffed000       __guard_fids__             0000000180000000     MSVCRTD:throw_bad_alloc.obj
 0000:fffed000       __guard_ehcont___scrt_is_nonwritable_in_current_image 0000000180000000     MSVCRTD:utility.obj
 0000:00000000       _volmd                     0000000180000000     MSVCRTD:utility.obj
 0000:00000000       _volmd                     0000000180000000     MSVCRTD:utility.obj
 0000:00000000       _volmd                     0000000180000000     MSVCRTD:utility.obj
 0000:fffed000       __guard_fids___scrt_set_unhandled_exception_filter 0000000180000000     MSVCRTD:utility_desktop.obj
 0000:00000000       _volmd                     0000000180000000     MSVCRTD:utility_desktop.obj
 0000:fffeb000       .debug$S                   0000000180000000     msvcprtd:MSVCP140D.dll
 0000:fffeb000       .debug$S                   0000000180000000     msvcprtd:MSVCP140D.dll
 0000:fffeb000       .debug$S                   0000000180000000     msvcprtd:MSVCP140D.dll
 0000:fffeb000       .debug$S                   0000000180000000     msvcprtd:MSVCP140D.dll
 0000:fffeb000       .debug$S                   0000000180000000     msvcprtd:MSVCP140D.dll
 0000:fffeb000       .debug$S                   0000000180000000     msvcprtd:MSVCP140D.dll
 0000:fffeb000       .debug$S                   0000000180000000     msvcprtd:MSVCP140D.dll
 0000:fffeb000       .debug$S                   0000000180000000     msvcprtd:MSVCP140D.dll
 0000:fffeb000       .debug$S                   0000000180000000     msvcprtd:MSVCP140D.dll
 0000:fffeb000       .debug$S                   0000000180000000     msvcprtd:MSVCP140D.dll
 0000:fffed000       __guard_fids__             0000000180000000     vcruntimed:softmemtag.obj
 0000:fffeb000       .debug$S                   0000000180000000     vcruntimed:VCRUNTIME140D.dll
 0000:fffeb000       .debug$S                   0000000180000000     vcruntimed:VCRUNTIME140D.dll
 0000:fffeb000       .debug$S                   0000000180000000     vcruntimed:VCRUNTIME140D.dll
 0000:fffeb000       .debug$S                   0000000180000000     vcruntimed:VCRUNTIME140D.dll
 0000:fffeb000       .debug$S                   0000000180000000     vcruntimed:VCRUNTIME140D.dll
 0000:fffeb000       .debug$S                   0000000180000000     vcruntimed:VCRUNTIME140D.dll
 0000:fffeb000       .debug$S                   0000000180000000     vcruntimed:VCRUNTIME140D.dll
 0000:fffeb000       .debug$S                   0000000180000000     vcruntimed:VCRUNTIME140D.dll
 0000:fffeb000       .debug$S                   0000000180000000     vcruntimed:VCRUNTIME140D.dll
 0000:fffeb000       .debug$S                   0000000180000000     vcruntimed:VCRUNTIME140_1D.dll
 0000:fffeb000       .debug$S                   0000000180000000     VEngine:VEngine.dll
 0000:fffeb000       .debug$S                   0000000180000000     VEngine:VEngine.dll
 0000:fffeb000       .debug$S                   0000000180000000     VEngine:VEngine.dll
 0000:fffeb000       .debug$S                   0000000180000000     VEngine:VEngine.dll
 0000:fffeb000       .debug$S                   0000000180000000     VEngine:VEngine.dll
 0000:fffeb000       .debug$S                   0000000180000000     VEngine:VEngine.dll
 0000:fffeb000       .debug$S                   0000000180000000     VEngine:VEngine.dll
 0000:fffeb000       .debug$S                   0000000180000000     VEngine:VEngine.dll
 0000:fffeb000       .debug$S                   0000000180000000     VEngine:VEngine.dll
 0000:fffeb000       .debug$S                   0000000180000000     VEngine:VEngine.dll
 0001:00003470       ?ArrayUnwindFilter@@YAHPEAU_EXCEPTION_POINTERS@@@Z 0000000180004470 f   MSVCRTD:ehvecdtr.obj
 0001:000037f0       $$000000                   00000001800047f0     MSVCRTD:amdsecgs.obj
 0001:000038a0       ?dllmain_crt_dispatch@@YAHQEAUHINSTANCE__@@KQEAX@Z 00000001800048a0 f   MSVCRTD:dll_dllmain.obj
 0001:00003950       ?dllmain_crt_process_attach@@YAHQEAUHINSTANCE__@@QEAX@Z 0000000180004950 f   MSVCRTD:dll_dllmain.obj
 0001:00003ae0       ?dllmain_crt_process_detach@@YAH_N@Z 0000000180004ae0 f   MSVCRTD:dll_dllmain.obj
 0001:00003ba0       ?dllmain_dispatch@@YAHQEAUHINSTANCE__@@KQEAX@Z 0000000180004ba0 f   MSVCRTD:dll_dllmain.obj
 0001:00003d30       ?dllmain_raw@@YAHQEAUHINSTANCE__@@KQEAX@Z 0000000180004d30 f   MSVCRTD:dll_dllmain.obj
 0001:00003f30       __castguard_check_failure_os_handled_wrapper 0000000180004f30 f   MSVCRTD:guard_support.obj
 0001:00003fa0       __castguard_check_failure_user_handled_wrapper 0000000180004fa0 f   MSVCRTD:guard_support.obj
 0001:00004000       __castguard_compat_check   0000000180005000 f   MSVCRTD:guard_support.obj
 0001:00004250       __castguard_slow_path_compat_check 0000000180005250 f   MSVCRTD:guard_support.obj
 0001:000047f0       capture_current_context    00000001800057f0 f   MSVCRTD:gs_report.obj
 0001:000048b0       capture_previous_context   00000001800058b0 f   MSVCRTD:gs_report.obj
 0001:00004990       __get_entropy              0000000180005990 f   MSVCRTD:gs_support.obj
 0001:00004c50       ?find_pe_section@@YAPEAU_IMAGE_SECTION_HEADER@@QEAE_K@Z 0000000180005c50 f   MSVCRTD:utility.obj
 0001:00004d70       ?is_potentially_valid_image_base@@YA_NQEAX@Z 0000000180005d70 f   MSVCRTD:utility.obj
 0001:00007630       $$000000                   0000000180008630     MSVCRTD:guard_dispatch.obj
 0001:00007650       $$000000                   0000000180008650     MSVCRTD:guard_xfg_dispatch.obj
 0001:00008670       ?dtor$0@?0???0PlayerEntity@@QEAA@V?$basic_string@DU?$char_traits@D@std@@V?$allocator@D@2@@std@@@Z@4HA 0000000180009670 f   player_entity.obj
 0001:00008690       ?dtor$0@?0???$_Construct@$01PEBD@?$basic_string@DU?$char_traits@D@std@@V?$allocator@D@2@@std@@AEAAXQEBD_K@Z@4HA 0000000180009690 f   player_entity.obj
 0001:000086b0       ?dtor$0@?0???0?$basic_string@DU?$char_traits@D@std@@V?$allocator@D@2@@std@@QEAA@AEBV01@@Z@4HA 00000001800096b0 f   player_entity.obj
 0001:000086d0       ?dtor$0@?0???$_Construct@$00PEBD@?$basic_string@DU?$char_traits@D@std@@V?$allocator@D@2@@std@@AEAAXQEBD_K@Z@4HA 00000001800096d0 f   register_entities.obj
 0001:000086f0       ?dtor$0@?0???0?$basic_string@DU?$char_traits@D@std@@V?$allocator@D@2@@std@@QEAA@QEBD@Z@4HA 00000001800096f0 f   register_entities.obj
 0001:00008710       ?fin$0@?0???_M@YAXPEAX_K1P6AX0@Z@Z@4HA 0000000180009710 f   MSVCRTD:ehvecdtr.obj
 0001:00008750       ?filt$0@?0??__ArrayUnwind@@YAXPEAX_K1P6AX0@Z@Z@4HA 0000000180009750 f   MSVCRTD:ehvecdtr.obj
 0001:00008780       ?fin$0@?0??dllmain_crt_process_attach@@YAHQEAUHINSTANCE__@@QEAX@Z@4HA 0000000180009780 f   MSVCRTD:dll_dllmain.obj
 0001:000087b0       ?fin$0@?0??dllmain_crt_process_detach@@YAH_N@Z@4HA 00000001800097b0 f   MSVCRTD:dll_dllmain.obj
 0001:000087cb       ?fin$1@?0??dllmain_crt_process_detach@@YAH_N@Z@4HA 00000001800097cb f   MSVCRTD:dll_dllmain.obj
 0001:000087f0       ?filt$0@?0??dllmain_dispatch@@YAHQEAUHINSTANCE__@@KQEAX@Z@4HA 00000001800097f0 f   MSVCRTD:dll_dllmain.obj
 0001:00008850       __scrt_is_nonwritable_in_current_image$filt$0 0000000180009850 f   MSVCRTD:utility.obj
 0002:00000880       $SG166193                  000000018000b880     player_entity.obj
 0002:00000894       $SG166194                  000000018000b894     player_entity.obj
 0002:000008a0       $SG166195                  000000018000b8a0     player_entity.obj
 0002:00000910       $SG166196                  000000018000b910     player_entity.obj
[...]
 0002:0000251c       $unwind$??0PlayerEntity@@QEAA@AEBV0@@Z 000000018000d51c     player_entity.obj
 0002:00002524       $unwind$??4PlayerEntity@@QEAAAEAV0@AEBV0@@Z 000000018000d524     player_entity.obj
 0002:0000252c       $unwind$??_GPlayerEntity@@UEAAPEAXI@Z 000000018000d52c     player_entity.obj
 0002:00002534       $unwind$??_EPlayerEntity@@UEAAPEAXI@Z 000000018000d534     player_entity.obj
 0002:00002545       $cppxdata$??_EPlayerEntity@@UEAAPEAXI@Z 000000018000d545     player_entity.obj
 0002:0000254a       $ip2state$??_EPlayerEntity@@UEAAPEAXI@Z 000000018000d54a     player_entity.obj
 0002:00002550       $unwind$?allocate@?$allocator@U_Container_proxy@std@@@std@@QEAAPEAU_Container_proxy@2@_K@Z 000000018000d550     player_entity.obj
 0002:00002558       $unwind$??$_Delete_plain_internal@V?$allocator@U_Container_proxy@std@@@std@@@std@@YAXAEAV?$allocator@U_Container_proxy@std@@@0@QEAU_Container_proxy@0@@Z 000000018000d558     player_entity.obj
 0002:00002560       $unwind$??$min@_K@std@@YAAEB_KAEB_K0@Z 000000018000d560     player_entity.obj
 0002:00002568       $unwind$??$max@_K@std@@YAAEB_KAEB_K0@Z 000000018000d568     player_entity.obj
 0002:00002570       $unwind$??$?0V?$allocator@D@std@@$$V@?$_Compressed_pair@V?$allocator@D@std@@V?$_String_val@U?$_Simple_types@D@std@@@2@$00@std@@QEAA@U_One_then_variadic_args_t@1@$$QEAV?$allocator@D@1@@Z 000000018000d570     player_entity.obj
 0002:00002578       $unwind$??$_Construct@$01PEBD@?$basic_string@DU?$char_traits@D@std@@V?$allocator@D@2@@std@@AEAAXQEBD_K@Z 000000018000d578     player_entity.obj
 0002:00002589       $cppxdata$??$_Construct@$01PEBD@?$basic_string@DU?$char_traits@D@std@@V?$allocator@D@2@@std@@AEAAXQEBD_K@Z 000000018000d589     player_entity.obj
 0002:00002592       $stateUnwindMap$??$_Construct@$01PEBD@?$basic_string@DU?$char_traits@D@std@@V?$allocator@D@2@@std@@AEAAXQEBD_K@Z 000000018000d592     player_entity.obj
 0002:00002598       $ip2state$??$_Construct@$01PEBD@?$basic_string@DU?$char_traits@D@std@@V?$allocator@D@2@@std@@AEAAXQEBD_K@Z 000000018000d598     player_entity.obj
 0002:000025a8       $unwind$?dtor$0@?0???$_Construct@$01PEBD@?$basic_string@DU?$char_traits@D@std@@V?$allocator@D@2@@std@@AEAAXQEBD_K@Z@4HA 000000018000d5a8     player_entity.obj
 0002:000025b0       $unwind$??$_Deallocate@$0BA@@std@@YAXPEAX_K@Z 000000018000d5b0     player_entity.obj
 0002:000025c1       $cppxdata$??$_Deallocate@$0BA@@std@@YAXPEAX_K@Z 000000018000d5c1     player_entity.obj
 0002:000025c6       $ip2state$??$_Deallocate@$0BA@@std@@YAXPEAX_K@Z 000000018000d5c6     player_entity.obj
 0002:000025cc       $unwind$??$_Maklocstr@D@std@@YAPEADPEBDPEADAEBU_Cvtvec@@@Z 000000018000d5cc     player_entity.obj
 0002:000025d4       $unwind$??$_Deallocate_plain@V?$allocator@U_Container_proxy@std@@@std@@@std@@YAXAEAV?$allocator@U_Container_proxy@std@@@0@QEAU_Container_proxy@0@@Z 000000018000d5d4     player_entity.obj
 0002:000025e5       $cppxdata$??$_Deallocate_plain@V?$allocator@U_Container_proxy@std@@@std@@@std@@YAXAEAV?$allocator@U_Container_proxy@std@@@0@QEAU_Container_proxy@0@@Z 000000018000d5e5     player_entity.obj
 0002:000025ea       $ip2state$??$_Deallocate_plain@V?$allocator@U_Container_proxy@std@@@std@@@std@@YAXAEAV?$allocator@U_Container_proxy@std@@@0@QEAU_Container_proxy@0@@Z 000000018000d5ea     player_entity.obj
 0002:000025f0       $unwind$??0?$_Container_proxy_ptr12@V?$allocator@U_Container_proxy@std@@@std@@@std@@QEAA@AEAV?$allocator@U_Container_proxy@std@@@1@AEAU_Container_base12@1@@Z 000000018000d5f0     player_entity.obj
 0002:000025f8       $unwind$??1?$_Container_proxy_ptr12@V?$allocator@U_Container_proxy@std@@@std@@@std@@QEAA@XZ 000000018000d5f8     player_entity.obj
 0002:00002600       $unwind$??$_Construct_in_place@U_Container_proxy@std@@PEAU_Container_base12@2@@std@@YAXAEAU_Container_proxy@0@$$QEAPEAU_Container_base12@0@@Z 000000018000d600     player_entity.obj
 0002:00002608       $unwind$??$_Allocate_for_capacity@$0A@@?$basic_string@DU?$char_traits@D@std@@V?$allocator@D@2@@std@@CAPEADAEAV?$allocator@D@1@AEA_K@Z 000000018000d608     player_entity.obj
 0002:00002610       $unwind$??$_Construct_in_place@PEADAEBQEAD@std@@YAXAEAPEADAEBQEAD@Z 000000018000d610     player_entity.obj
 0002:00002618       $unwind$??$_Get_size_of_n@$0BA@@std@@YA_K_K@Z 000000018000d618     player_entity.obj
 0002:00002620       $unwind$??$_Allocate@$0BA@U_Default_allocate_traits@std@@@std@@YAPEAX_K@Z 000000018000d620     player_entity.obj
 0002:00002628       $unwind$?deallocate@?$_Default_allocator_traits@V?$allocator@U_Container_proxy@std@@@std@@@std@@SAXAEAV?$allocator@U_Container_proxy@std@@@2@QEAU_Container_proxy@2@_K@Z 000000018000d628     player_entity.obj
 0002:00002630       $unwind$??$_Allocate_at_least_helper@V?$allocator@D@std@@@std@@YAPEADAEAV?$allocator@D@0@AEA_K@Z 000000018000d630     player_entity.obj
 0002:00002638       $unwind$??$_Allocate_manually_vector_aligned@U_Default_allocate_traits@std@@@std@@YAPEAX_K@Z 000000018000d638     player_entity.obj
 0002:00002640       $unwind$??$_Get_size_of_n@$00@std@@YA_K_K@Z 000000018000d640     player_entity.obj
 0002:00002648       $unwind$?compare@?$_Narrow_char_traits@DH@std@@SAHQEBD0_K@Z 000000018000d648     register_entities.obj
 0002:00002650       $unwind$?length@?$_Narrow_char_traits@DH@std@@SA_KQEBD@Z 000000018000d650     register_entities.obj
 0002:00002658       $unwind$??0?$basic_string@DU?$char_traits@D@std@@V?$allocator@D@2@@std@@QEAA@QEBD@Z 000000018000d658     register_entities.obj
 0002:00002669       $cppxdata$??0?$basic_string@DU?$char_traits@D@std@@V?$allocator@D@2@@std@@QEAA@QEBD@Z 000000018000d669     register_entities.obj
 0002:00002672       $stateUnwindMap$??0?$basic_string@DU?$char_traits@D@std@@V?$allocator@D@2@@std@@QEAA@QEBD@Z 000000018000d672     register_entities.obj
 0002:00002678       $ip2state$??0?$basic_string@DU?$char_traits@D@std@@V?$allocator@D@2@@std@@QEAA@QEBD@Z 000000018000d678     register_entities.obj
 0002:00002680       $unwind$?dtor$0@?0???0?$basic_string@DU?$char_traits@D@std@@V?$allocator@D@2@@std@@QEAA@QEBD@Z@4HA 000000018000d680     register_entities.obj
 0002:00002688       $unwind$?_Equal@?$basic_string@DU?$char_traits@D@std@@V?$allocator@D@2@@std@@QEBA_NQEBD@Z 000000018000d688     register_entities.obj
 0002:00002690       $unwind$CreateProjectEntity 000000018000d690     register_entities.obj
 0002:00002698       $unwind$OnSharedLibraryEntry 000000018000d698     register_entities.obj
 0002:000026a4       $unwind$??$?8DU?$char_traits@D@std@@V?$allocator@D@1@@std@@YA_NQEBDAEBV?$basic_string@DU?$char_traits@D@std@@V?$allocator@D@2@@0@@Z 000000018000d6a4     register_entities.obj
 0002:000026ac       $unwind$??$?0$$V@?$_Compressed_pair@V?$allocator@D@std@@V?$_String_val@U?$_Simple_types@D@std@@@2@$00@std@@QEAA@U_Zero_then_variadic_args_t@1@@Z 000000018000d6ac     register_entities.obj
 0002:000026b4       $unwind$??$_Construct@$00PEBD@?$basic_string@DU?$char_traits@D@std@@V?$allocator@D@2@@std@@AEAAXQEBD_K@Z 000000018000d6b4     register_entities.obj
 0002:000026c5       $cppxdata$??$_Construct@$00PEBD@?$basic_string@DU?$char_traits@D@std@@V?$allocator@D@2@@std@@AEAAXQEBD_K@Z 000000018000d6c5     register_entities.obj
 0002:000026ce       $stateUnwindMap$??$_Construct@$00PEBD@?$basic_string@DU?$char_traits@D@std@@V?$allocator@D@2@@std@@AEAAXQEBD_K@Z 000000018000d6ce     register_entities.obj
 0002:000026d4       $ip2state$??$_Construct@$00PEBD@?$basic_string@DU?$char_traits@D@std@@V?$allocator@D@2@@std@@AEAAXQEBD_K@Z 000000018000d6d4     register_entities.obj
 0002:000026e4       $unwind$?dtor$0@?0???$_Construct@$00PEBD@?$basic_string@DU?$char_traits@D@std@@V?$allocator@D@2@@std@@AEAAXQEBD_K@Z@4HA 000000018000d6e4     register_entities.obj
 0002:000026ec       $unwind$??$_Traits_equal@U?$char_traits@D@std@@@std@@YA_NQEBD_K01@Z 000000018000d6ec     register_entities.obj
 0002:000026f4       $unwind$??_M@YAXPEAX_K1P6AX0@Z@Z 000000018000d6f4     MSVCRTD:ehvecdtr.obj
 0002:00002718       $unwind$?fin$0@?0???_M@YAXPEAX_K1P6AX0@Z@Z@4HA 000000018000d718     MSVCRTD:ehvecdtr.obj
 0002:00002720       $unwind$?__ArrayUnwind@@YAXPEAX_K1P6AX0@Z@Z 000000018000d720     MSVCRTD:ehvecdtr.obj
 0002:00002744       $unwind$?filt$0@?0??__ArrayUnwind@@YAXPEAX_K1P6AX0@Z@Z@4HA 000000018000d744     MSVCRTD:ehvecdtr.obj
 0002:0000274c       $unwind$?ArrayUnwindFilter@@YAHPEAU_EXCEPTION_POINTERS@@@Z 000000018000d74c     MSVCRTD:ehvecdtr.obj
 0002:00002754       $unwind$??_M@YAXPEAX_KHP6AX0@Z@Z 000000018000d754     MSVCRTD:ehvecdtr.obj
 0002:0000275c       $unwind$??2@YAPEAX_K@Z     000000018000d75c     MSVCRTD:new_scalar.obj
 0002:00002764       $unwind$??3@YAXPEAX_K@Z    000000018000d764     MSVCRTD:delete_scalar_size.obj
 0002:0000276c       $unwind$??_V@YAXPEAX_K@Z   000000018000d76c     MSVCRTD:delete_array_size.obj
 0002:00002774       $unwind$__GSHandlerCheckCommon 000000018000d774     MSVCRTD:gshandler.obj
 0002:0000277c       $unwind$__GSHandlerCheck   000000018000d77c     MSVCRTD:gshandler.obj
 0002:00002788       $xdatasym                  000000018000d788     MSVCRTD:amdsecgs.obj
 0002:0000278c       $unwind$??_Gtype_info@@UEAAPEAXI@Z 000000018000d78c     MSVCRTD:std_type_info_static.obj
 0002:00002794       $unwind$?dllmain_crt_process_attach@@YAHQEAUHINSTANCE__@@QEAX@Z 000000018000d794     MSVCRTD:dll_dllmain.obj
 0002:000027b8       $unwind$?fin$0@?0??dllmain_crt_process_attach@@YAHQEAUHINSTANCE__@@QEAX@Z@4HA 000000018000d7b8     MSVCRTD:dll_dllmain.obj
 0002:000027c0       $unwind$?dllmain_crt_process_detach@@YAH_N@Z 000000018000d7c0     MSVCRTD:dll_dllmain.obj
 0002:000027f4       $unwind$?fin$0@?0??dllmain_crt_process_detach@@YAH_N@Z@4HA 000000018000d7f4     MSVCRTD:dll_dllmain.obj
 0002:000027fc       $unwind$?fin$1@?0??dllmain_crt_process_detach@@YAH_N@Z@4HA 000000018000d7fc     MSVCRTD:dll_dllmain.obj
 0002:00002804       $unwind$?dllmain_crt_dispatch@@YAHQEAUHINSTANCE__@@KQEAX@Z 000000018000d804     MSVCRTD:dll_dllmain.obj
 0002:0000280c       $unwind$_CRT_INIT          000000018000d80c     MSVCRTD:dll_dllmain.obj
 0002:00002814       $unwind$?dllmain_raw@@YAHQEAUHINSTANCE__@@KQEAX@Z 000000018000d814     MSVCRTD:dll_dllmain.obj
 0002:0000281c       $unwind$?dllmain_dispatch@@YAHQEAUHINSTANCE__@@KQEAX@Z 000000018000d81c     MSVCRTD:dll_dllmain.obj
 0002:00002840       $unwind$?filt$0@?0??dllmain_dispatch@@YAHQEAUHINSTANCE__@@KQEAX@Z@4HA 000000018000d840     MSVCRTD:dll_dllmain.obj
 0002:00002848       $unwind$_DllMainCRTStartup 000000018000d848     MSVCRTD:dll_dllmain.obj
 0002:00002850       $unwind$ReadNoFence64      000000018000d850     MSVCRTD:guard_support.obj
 0002:00002858       $unwind$ReadPointerNoFence 000000018000d858     MSVCRTD:guard_support.obj
 0002:00002860       $unwind$__castguard_set_user_handler 000000018000d860     MSVCRTD:guard_support.obj
 0002:00002868       $unwind$_guard_icall_checks_enforced 000000018000d868     MSVCRTD:guard_support.obj
 0002:00002870       $unwind$__castguard_compat_check 000000018000d870     MSVCRTD:guard_support.obj
 0002:00002878       $unwind$__castguard_check_failure_os_handled_wrapper 000000018000d878     MSVCRTD:guard_support.obj
 0002:00002880       $unwind$__castguard_check_failure_user_handled_wrapper 000000018000d880     MSVCRTD:guard_support.obj
 0002:00002888       $unwind$__castguard_check_failure_debugbreak 000000018000d888     MSVCRTD:guard_support.obj
 0002:00002890       $unwind$__castguard_check_failure_fastfail 000000018000d890     MSVCRTD:guard_support.obj
 0002:00002898       $unwind$__castguard_check_failure_os_handled 000000018000d898     MSVCRTD:guard_support.obj
 0002:000028a0       $unwind$__castguard_check_failure_user_handled 000000018000d8a0     MSVCRTD:guard_support.obj
 0002:000028a8       $unwind$__castguard_slow_path_compat_check 000000018000d8a8     MSVCRTD:guard_support.obj
 0002:000028b0       $unwind$__castguard_slow_path_check_debugbreak 000000018000d8b0     MSVCRTD:guard_support.obj
 0002:000028b8       $unwind$__castguard_slow_path_check_fastfail 000000018000d8b8     MSVCRTD:guard_support.obj
 0002:000028c0       $unwind$__castguard_slow_path_check_os_handled 000000018000d8c0     MSVCRTD:guard_support.obj
 0002:000028c8       $unwind$__castguard_slow_path_check_user_handled 000000018000d8c8     MSVCRTD:guard_support.obj
 0002:000028d0       $unwind$??0bad_alloc@std@@QEAA@XZ 000000018000d8d0     MSVCRTD:throw_bad_alloc.obj
 0002:000028d8       $unwind$?__scrt_throw_std_bad_alloc@@YAXXZ 000000018000d8d8     MSVCRTD:throw_bad_alloc.obj
 0002:000028e0       $unwind$?__scrt_throw_std_bad_array_new_length@@YAXXZ 000000018000d8e0     MSVCRTD:throw_bad_alloc.obj
 0002:000028e8       $unwind$??3@YAXPEAX@Z      000000018000d8e8     MSVCRTD:delete_scalar.obj
 0002:000028f0       $unwind$??_V@YAXPEAX@Z     000000018000d8f0     MSVCRTD:delete_array.obj
 0002:000028f8       $unwind$__report_securityfailure 000000018000d8f8     MSVCRTD:gs_report.obj
 0002:00002900       $unwind$__report_securityfailureEx 000000018000d900     MSVCRTD:gs_report.obj
 0002:00002908       $unwind$__report_rangecheckfailure 000000018000d908     MSVCRTD:gs_report.obj
 0002:00002910       $unwind$__report_gsfailure 000000018000d910     MSVCRTD:gs_report.obj
 0002:00002918       $unwind$capture_current_context 000000018000d918     MSVCRTD:gs_report.obj
 0002:00002920       $unwind$capture_previous_context 000000018000d920     MSVCRTD:gs_report.obj
 0002:00002928       $unwind$__raise_securityfailure 000000018000d928     MSVCRTD:gs_report.obj
 0002:00002930       $unwind$__security_init_cookie 000000018000d930     MSVCRTD:gs_support.obj
 0002:00002938       $unwind$__get_entropy      000000018000d938     MSVCRTD:gs_support.obj
 0002:00002940       $unwind$DllMain            000000018000d940     MSVCRTD:dll_dllmain_stub.obj
 0002:00002948       $unwind$?__scrt_initialize_type_info@@YAXXZ 000000018000d948     MSVCRTD:tncleanup.obj
 0002:00002950       $unwind$?__scrt_uninitialize_type_info@@YAXXZ 000000018000d950     MSVCRTD:tncleanup.obj
 0002:00002958       $unwind$__scrt_initialize_default_local_stdio_options 000000018000d958     MSVCRTD:default_local_stdio_options.obj
 0002:00002960       $unwind$atexit             000000018000d960     MSVCRTD:utility.obj
 0002:00002968       $unwind$_onexit            000000018000d968     MSVCRTD:utility.obj
 0002:00002970       $unwind$at_quick_exit      000000018000d970     MSVCRTD:utility.obj
 0002:00002978       $unwind$__scrt_is_nonwritable_in_current_image 000000018000d978     MSVCRTD:utility.obj
 0002:0000299c       $unwind$__scrt_is_nonwritable_in_current_image$filt$0 000000018000d99c     MSVCRTD:utility.obj
 0002:000029a4       $unwind$__scrt_acquire_startup_lock 000000018000d9a4     MSVCRTD:utility.obj
 0002:000029ac       $unwind$__scrt_release_startup_lock 000000018000d9ac     MSVCRTD:utility.obj
 0002:000029b4       $unwind$__scrt_initialize_crt 000000018000d9b4     MSVCRTD:utility.obj
 0002:000029bc       $unwind$__scrt_uninitialize_crt 000000018000d9bc     MSVCRTD:utility.obj
 0002:000029c4       $unwind$__scrt_initialize_onexit_tables 000000018000d9c4     MSVCRTD:utility.obj
 0002:000029d4       $unwind$__scrt_dllmain_exception_filter 000000018000d9d4     MSVCRTD:utility.obj
 0002:000029dc       $unwind$__scrt_dllmain_before_initialize_c 000000018000d9dc     MSVCRTD:utility.obj
 0002:000029e4       $unwind$__scrt_dllmain_after_initialize_c 000000018000d9e4     MSVCRTD:utility.obj
 0002:000029ec       $unwind$__scrt_dllmain_uninitialize_c 000000018000d9ec     MSVCRTD:utility.obj
 0002:000029f4       $unwind$__scrt_dllmain_uninitialize_critical 000000018000d9f4     MSVCRTD:utility.obj
 0002:000029fc       $unwind$__scrt_dllmain_crt_thread_attach 000000018000d9fc     MSVCRTD:utility.obj
 0002:00002a04       $unwind$__scrt_dllmain_crt_thread_detach 000000018000da04     MSVCRTD:utility.obj
 0002:00002a0c       $unwind$?configure_argv@__scrt_narrow_argv_policy@@SAHXZ 000000018000da0c     MSVCRTD:utility.obj
 0002:00002a14       $unwind$?initialize_environment@__scrt_narrow_environment_policy@@SAHXZ 000000018000da14     MSVCRTD:utility.obj
 0002:00002a1c       $unwind$?is_potentially_valid_image_base@@YA_NQEAX@Z 000000018000da1c     MSVCRTD:utility.obj
 0002:00002a24       $unwind$?find_pe_section@@YAPEAU_IMAGE_SECTION_HEADER@@QEAE_K@Z 000000018000da24     MSVCRTD:utility.obj
 0002:00002a2c       $unwind$__scrt_get_show_window_mode 000000018000da2c     MSVCRTD:utility_desktop.obj
 0002:00002a3c       $unwind$__scrt_is_managed_app 000000018000da3c     MSVCRTD:utility_desktop.obj
 0002:00002a44       $unwind$__scrt_initialize_mta 000000018000da44     MSVCRTD:utility_desktop.obj
 0002:00002a4c       $unwind$__scrt_set_unhandled_exception_filter 000000018000da4c     MSVCRTD:utility_desktop.obj
 0002:00002a54       $unwind$__scrt_fastfail    000000018000da54     MSVCRTD:utility_desktop.obj
 0002:00002a64       $unwind$__scrt_unhandled_exception_filter 000000018000da64     MSVCRTD:utility_desktop.obj
 0002:00002a6c       $unwind$_RTC_Initialize    000000018000da6c     MSVCRTD:initsect.obj
 0002:00002a7c       $unwind$_RTC_Terminate     000000018000da7c     MSVCRTD:initsect.obj
 0002:00002a90       $xdatasym                  000000018000da90     MSVCRTD:guard_dispatch.obj
 0002:00002a98       $xdatasym                  000000018000da98     MSVCRTD:guard_xfg_dispatch.obj
 0002:00002a9c       $unwind$__isa_available_init 000000018000da9c     MSVCRTD:cpu_disp.obj
 0002:00002ab0       $unwind$__scrt_is_ucrt_dll_in_use 000000018000dab0     MSVCRTD:ucrt_detection.obj
 0002:00002f60       .edata                     000000018000df60     project.exp
 0002:00002f88       rgpv                       000000018000df88     project.exp
 0002:00002fac       rgszName                   000000018000dfac     project.exp
 0002:00002fd0       rgwOrd                     000000018000dfd0     project.exp
 0002:00002fe2       szName                     000000018000dfe2     project.exp
 0002:00002fee       $N00001                    000000018000dfee     project.exp
 0002:0000300d       $N00002                    000000018000e00d     project.exp
 0002:00003064       $N00003                    000000018000e064     project.exp
 0002:0000307d       $N00004                    000000018000e07d     project.exp
 0002:000030a1       $N00005                    000000018000e0a1     project.exp
 0002:000030b7       $N00006                    000000018000e0b7     project.exp
 0002:000030d4       $N00007                    000000018000e0d4     project.exp
 0002:000030f3       $N00008                    000000018000e0f3     project.exp
 0002:00003107       $N00009                    000000018000e107     project.exp
 0003:000004b0       ?__proc_attached@@3HA      000000018000f4b0     MSVCRTD:dll_dllmain.obj
 0003:000004d0       GS_ExceptionRecord         000000018000f4d0     MSVCRTD:gs_report.obj
 0003:00000570       GS_ContextRecord           000000018000f570     MSVCRTD:gs_report.obj
 0003:00000ba8       ?is_initialized_as_dll@@3_NA 000000018000fba8     MSVCRTD:utility.obj
 0003:00000ba9       ?module_local_atexit_table_initialized@@3_NA 000000018000fba9     MSVCRTD:utility.obj
 0003:00000bb0       ?module_local_atexit_table@@3U_onexit_table_t@@A 000000018000fbb0     MSVCRTD:utility.obj
 0003:00000bc8       ?module_local_at_quick_exit_table@@3U_onexit_table_t@@A 000000018000fbc8     MSVCRTD:utility.obj
 0005:00000d20       .idata$6                   0000000180011d20     VEngine:VEngine.dll
 0005:00000e76       .idata$6                   0000000180011e76     msvcprtd:MSVCP140D.dll
 0005:00001010       .idata$6                   0000000180012010     kernel32:KERNEL32.dll
 0005:000010fc       .idata$6                   00000001800120fc     vcruntimed:VCRUNTIME140D.dll
 0005:0000110e       .idata$6                   000000018001210e     vcruntimed:VCRUNTIME140_1D.dll
 0005:0000127e       .idata$6                   000000018001227e     ucrtd:ucrtbased.dll
